Component: ARM Compiler 5.06 update 4 (build 422) Tool: armlink [4d35d2]

==============================================================================

Section Cross References

    startup_stm32h743xx.o(RESET) refers to startup_stm32h743xx.o(STACK) for __initial_sp
    startup_stm32h743xx.o(RESET) refers to startup_stm32h743xx.o(.text) for Reset_Handler
    startup_stm32h743xx.o(RESET) refers to stm32h7xx_it.o(i.NMI_Handler) for NMI_Handler
    startup_stm32h743xx.o(RESET) refers to cmb_fault.o(.text) for HardFault_Handler
    startup_stm32h743xx.o(RESET) refers to stm32h7xx_it.o(i.MemManage_Handler) for MemManage_Handler
    startup_stm32h743xx.o(RESET) refers to stm32h7xx_it.o(i.BusFault_Handler) for BusFault_Handler
    startup_stm32h743xx.o(RESET) refers to stm32h7xx_it.o(i.UsageFault_Handler) for UsageFault_Handler
    startup_stm32h743xx.o(RESET) refers to port.o(.emb_text) for SVC_Handler
    startup_stm32h743xx.o(RESET) refers to stm32h7xx_it.o(i.DebugMon_Handler) for DebugMon_Handler
    startup_stm32h743xx.o(RESET) refers to stm32h7xx_it.o(i.SysTick_Handler) for SysTick_Handler
    startup_stm32h743xx.o(RESET) refers to bsp_touch_gtxx.o(i.EXTI3_IRQHandler) for EXTI3_IRQHandler
    startup_stm32h743xx.o(RESET) refers to stm32h7xx_it.o(i.SDMMC1_IRQHandler) for SDMMC1_IRQHandler
    startup_stm32h743xx.o(.text) refers to system_stm32h7xx.o(i.SystemInit) for SystemInit
    startup_stm32h743xx.o(.text) refers to entry.o(.ARM.Collect$$$$00000000) for __main
    system_stm32h7xx.o(i.SystemCoreClockUpdate) refers to system_stm32h7xx.o(.data) for .data
    system_stm32h7xx.o(i.SystemCoreClockUpdate) refers to system_stm32h7xx.o(.constdata) for .constdata
    stm32h7xx_hal.o(i.HAL_DeInit) refers to stm32h7xx_hal.o(i.HAL_MspDeInit) for HAL_MspDeInit
    stm32h7xx_hal.o(i.HAL_Delay) refers to core_delay.o(i.HAL_GetTick) for HAL_GetTick
    stm32h7xx_hal.o(i.HAL_Delay) refers to stm32h7xx_hal.o(.data) for .data
    stm32h7xx_hal.o(i.HAL_GetTick) refers to stm32h7xx_hal.o(.data) for .data
    stm32h7xx_hal.o(i.HAL_GetTickFreq) refers to stm32h7xx_hal.o(.data) for .data
    stm32h7xx_hal.o(i.HAL_GetTickPrio) refers to stm32h7xx_hal.o(.data) for .data
    stm32h7xx_hal.o(i.HAL_IncTick) refers to stm32h7xx_hal.o(.data) for .data
    stm32h7xx_hal.o(i.HAL_Init) refers to stm32h7xx_hal_cortex.o(i.HAL_NVIC_SetPriorityGrouping) for HAL_NVIC_SetPriorityGrouping
    stm32h7xx_hal.o(i.HAL_Init) refers to core_delay.o(i.HAL_InitTick) for HAL_InitTick
    stm32h7xx_hal.o(i.HAL_Init) refers to stm32h7xx_hal.o(i.HAL_MspInit) for HAL_MspInit
    stm32h7xx_hal.o(i.HAL_InitTick) refers to stm32h7xx_hal_cortex.o(i.HAL_SYSTICK_Config) for HAL_SYSTICK_Config
    stm32h7xx_hal.o(i.HAL_InitTick) refers to stm32h7xx_hal_cortex.o(i.HAL_NVIC_SetPriority) for HAL_NVIC_SetPriority
    stm32h7xx_hal.o(i.HAL_InitTick) refers to stm32h7xx_hal.o(.data) for .data
    stm32h7xx_hal.o(i.HAL_InitTick) refers to system_stm32h7xx.o(.data) for SystemCoreClock
    stm32h7xx_hal.o(i.HAL_SYSCFG_EnableVREFBUF) refers to core_delay.o(i.HAL_GetTick) for HAL_GetTick
    stm32h7xx_hal.o(i.HAL_SetTickFreq) refers to core_delay.o(i.HAL_InitTick) for HAL_InitTick
    stm32h7xx_hal.o(i.HAL_SetTickFreq) refers to stm32h7xx_hal.o(.data) for .data
    stm32h7xx_hal_cortex.o(i.HAL_NVIC_SetPriority) refers to stm32h7xx_hal_cortex.o(i.__NVIC_SetPriority) for __NVIC_SetPriority
    stm32h7xx_hal_cortex.o(i.HAL_SYSTICK_Config) refers to stm32h7xx_hal_cortex.o(i.__NVIC_SetPriority) for __NVIC_SetPriority
    stm32h7xx_hal_cortex.o(i.HAL_SYSTICK_IRQHandler) refers to stm32h7xx_hal_cortex.o(i.HAL_SYSTICK_Callback) for HAL_SYSTICK_Callback
    stm32h7xx_hal_dma.o(i.DMA_CalcBaseAndBitshift) refers to stm32h7xx_hal_dma.o(.constdata) for .constdata
    stm32h7xx_hal_dma.o(i.HAL_DMA_Abort) refers to core_delay.o(i.HAL_GetTick) for HAL_GetTick
    stm32h7xx_hal_dma.o(i.HAL_DMA_DeInit) refers to stm32h7xx_hal_dma.o(i.DMA_CalcBaseAndBitshift) for DMA_CalcBaseAndBitshift
    stm32h7xx_hal_dma.o(i.HAL_DMA_DeInit) refers to stm32h7xx_hal_dma.o(i.DMA_CalcDMAMUXChannelBaseAndMask) for DMA_CalcDMAMUXChannelBaseAndMask
    stm32h7xx_hal_dma.o(i.HAL_DMA_DeInit) refers to stm32h7xx_hal_dma.o(i.DMA_CalcDMAMUXRequestGenBaseAndMask) for DMA_CalcDMAMUXRequestGenBaseAndMask
    stm32h7xx_hal_dma.o(i.HAL_DMA_IRQHandler) refers to system_stm32h7xx.o(.data) for SystemCoreClock
    stm32h7xx_hal_dma.o(i.HAL_DMA_Init) refers to core_delay.o(i.HAL_GetTick) for HAL_GetTick
    stm32h7xx_hal_dma.o(i.HAL_DMA_Init) refers to stm32h7xx_hal_dma.o(i.DMA_CheckFifoParam) for DMA_CheckFifoParam
    stm32h7xx_hal_dma.o(i.HAL_DMA_Init) refers to stm32h7xx_hal_dma.o(i.DMA_CalcBaseAndBitshift) for DMA_CalcBaseAndBitshift
    stm32h7xx_hal_dma.o(i.HAL_DMA_Init) refers to stm32h7xx_hal_dma.o(i.DMA_CalcDMAMUXChannelBaseAndMask) for DMA_CalcDMAMUXChannelBaseAndMask
[...]
    0x0800ab74   0x00000002   Code   RO         3543    i.HAL_QSPI_MspInit  stm32h7xx_hal_qspi.o
    0x0800ab76   0x000000ce   Code   RO         3544    i.HAL_QSPI_Receive  stm32h7xx_hal_qspi.o
    0x0800ac44   0x00000004   Code   RO         3550    i.HAL_QSPI_SetTimeout  stm32h7xx_hal_qspi.o
    0x0800ac48   0x000000c4   Code   RO         3553    i.HAL_QSPI_Transmit  stm32h7xx_hal_qspi.o
    0x0800ad0c   0x00000034   Code   RO         3879    i.HAL_RCCEx_GetD1SysClockFreq  stm32h7xx_hal_rcc_ex.o
    0x0800ad40   0x0000002c   Code   RO         3880    i.HAL_RCCEx_GetD3PCLK1Freq  stm32h7xx_hal_rcc_ex.o
    0x0800ad6c   0x00000194   Code   RO         3882    i.HAL_RCCEx_GetPLL2ClockFreq  stm32h7xx_hal_rcc_ex.o
    0x0800af00   0x00000194   Code   RO         3883    i.HAL_RCCEx_GetPLL3ClockFreq  stm32h7xx_hal_rcc_ex.o
    0x0800b094   0x000009ec   Code   RO         3887    i.HAL_RCCEx_PeriphCLKConfig  stm32h7xx_hal_rcc_ex.o
    0x0800ba80   0x000001ec   Code   RO         3772    i.HAL_RCC_ClockConfig  stm32h7xx_hal_rcc.o
    0x0800bc6c   0x00000034   Code   RO         3776    i.HAL_RCC_GetHCLKFreq  stm32h7xx_hal_rcc.o
    0x0800bca0   0x0000002c   Code   RO         3778    i.HAL_RCC_GetPCLK1Freq  stm32h7xx_hal_rcc.o
    0x0800bccc   0x0000002c   Code   RO         3779    i.HAL_RCC_GetPCLK2Freq  stm32h7xx_hal_rcc.o
    0x0800bcf8   0x00000188   Code   RO         3780    i.HAL_RCC_GetSysClockFreq  stm32h7xx_hal_rcc.o
    0x0800be80   0x00000578   Code   RO         3783    i.HAL_RCC_OscConfig  stm32h7xx_hal_rcc.o
    0x0800c3f8   0x00000002   Code   RO         4189    i.HAL_SDEx_Read_DMADoubleBuffer0CpltCallback  stm32h7xx_hal_sd.o
    0x0800c3fa   0x00000002   Code   RO         4190    i.HAL_SDEx_Read_DMADoubleBuffer1CpltCallback  stm32h7xx_hal_sd.o
    0x0800c3fc   0x00000002   Code   RO         4191    i.HAL_SDEx_Write_DMADoubleBuffer0CpltCallback  stm32h7xx_hal_sd.o
    0x0800c3fe   0x00000002   Code   RO         4192    i.HAL_SDEx_Write_DMADoubleBuffer1CpltCallback  stm32h7xx_hal_sd.o
    0x0800c400   0x00000054   Code   RO         4491    i.HAL_SDRAM_Init    stm32h7xx_hal_sdram.o
    0x0800c454   0x00000002   Code   RO         4493    i.HAL_SDRAM_MspInit  stm32h7xx_hal_sdram.o
    0x0800c456   0x00000026   Code   RO         4494    i.HAL_SDRAM_ProgramRefreshRate  stm32h7xx_hal_sdram.o
    0x0800c47c   0x00000038   Code   RO         4500    i.HAL_SDRAM_SendCommand  stm32h7xx_hal_sdram.o
    0x0800c4b4   0x000000b8   Code   RO         4196    i.HAL_SD_ConfigWideBusOperation  stm32h7xx_hal_sd.o
    0x0800c56c   0x00000002   Code   RO         4199    i.HAL_SD_ErrorCallback  stm32h7xx_hal_sd.o
    0x0800c56e   0x00000002   PAD
    0x0800c570   0x000001e0   Code   RO         4201    i.HAL_SD_GetCardCSD  stm32h7xx_hal_sd.o
    0x0800c750   0x00000024   Code   RO         4202    i.HAL_SD_GetCardInfo  stm32h7xx_hal_sd.o
    0x0800c774   0x0000002c   Code   RO         4203    i.HAL_SD_GetCardState  stm32h7xx_hal_sd.o
    0x0800c7a0   0x00000214   Code   RO         4207    i.HAL_SD_IRQHandler  stm32h7xx_hal_sd.o
    0x0800c9b4   0x00000050   Code   RO         4208    i.HAL_SD_Init       stm32h7xx_hal_sd.o
    0x0800ca04   0x0000005c   Code   RO         4209    i.HAL_SD_InitCard   stm32h7xx_hal_sd.o
    0x0800ca60   0x00000002   Code   RO         4211    i.HAL_SD_MspInit    stm32h7xx_hal_sd.o
    0x0800ca62   0x00000002   PAD
    0x0800ca64   0x00000100   Code   RO         4213    i.HAL_SD_ReadBlocks_DMA  stm32h7xx_hal_sd.o
    0x0800cb64   0x0000000c   Code   RO         6679    i.HAL_SD_RxCpltCallback  bsp_sdio_sd.o
    0x0800cb70   0x0000000c   Code   RO         6680    i.HAL_SD_TxCpltCallback  bsp_sdio_sd.o
    0x0800cb7c   0x0000011c   Code   RO         4218    i.HAL_SD_WriteBlocks_DMA  stm32h7xx_hal_sd.o
    0x0800cc98   0x00000070   Code   RO         4847    i.HAL_UART_Init     stm32h7xx_hal_uart.o
    0x0800cd08   0x00000002   Code   RO         4849    i.HAL_UART_MspInit  stm32h7xx_hal_uart.o
    0x0800cd0a   0x000000ba   Code   RO         4855    i.HAL_UART_Transmit  stm32h7xx_hal_uart.o
    0x0800cdc4   0x00000004   Code   RO         9408    i.HDC_Lock          emXGUI100_MDK_M7.lib(gui_gdi.o)
    0x0800cdc8   0x00000002   Code   RO         9409    i.HDC_Unlock        emXGUI100_MDK_M7.lib(gui_gdi.o)
    0x0800cdca   0x0000004e   Code   RO        10519    i.HLine             emXGUI100_MDK_M7.lib(gd_line.o)
    0x0800ce18   0x0000001a   Code   RO        10976    i.HuffmanTree_cleanup  libpng_MDK_M7.lib(lodepng.o)
    0x0800ce32   0x0000000a   Code   RO        10977    i.HuffmanTree_init  libpng_MDK_M7.lib(lodepng.o)
    0x0800ce3c   0x000000e0   Code   RO        10978    i.HuffmanTree_make2DTree  libpng_MDK_M7.lib(lodepng.o)
    0x0800cf1c   0x00000042   Code   RO        10979    i.HuffmanTree_makeFromLengths  libpng_MDK_M7.lib(lodepng.o)
    0x0800cf5e   0x000000e2   Code   RO        10980    i.HuffmanTree_makeFromLengths2  libpng_MDK_M7.lib(lodepng.o)
    0x0800d040   0x000000b8   Code   RO         6389    i.I2C_GPIO_Config   bsp_i2c_touch.o
    0x0800d0f8   0x00000044   Code   RO         6390    i.I2C_GTP_IRQDisable  bsp_i2c_touch.o
    0x0800d13c   0x0000004c   Code   RO         6391    i.I2C_GTP_IRQEnable  bsp_i2c_touch.o
    0x0800d188   0x00000046   Code   RO         6392    i.I2C_ReadBytes     bsp_i2c_touch.o
    0x0800d1ce   0x00000002   PAD
    0x0800d1d0   0x0000007c   Code   RO         6393    i.I2C_ResetChip     bsp_i2c_touch.o
    0x0800d24c   0x00000012   Code   RO         6394    i.I2C_Touch_Init    bsp_i2c_touch.o
    0x0800d25e   0x00000044   Code   RO         6528    i.I2C_Transfer      bsp_touch_gtxx.o
    0x0800d2a2   0x00000058   Code   RO         6395    i.I2C_WriteBytes    bsp_i2c_touch.o
    0x0800d2fa   0x00000026   Code   RO         9514    i.InflateRect       emXGUI100_MDK_M7.lib(gui_region.o)
    0x0800d320   0x00000032   Code   RO         9515    i.InflateRectEx     emXGUI100_MDK_M7.lib(gui_region.o)
    0x0800d352   0x00000002   PAD
    0x0800d354   0x000000bc   Code   RO         9410    i.InitDC            emXGUI100_MDK_M7.lib(gui_gdi.o)
    0x0800d410   0x000000de   Code   RO         9516    i.InsertRECT_LL     emXGUI100_MDK_M7.lib(gui_region.o)
    0x0800d4ee   0x0000007c   Code   RO         9517    i.IntersectRect     emXGUI100_MDK_M7.lib(gui_region.o)
    0x0800d56a   0x00000032   Code   RO         9829    i.InvalidateRect    emXGUI100_MDK_M7.lib(gui_window.o)
    0x0800d59c   0x0000003c   Code   RO         9518    i.IsCoveredRect     emXGUI100_MDK_M7.lib(gui_region.o)
    0x0800d5d8   0x0000000c   Code   RO         9411    i.IsEnableAlpha     emXGUI100_MDK_M7.lib(gui_gdi.o)
    0x0800d5e4   0x00000020   Code   RO         9830    i.IsEnableDragWindow  emXGUI100_MDK_M7.lib(gui_window.o)
    0x0800d604   0x00000018   Code   RO         9831    i.IsHWND            emXGUI100_MDK_M7.lib(gui_window.o)
    0x0800d61c   0x0000000c   Code   RO         9412    i.IsMemDC           emXGUI100_MDK_M7.lib(gui_gdi.o)
    0x0800d628   0x00000018   Code   RO         9521    i.IsRectEmpty       emXGUI100_MDK_M7.lib(gui_region.o)
    0x0800d640   0x00000036   Code   RO         9832    i.IsWindowEnabled   emXGUI100_MDK_M7.lib(gui_window.o)
    0x0800d676   0x00000002   PAD
    0x0800d678   0x00000100   Code   RO         9216    i.Is_Ignore         backend_res_writer.o
    0x0800d778   0x00000020   Code   RO         6288    i.LCD_BackLed_Control  bsp_lcd.o
    0x0800d798   0x00000004   Code   RO         8821    i.LCD_BkLight       gui_lcd_port.o
    0x0800d79c   0x00000024   Code   RO         6289    i.LCD_ClockConfig   bsp_lcd.o
    0x0800d7c0   0x000003d0   Code   RO         6290    i.LCD_GPIO_Config   bsp_lcd.o
    0x0800db90   0x00000008   Code   RO         8822    i.LCD_HardInit      gui_lcd_port.o
    0x0800db98   0x0000010c   Code   RO         6291    i.LCD_Init          bsp_lcd.o
    0x0800dca4   0x0000006c   Code   RO         6292    i.LCD_LayerInit     bsp_lcd.o
    0x0800dd10   0x00000080   Code   RO         6162    i.LED_GPIO_Config   bsp_led.o
    0x0800dd90   0x0000015e   Code   RO         2392    i.LTDC_SetConfig    stm32h7xx_hal_ltdc.o
    0x0800deee   0x00000336   Code   RO        10520    i.Line              emXGUI100_MDK_M7.lib(gd_line.o)
    0x0800e224   0x00000058   Code   RO        10981    i.LodePNGIText_cleanup  libpng_MDK_M7.lib(lodepng.o)
    0x0800e27c   0x0000000e   Code   RO        10983    i.LodePNGIText_init  libpng_MDK_M7.lib(lodepng.o)
    0x0800e28a   0x00000038   Code   RO        10984    i.LodePNGText_cleanup  libpng_MDK_M7.lib(lodepng.o)
    0x0800e2c2   0x0000000a   Code   RO        10986    i.LodePNGText_init  libpng_MDK_M7.lib(lodepng.o)
    0x0800e2cc   0x0000001a   Code   RO        10987    i.LodePNGUnknownChunks_cleanup  libpng_MDK_M7.lib(lodepng.o)
    0x0800e2e6   0x00000024   Code   RO        10989    i.LodePNGUnknownChunks_init  libpng_MDK_M7.lib(lodepng.o)
    0x0800e30a   0x00000148   Code   RO         9523    i.MakeProgressRect  emXGUI100_MDK_M7.lib(gui_region.o)
    0x0800e452   0x00000002   PAD
    0x0800e454   0x00000534   Code   RO         9217    i.Make_Catalog      backend_res_writer.o
    0x0800e988   0x0000000a   Code   RO         9419    i.MapARGB8888       emXGUI100_MDK_M7.lib(gui_gdi.o)
    0x0800e992   0x00000018   Code   RO         9420    i.MapRGB            emXGUI100_MDK_M7.lib(gui_gdi.o)
    0x0800e9aa   0x0000000a   Code   RO         9425    i.MapXRGB8888       emXGUI100_MDK_M7.lib(gui_gdi.o)
    0x0800e9b4   0x00000002   Code   RO         6082    i.MemManage_Handler  stm32h7xx_it.o
    0x0800e9b6   0x00000002   PAD
    0x0800e9b8   0x00000280   Code   RO         9718    i.MouseEventHandler  emXGUI100_MDK_M7.lib(gui_input.o)
    0x0800ec38   0x000000cc   Code   RO         9719    i.MouseInput        emXGUI100_MDK_M7.lib(gui_input.o)
    0x0800ed04   0x000001b0   Code   RO         9720    i.MouseInputHandler  emXGUI100_MDK_M7.lib(gui_input.o)
    0x0800eeb4   0x00000002   Code   RO         6083    i.NMI_Handler       stm32h7xx_it.o
    0x0800eeb6   0x00000024   Code   RO         9740    i.NotifyParent      emXGUI100_MDK_M7.lib(gui_message.o)
    0x0800eeda   0x0000002a   Code   RO         9741    i.NotifyParentEx    emXGUI100_MDK_M7.lib(gui_message.o)
    0x0800ef04   0x00000014   Code   RO         9524    i.OffsetRect        emXGUI100_MDK_M7.lib(gui_region.o)
    0x0800ef18   0x0000001a   Code   RO        10435    i.PNG_Close         libpng_MDK_M7.lib(lodepng_app.o)
    0x0800ef32   0x0000003e   Code   RO        10437    i.PNG_GetBitmap     libpng_MDK_M7.lib(lodepng_app.o)
    0x0800ef70   0x00000060   Code   RO        10438    i.PNG_Open          libpng_MDK_M7.lib(lodepng_app.o)
    0x0800efd0   0x00000186   Code   RO         9742    i.PeekMessage       emXGUI100_MDK_M7.lib(gui_message.o)
    0x0800f156   0x00000076   Code   RO        10522    i.PolyLine          emXGUI100_MDK_M7.lib(gd_line.o)
    0x0800f1cc   0x0000003a   Code   RO         9744    i.PostCloseMessage  emXGUI100_MDK_M7.lib(gui_message.o)
    0x0800f206   0x00000126   Code   RO         9745    i.PostMessage       emXGUI100_MDK_M7.lib(gui_message.o)
    0x0800f32c   0x00000036   Code   RO         9746    i.PostQuitMessage   emXGUI100_MDK_M7.lib(gui_message.o)
    0x0800f362   0x0000000e   Code   RO         9526    i.PtInRect          emXGUI100_MDK_M7.lib(gui_region.o)
    0x0800f370   0x00000050   Code   RO         6790    i.QSPI_AutoPollingMemReady  bsp_qspi_flash.o
    0x0800f3c0   0x00000216   Code   RO         3558    i.QSPI_Config       stm32h7xx_hal_qspi.o
    0x0800f5d6   0x00000002   PAD
    0x0800f5d8   0x0000015c   Code   RO         6791    i.QSPI_FLASH_Init   bsp_qspi_flash.o
    0x0800f734   0x0000005c   Code   RO         6796    i.QSPI_ResetMemory  bsp_qspi_flash.o
    0x0800f790   0x0000004c   Code   RO         3563    i.QSPI_WaitFlagStateUntilTimeout  stm32h7xx_hal_qspi.o
    0x0800f7dc   0x0000006c   Code   RO         6799    i.QSPI_WriteEnable  bsp_qspi_flash.o
    0x0800f848   0x000000d4   Code   RO         3890    i.RCCEx_PLL2_Config  stm32h7xx_hal_rcc_ex.o
    0x0800f91c   0x000000d4   Code   RO         3891    i.RCCEx_PLL3_Config  stm32h7xx_hal_rcc_ex.o
    0x0800f9f0   0x00000004   Code   RO         9528    i.RECT_LLAddRect    emXGUI100_MDK_M7.lib(gui_region.o)
    0x0800f9f4   0x0000001c   Code   RO         8977    i.RES_DevInit       gui_resource_port.o
    0x0800fa10   0x00000030   Code   RO         8978    i.RES_DevRead       gui_resource_port.o
    0x0800fa40   0x00000046   Code   RO         8980    i.RES_GetInfo_AbsAddr  gui_resource_port.o
    0x0800fa86   0x00000042   Code   RO         8981    i.RES_GetOffset     gui_resource_port.o
    0x0800fac8   0x00000034   Code   RO        10490    i.RGB32_AVG         emXGUI100_MDK_M7.lib(gui_core.o)
    0x0800fafc   0x00000046   Code   RO        10491    i.RGB32_Offset      emXGUI100_MDK_M7.lib(gui_core.o)
    0x0800fb42   0x000000ee   Code   RO         9532    i.RGN_SubtractRect  emXGUI100_MDK_M7.lib(gui_region.o)
    0x0800fc30   0x000000f4   Code   RO         9218    i.Read_CatalogInfo  backend_res_writer.o
    0x0800fd24   0x00000018   Code   RO         9836    i.ReleaseCapture    emXGUI100_MDK_M7.lib(gui_window.o)
    0x0800fd3c   0x00000174   Code   RO         9837    i.ReleaseDC         emXGUI100_MDK_M7.lib(gui_window.o)
    0x0800feb0   0x00000024   Code   RO         6989    i.SCB_CleanDCache_by_Addr  diskio.o
    0x0800fed4   0x00000024   Code   RO         6990    i.SCB_InvalidateDCache_by_Addr  diskio.o
    0x0800fef8   0x00000028   Code   RO         6084    i.SDMMC1_IRQHandler  stm32h7xx_it.o
    0x0800ff20   0x00000034   Code   RO         5675    i.SDMMC_CmdAppCommand  stm32h7xx_ll_sdmmc.o
    0x0800ff54   0x0000002e   Code   RO         5676    i.SDMMC_CmdAppOperCommand  stm32h7xx_ll_sdmmc.o
    0x0800ff82   0x00000032   Code   RO         5677    i.SDMMC_CmdBlockLength  stm32h7xx_ll_sdmmc.o
    0x0800ffb4   0x00000034   Code   RO         5678    i.SDMMC_CmdBusWidth  stm32h7xx_ll_sdmmc.o
    0x0800ffe8   0x00000028   Code   RO         5682    i.SDMMC_CmdGoIdleState  stm32h7xx_ll_sdmmc.o
    0x08010010   0x00000030   Code   RO         5684    i.SDMMC_CmdOperCond  stm32h7xx_ll_sdmmc.o
    0x08010040   0x00000034   Code   RO         5685    i.SDMMC_CmdReadMultiBlock  stm32h7xx_ll_sdmmc.o
    0x08010074   0x00000034   Code   RO         5686    i.SDMMC_CmdReadSingleBlock  stm32h7xx_ll_sdmmc.o
    0x080100a8   0x00000034   Code   RO         5689    i.SDMMC_CmdSelDesel  stm32h7xx_ll_sdmmc.o
    0x080100dc   0x0000002e   Code   RO         5690    i.SDMMC_CmdSendCID  stm32h7xx_ll_sdmmc.o
    0x0801010a   0x0000002e   Code   RO         5691    i.SDMMC_CmdSendCSD  stm32h7xx_ll_sdmmc.o
    0x08010138   0x00000032   Code   RO         5693    i.SDMMC_CmdSendSCR  stm32h7xx_ll_sdmmc.o
    0x0801016a   0x00000034   Code   RO         5694    i.SDMMC_CmdSendStatus  stm32h7xx_ll_sdmmc.o
    0x0801019e   0x00000032   Code   RO         5695    i.SDMMC_CmdSetRelAdd  stm32h7xx_ll_sdmmc.o
    0x080101d0   0x00000034   Code   RO         5697    i.SDMMC_CmdStopTransfer  stm32h7xx_ll_sdmmc.o
    0x08010204   0x00000034   Code   RO         5700    i.SDMMC_CmdWriteMultiBlock  stm32h7xx_ll_sdmmc.o
    0x08010238   0x00000034   Code   RO         5701    i.SDMMC_CmdWriteSingleBlock  stm32h7xx_ll_sdmmc.o
    0x0801026c   0x00000024   Code   RO         5702    i.SDMMC_ConfigData  stm32h7xx_ll_sdmmc.o
    0x08010290   0x00000034   Code   RO         5703    i.SDMMC_GetCmdError  stm32h7xx_ll_sdmmc.o
    0x080102c4   0x0000011c   Code   RO         5704    i.SDMMC_GetCmdResp1  stm32h7xx_ll_sdmmc.o
    0x080103e0   0x00000054   Code   RO         5705    i.SDMMC_GetCmdResp2  stm32h7xx_ll_sdmmc.o
    0x08010434   0x00000044   Code   RO         5706    i.SDMMC_GetCmdResp3  stm32h7xx_ll_sdmmc.o
    0x08010478   0x0000008c   Code   RO         5707    i.SDMMC_GetCmdResp6  stm32h7xx_ll_sdmmc.o
    0x08010504   0x00000048   Code   RO         5708    i.SDMMC_GetCmdResp7  stm32h7xx_ll_sdmmc.o
    0x0801054c   0x00000006   Code   RO         5709    i.SDMMC_GetCommandResponse  stm32h7xx_ll_sdmmc.o
    0x08010552   0x00000008   Code   RO         5712    i.SDMMC_GetPowerState  stm32h7xx_ll_sdmmc.o
    0x0801055a   0x0000000e   Code   RO         5713    i.SDMMC_GetResponse  stm32h7xx_ll_sdmmc.o
    0x08010568   0x00000028   Code   RO         5714    i.SDMMC_Init        stm32h7xx_ll_sdmmc.o
    0x08010590   0x00000014   Code   RO         5716    i.SDMMC_PowerState_ON  stm32h7xx_ll_sdmmc.o
    0x080105a4   0x00000006   Code   RO         5717    i.SDMMC_ReadFIFO    stm32h7xx_ll_sdmmc.o
    0x080105aa   0x00000022   Code   RO         5718    i.SDMMC_SendCommand  stm32h7xx_ll_sdmmc.o
    0x080105cc   0x0000000a   Code   RO         5720    i.SDMMC_WriteFIFO   stm32h7xx_ll_sdmmc.o
    0x080105d6   0x00000002   PAD
    0x080105d8   0x00000684   Code   RO         6228    i.SDRAM_GPIO_Config  bsp_sdram.o
    0x08010c5c   0x0000009c   Code   RO         6229    i.SDRAM_Init        bsp_sdram.o
    0x08010cf8   0x00000084   Code   RO         6230    i.SDRAM_InitSequence  bsp_sdram.o
    0x08010d7c   0x00000020   Code   RO         6234    i.SDRAM_delay       bsp_sdram.o
    0x08010d9c   0x00000118   Code   RO         4220    i.SD_FindSCR        stm32h7xx_hal_sd.o
    0x08010eb4   0x000000ce   Code   RO         4221    i.SD_InitCard       stm32h7xx_hal_sd.o
    0x08010f82   0x00000002   PAD
    0x08010f84   0x00000098   Code   RO         4223    i.SD_PowerON        stm32h7xx_hal_sd.o
    0x0801101c   0x00000022   Code   RO         4224    i.SD_Read_IT        stm32h7xx_hal_sd.o
    0x0801103e   0x0000002e   Code   RO         4226    i.SD_SendStatus     stm32h7xx_hal_sd.o
    0x0801106c   0x0000004e   Code   RO         4227    i.SD_WideBus_Disable  stm32h7xx_hal_sd.o
    0x080110ba   0x00000052   Code   RO         4228    i.SD_WideBus_Enable  stm32h7xx_hal_sd.o
    0x0801110c   0x00000022   Code   RO         4229    i.SD_Write_IT       stm32h7xx_hal_sd.o
    0x0801112e   0x00000002   PAD
    0x08011130   0x000000c4   Code   RO         6800    i.SPI_FLASH_BulkErase_GUI  bsp_qspi_flash.o
    0x080111f4   0x00000004   Code   RO         6801    i.SPI_FLASH_WriteEnable  bsp_qspi_flash.o
    0x080111f8   0x00000074   Code   RO         6802    i.SPI_TIMEOUT_UserCallback  bsp_qspi_flash.o
    0x0801126c   0x00000028   Code   RO         9838    i.ScreenToClient    emXGUI100_MDK_M7.lib(gui_window.o)
    0x08011294   0x00000040   Code   RO         9839    i.ScreenToWindow    emXGUI100_MDK_M7.lib(gui_window.o)
    0x080112d4   0x0000009e   Code   RO         9747    i.SendMessage       emXGUI100_MDK_M7.lib(gui_message.o)
    0x08011372   0x00000008   Code   RO         9430    i.SetBrushColor     emXGUI100_MDK_M7.lib(gui_gdi.o)
    0x0801137a   0x00000002   PAD
    0x0801137c   0x0000001c   Code   RO         9840    i.SetCapture        emXGUI100_MDK_M7.lib(gui_window.o)
    0x08011398   0x0000001c   Code   RO         9351    i.SetCursorPos      emXGUI100_MDK_M7.lib(gui_cursor.o)
    0x080113b4   0x00000050   Code   RO         9841    i.SetFocus          emXGUI100_MDK_M7.lib(gui_window.o)
    0x08011404   0x00000024   Code   RO         9368    i.SetFont           emXGUI100_MDK_M7.lib(gui_font.o)
    0x08011428   0x00000174   Code   RO         9842    i.SetForegroundWindow  emXGUI100_MDK_M7.lib(gui_window.o)
    0x0801159c   0x00000008   Code   RO         9433    i.SetPenColor       emXGUI100_MDK_M7.lib(gui_gdi.o)
    0x080115a4   0x00000004   Code   RO        10549    i.SetPixel          emXGUI100_MDK_M7.lib(gd_pixel.o)
    0x080115a8   0x00000012   Code   RO         9541    i.SetRectEmpty      emXGUI100_MDK_M7.lib(gui_region.o)
    0x080115ba   0x00000008   Code   RO         9437    i.SetTextColor      emXGUI100_MDK_M7.lib(gui_gdi.o)
    0x080115c2   0x00000002   PAD
    0x080115c4   0x000000d4   Code   RO         9781    i.SetTimer          emXGUI100_MDK_M7.lib(gui_timer.o)
    0x08011698   0x000000da   Code   RO         9847    i.SetWindowLong     emXGUI100_MDK_M7.lib(gui_window.o)
    0x08011772   0x0000003e   Code   RO         9848    i.SetWindowPos      emXGUI100_MDK_M7.lib(gui_window.o)
    0x080117b0   0x00000012   Code   RO         9850    i.SetWindowText     emXGUI100_MDK_M7.lib(gui_window.o)
    0x080117c2   0x00000018   Code   RO         9352    i.ShowCursor        emXGUI100_MDK_M7.lib(gui_cursor.o)
    0x080117da   0x00000088   Code   RO         9852    i.ShowWindow        emXGUI100_MDK_M7.lib(gui_window.o)
    0x08011862   0x00000104   Code   RO         9544    i.SubtractRectEx    emXGUI100_MDK_M7.lib(gui_region.o)
    0x08011966   0x00000002   PAD
    0x08011968   0x00000020   Code   RO        10589    i.SurfaceInit_ARGB4444  emXGUI100_MDK_M7.lib(surface_argb4444.o)
    0x08011988   0x00000020   Code   RO        10605    i.SurfaceInit_ARGB8888  emXGUI100_MDK_M7.lib(surface_argb8888.o)
    0x080119a8   0x00000020   Code   RO        10628    i.SurfaceInit_RGB332  emXGUI100_MDK_M7.lib(surface_rgb332.o)
    0x080119c8   0x00000020   Code   RO        10651    i.SurfaceInit_RGB565  emXGUI100_MDK_M7.lib(surface_rgb565.o)
    0x080119e8   0x00000020   Code   RO        10674    i.SurfaceInit_XRGB8888  emXGUI100_MDK_M7.lib(surface_xrgb8888.o)
    0x08011a08   0x00000014   Code   RO         6085    i.SysTick_Handler   stm32h7xx_it.o
    0x08011a1c   0x00000088   Code   RO         5966    i.SystemClock_Config  main.o
    0x08011aa4   0x00000084   Code   RO           14    i.SystemInit        system_stm32h7xx.o
    0x08011b28   0x00000040   Code   RO         9706    i.TextOut           emXGUI100_MDK_M7.lib(gd_text.o)
    0x08011b68   0x0000000a   Code   RO         9438    i.ToARGB            emXGUI100_MDK_M7.lib(gui_gdi.o)
    0x08011b72   0x00000002   PAD
    0x08011b74   0x0000002c   Code   RO         9086    i.TouchDev_GetPoint  gui_touch_port.o
    0x08011ba0   0x00000010   Code   RO         9087    i.TouchDev_Init     gui_touch_port.o
    0x08011bb0   0x00000054   Code   RO         9748    i.TranslateMessage  emXGUI100_MDK_M7.lib(gui_message.o)
    0x08011c04   0x000000c8   Code   RO         4860    i.UART_AdvFeatureConfig  stm32h7xx_hal_uart.o
    0x08011ccc   0x0000005c   Code   RO         4861    i.UART_CheckIdleState  stm32h7xx_hal_uart.o
    0x08011d28   0x00000736   Code   RO         4876    i.UART_SetConfig    stm32h7xx_hal_uart.o
    0x0801245e   0x00000064   Code   RO         4878    i.UART_WaitOnFlagUntilTimeout  stm32h7xx_hal_uart.o
    0x080124c2   0x00000002   PAD
    0x080124c4   0x000000a0   Code   RO         6186    i.UARTx_Config      bsp_usart.o
    0x08012564   0x0000002a   Code   RO         9853    i.UpdateWindow      emXGUI100_MDK_M7.lib(gui_window.o)
    0x0801258e   0x00000002   Code   RO         6086    i.UsageFault_Handler  stm32h7xx_it.o
    0x08012590   0x0000004c   Code   RO        10523    i.VLine             emXGUI100_MDK_M7.lib(gd_line.o)
    0x080125dc   0x00000044   Code   RO         6686    i.WIFI_PDN_INIT     bsp_sdio_sd.o
    0x08012620   0x00000024   Code   RO         9856    i.WIN_Lock          emXGUI100_MDK_M7.lib(gui_window.o)
    0x08012644   0x0000003c   Code   RO         9857    i.WIN_Unlock        emXGUI100_MDK_M7.lib(gui_window.o)
    0x08012680   0x0000000c   Code   RO         9642    i.XFT_CreateFont    emXGUI100_MDK_M7.lib(gui_font_xft.o)
    0x0801268c   0x00000134   Code   RO         9617    i.X_GUI_Init        emXGUI100_MDK_M7.lib(x_gui.o)
    0x080127c0   0x00000062   Code   RO        10550    i.XorPixel          emXGUI100_MDK_M7.lib(gd_pixel.o)
    0x08012822   0x0000015a   Code   RO         9859    i._CalculateWindowClipRgn  emXGUI100_MDK_M7.lib(gui_window.o)
    0x0801297c   0x0000002a   Code   RO         9860    i._ClientToScreen   emXGUI100_MDK_M7.lib(gui_window.o)
    0x080129a6   0x00000012   Code   RO         9547    i._CopyRect         emXGUI100_MDK_M7.lib(gui_region.o)
    0x080129b8   0x000000b0   Code   RO        10010    i._CursorHide       emXGUI100_MDK_M7.lib(gl_cursor.o)
    0x08012a68   0x0000009c   Code   RO        10011    i._CursorShow       emXGUI100_MDK_M7.lib(gl_cursor.o)
    0x08012b04   0x0000027c   Code   RO        10512    i._DrawArc          emXGUI100_MDK_M7.lib(gd_arc.o)
    0x08012d80   0x00000024   Code   RO         9369    i._DrawChar         emXGUI100_MDK_M7.lib(gui_font.o)
    0x08012da4   0x0000017e   Code   RO         9683    i._DrawRoundRect1   emXGUI100_MDK_M7.lib(gd_rect.o)
    0x08012f22   0x000000f4   Code   RO         9684    i._DrawRoundRectEx  emXGUI100_MDK_M7.lib(gd_rect.o)
    0x08013016   0x0000006a   Code   RO         9707    i._DrawString       emXGUI100_MDK_M7.lib(gd_text.o)
    0x08013080   0x000000e8   Code   RO         9123    i._EraseBackgnd     gui_desktop.o
    0x08013168   0x000000a4   Code   RO        11248    i._FillPolygon      emXGUI100_MDK_M7.lib(gd_polygon.o)
    0x0801320c   0x000001a4   Code   RO        10567    i._FlushLine        emXGUI100_MDK_M7.lib(gui_aa_core.o)
    0x080133b0   0x0000001e   Code   RO        10606    i._GetARGB          emXGUI100_MDK_M7.lib(surface_argb8888.o)
    0x080133ce   0x00000024   Code   RO        10629    i._GetARGB          emXGUI100_MDK_M7.lib(surface_rgb332.o)
    0x080133f2   0x0000002a   Code   RO        10652    i._GetARGB          emXGUI100_MDK_M7.lib(surface_rgb565.o)
    0x0801341c   0x0000001e   Code   RO        10675    i._GetARGB          emXGUI100_MDK_M7.lib(surface_xrgb8888.o)
    0x0801343a   0x0000005a   Code   RO         9865    i._GetCaptionRect   emXGUI100_MDK_M7.lib(gui_window.o)
    0x08013494   0x00000054   Code   RO         9867    i._GetCloseBoxRect  emXGUI100_MDK_M7.lib(gui_window.o)
    0x080134e8   0x0000000a   Code   RO         9371    i._GetFontInfo      emXGUI100_MDK_M7.lib(gui_font.o)
    0x080134f2   0x00000010   Code   RO        10607    i._GetRGB           emXGUI100_MDK_M7.lib(surface_argb8888.o)
    0x08013502   0x00000018   Code   RO        10630    i._GetRGB           emXGUI100_MDK_M7.lib(surface_rgb332.o)
    0x0801351a   0x00000022   Code   RO        10653    i._GetRGB           emXGUI100_MDK_M7.lib(surface_rgb565.o)
    0x0801353c   0x00000010   Code   RO        10676    i._GetRGB           emXGUI100_MDK_M7.lib(surface_xrgb8888.o)
    0x0801354c   0x00000076   Code   RO         9869    i._GetWindow        emXGUI100_MDK_M7.lib(gui_window.o)
    0x080135c2   0x000000a2   Code   RO         9870    i._GetWindowClipRgn  emXGUI100_MDK_M7.lib(gui_window.o)
    0x08013664   0x0000009a   Code   RO         9871    i._GetWindowFromPoint  emXGUI100_MDK_M7.lib(gui_window.o)
    0x080136fe   0x00000012   Code   RO         9872    i._GetWindowRect    emXGUI100_MDK_M7.lib(gui_window.o)
    0x08013710   0x000000e8   Code   RO         9873    i._HideWindow       emXGUI100_MDK_M7.lib(gui_window.o)
    0x080137f8   0x0000001e   Code   RO         9548    i._InflateRect      emXGUI100_MDK_M7.lib(gui_region.o)
    0x08013816   0x00000002   PAD
    0x08013818   0x00000138   Code   RO         9874    i._InitWindow       emXGUI100_MDK_M7.lib(gui_window.o)
    0x08013950   0x00000114   Code   RO         9875    i._InsertInvRect    emXGUI100_MDK_M7.lib(gui_window.o)
    0x08013a64   0x00000072   Code   RO         9549    i._IntersectRect    emXGUI100_MDK_M7.lib(gui_region.o)
    0x08013ad6   0x0000000c   Code   RO         9876    i._IsChild          emXGUI100_MDK_M7.lib(gui_window.o)
    0x08013ae2   0x0000000e   Code   RO        10568    i._IsEnableAA       emXGUI100_MDK_M7.lib(gui_aa_core.o)
    0x08013af0   0x0000003e   Code   RO         9550    i._IsIntersectRect  emXGUI100_MDK_M7.lib(gui_region.o)
    0x08013b2e   0x0000001c   Code   RO         9881    i._IsWindowVisible  emXGUI100_MDK_M7.lib(gui_window.o)
    0x08013b4a   0x00000040   Code   RO         9442    i._LPtoDP           emXGUI100_MDK_M7.lib(gui_gdi.o)
    0x08013b8a   0x0000000e   Code   RO        10608    i._MapARGB          emXGUI100_MDK_M7.lib(surface_argb8888.o)
    0x08013b98   0x00000010   Code   RO        10631    i._MapARGB          emXGUI100_MDK_M7.lib(surface_rgb332.o)
    0x08013ba8   0x00000010   Code   RO        10654    i._MapARGB          emXGUI100_MDK_M7.lib(surface_rgb565.o)
    0x08013bb8   0x0000000e   Code   RO        10677    i._MapARGB          emXGUI100_MDK_M7.lib(surface_xrgb8888.o)
    0x08013bc6   0x0000000e   Code   RO        10609    i._MapRGB           emXGUI100_MDK_M7.lib(surface_argb8888.o)
    0x08013bd4   0x00000010   Code   RO        10632    i._MapRGB           emXGUI100_MDK_M7.lib(surface_rgb332.o)
    0x08013be4   0x00000010   Code   RO        10655    i._MapRGB           emXGUI100_MDK_M7.lib(surface_rgb565.o)
    0x08013bf4   0x0000000a   Code   RO        10678    i._MapRGB           emXGUI100_MDK_M7.lib(surface_xrgb8888.o)
    0x08013bfe   0x0000001c   Code   RO        10610    i._MapRGB332        emXGUI100_MDK_M7.lib(surface_argb8888.o)
    0x08013c1a   0x00000002   Code   RO        10633    i._MapRGB332        emXGUI100_MDK_M7.lib(surface_rgb332.o)
    0x08013c1c   0x0000001e   Code   RO        10656    i._MapRGB332        emXGUI100_MDK_M7.lib(surface_rgb565.o)
    0x08013c3a   0x00000018   Code   RO        10679    i._MapRGB332        emXGUI100_MDK_M7.lib(surface_xrgb8888.o)
    0x08013c52   0x0000001e   Code   RO        10611    i._MapRGB565        emXGUI100_MDK_M7.lib(surface_argb8888.o)
    0x08013c70   0x00000016   Code   RO        10634    i._MapRGB565        emXGUI100_MDK_M7.lib(surface_rgb332.o)
    0x08013c86   0x00000002   Code   RO        10657    i._MapRGB565        emXGUI100_MDK_M7.lib(surface_rgb565.o)
    0x08013c88   0x0000001a   Code   RO        10680    i._MapRGB565        emXGUI100_MDK_M7.lib(surface_xrgb8888.o)
    0x08013ca2   0x0000001c   Code   RO        10612    i._MapXRGB1555      emXGUI100_MDK_M7.lib(surface_argb8888.o)
    0x08013cbe   0x00000016   Code   RO        10635    i._MapXRGB1555      emXGUI100_MDK_M7.lib(surface_rgb332.o)
    0x08013cd4   0x00000018   Code   RO        10658    i._MapXRGB1555      emXGUI100_MDK_M7.lib(surface_rgb565.o)
    0x08013cec   0x00000018   Code   RO        10681    i._MapXRGB1555      emXGUI100_MDK_M7.lib(surface_xrgb8888.o)
    0x08013d04   0x0000001c   Code   RO        10613    i._MapXRGB4444      emXGUI100_MDK_M7.lib(surface_argb8888.o)
    0x08013d20   0x00000016   Code   RO        10636    i._MapXRGB4444      emXGUI100_MDK_M7.lib(surface_rgb332.o)
    0x08013d36   0x00000018   Code   RO        10659    i._MapXRGB4444      emXGUI100_MDK_M7.lib(surface_rgb565.o)
    0x08013d4e   0x00000018   Code   RO        10682    i._MapXRGB4444      emXGUI100_MDK_M7.lib(surface_xrgb8888.o)
    0x08013d66   0x00000006   Code   RO        10614    i._MapXRGB8888      emXGUI100_MDK_M7.lib(surface_argb8888.o)
    0x08013d6c   0x00000016   Code   RO        10637    i._MapXRGB8888      emXGUI100_MDK_M7.lib(surface_rgb332.o)
    0x08013d82   0x00000016   Code   RO        10660    i._MapXRGB8888      emXGUI100_MDK_M7.lib(surface_rgb565.o)
    0x08013d98   0x00000002   Code   RO        10683    i._MapXRGB8888      emXGUI100_MDK_M7.lib(surface_xrgb8888.o)
    0x08013d9a   0x0000000e   Code   RO         9551    i._OffsetRect       emXGUI100_MDK_M7.lib(gui_region.o)
    0x08013da8   0x00000046   Code   RO         9882    i._OffsetWindowRect  emXGUI100_MDK_M7.lib(gui_window.o)
    0x08013dee   0x0000003a   Code   RO         9553    i._PosInRgn         emXGUI100_MDK_M7.lib(gui_region.o)
    0x08013e28   0x00000058   Code   RO         9750    i._PostFlushMessage  emXGUI100_MDK_M7.lib(gui_message.o)
    0x08013e80   0x0000002a   Code   RO         9752    i._PostNCPaintMessage  emXGUI100_MDK_M7.lib(gui_message.o)
    0x08013eaa   0x00000020   Code   RO         9753    i._PostPaintMessage  emXGUI100_MDK_M7.lib(gui_message.o)
    0x08013eca   0x0000002a   Code   RO         9554    i._PtInRect         emXGUI100_MDK_M7.lib(gui_region.o)
    0x08013ef4   0x00000136   Code   RO         9883    i._RedrawWindow     emXGUI100_MDK_M7.lib(gui_window.o)
    0x0801402a   0x0000002e   Code   RO         9884    i._ScreenToClient   emXGUI100_MDK_M7.lib(gui_window.o)
    0x08014058   0x0000002e   Code   RO         9885    i._ScreenToWindow   emXGUI100_MDK_M7.lib(gui_window.o)
    0x08014086   0x00000032   Code   RO         9886    i._SendMessage_WM_MOVE_AllChild  emXGUI100_MDK_M7.lib(gui_window.o)
    0x080140b8   0x00000032   Code   RO         9887    i._SendMessage_WM_SIZE_AllChild  emXGUI100_MDK_M7.lib(gui_window.o)
    0x080140ea   0x0000004a   Code   RO         9444    i._SetDrawRect      emXGUI100_MDK_M7.lib(gui_gdi.o)
    0x08014134   0x0000000c   Code   RO         9556    i._SetRectEmpty     emXGUI100_MDK_M7.lib(gui_region.o)
    0x08014140   0x0000008c   Code   RO         9888    i._SetWindowClipFlag  emXGUI100_MDK_M7.lib(gui_window.o)
    0x080141cc   0x00000338   Code   RO         9890    i._SetWindowPos     emXGUI100_MDK_M7.lib(gui_window.o)
    0x08014504   0x0000009a   Code   RO         9891    i._SetWindowSize    emXGUI100_MDK_M7.lib(gui_window.o)
    0x0801459e   0x00000002   PAD
    0x080145a0   0x00000054   Code   RO         9892    i._SetWindowToTop   emXGUI100_MDK_M7.lib(gui_window.o)
    0x080145f4   0x00000040   Code   RO         9893    i._ShowWindow       emXGUI100_MDK_M7.lib(gui_window.o)
    0x08014634   0x00000002   Code   RO        10615    i._ToARGB           emXGUI100_MDK_M7.lib(surface_argb8888.o)
    0x08014636   0x0000001c   Code   RO        10638    i._ToARGB           emXGUI100_MDK_M7.lib(surface_rgb332.o)
    0x08014652   0x0000001e   Code   RO        10661    i._ToARGB           emXGUI100_MDK_M7.lib(surface_rgb565.o)
    0x08014670   0x00000002   Code   RO        10684    i._ToARGB           emXGUI100_MDK_M7.lib(surface_xrgb8888.o)
    0x08014672   0x00000002   PAD
    0x08014674   0x00000078   Code   RO         9894    i._WindowCleanup    emXGUI100_MDK_M7.lib(gui_window.o)
    0x080146ec   0x0000002a   Code   RO         9895    i._WindowToScreen   emXGUI100_MDK_M7.lib(gui_window.o)
    0x08014716   0x00000002   PAD
    0x08014718   0x000001c4   Code   RO        10524    i._Wu_DrawBoldLine  emXGUI100_MDK_M7.lib(gd_line.o)
    0x080148dc   0x00000150   Code   RO        11317    i._Wu_DrawCircle    emXGUI100_MDK_M7.lib(gd_circle.o)
    0x08014a2c   0x0000013c   Code   RO        10525    i._Wu_DrawLine      emXGUI100_MDK_M7.lib(gd_line.o)
    0x08014b68   0x00000020   Code   RO        11635    i.__0printf$8       mc_w.l(printf8.o)
    0x08014b88   0x00000028   Code   RO        11637    i.__0sprintf$8      mc_w.l(printf8.o)
    0x08014bb0   0x00000030   Code   RO        11836    i.__ARM_fpclassify  m_wv.l(fpclassify.o)
    0x08014be0   0x00000020   Code   RO          590    i.__NVIC_SetPriority  stm32h7xx_hal_cortex.o
    0x08014c00   0x00000008   Code   RO        11814    i.__aeabi_errno_addr  mc_w.l(errno.o)
    0x08014c08   0x000000f2   Code   RO        10799    i.__blend_argb      emXGUI100_MDK_M7.lib(gl_mem_16bpp.o)
    0x08014cfa   0x000000f2   Code   RO        10862    i.__blend_argb      emXGUI100_MDK_M7.lib(gl_mem_32bpp.o)
    0x08014dec   0x0000003e   Code   RO         9643    i.__create_font     emXGUI100_MDK_M7.lib(gui_font_xft.o)
    0x08014e2a   0x0000000a   Code   RO         9644    i.__delete_font     emXGUI100_MDK_M7.lib(gui_font_xft.o)
    0x08014e34   0x00000120   Code   RO         9645    i.__draw_char       emXGUI100_MDK_M7.lib(gui_font_xft.o)
    0x08014f54   0x00000080   Code   RO         9646    i.__get_char_info   emXGUI100_MDK_M7.lib(gui_font_xft.o)
    0x08014fd4   0x0000000c   Code   RO         9647    i.__get_font_info   emXGUI100_MDK_M7.lib(gui_font_xft.o)
    0x08014fe0   0x000000f0   Code   RO        11363    i.__hardfp_ceil     m_wv.l(ceil.o)
    0x080150d0   0x000000b0   Code   RO        11369    i.__hardfp_cos      m_wv.l(cos.o)
    0x08015180   0x000000f0   Code   RO        11381    i.__hardfp_floor    m_wv.l(floor.o)
    0x08015270   0x000000b0   Code   RO        11387    i.__hardfp_sin      m_wv.l(sin.o)
    0x08015320   0x00000310   Code   RO        11776    i.__ieee754_rem_pio2  m_wv.l(rred.o)
    0x08015630   0x000000e0   Code   RO        11759    i.__kernel_cos      m_wv.l(cos_i.o)
    0x08015710   0x00000070   Code   RO        11838    i.__kernel_poly     m_wv.l(poly.o)
    0x08015780   0x000000a8   Code   RO        11781    i.__kernel_sin      m_wv.l(sin_i.o)
    0x08015828   0x00000018   Code   RO        11765    i.__mathlib_dbl_invalid  m_wv.l(dunder.o)
    0x08015840   0x00000018   Code   RO        11768    i.__mathlib_dbl_underflow  m_wv.l(dunder.o)
    0x08015858   0x0000000e   Code   RO        11336    i.__mem_get_data    emXGUI100_MDK_M7.lib(gui_imagebmp.o)
    0x08015866   0x0000000e   Code   RO        11876    i.__scatterload_copy  mc_w.l(handlers.o)
    0x08015874   0x00000002   Code   RO        11877    i.__scatterload_null  mc_w.l(handlers.o)
    0x08015876   0x0000000e   Code   RO        11878    i.__scatterload_zeroinit  mc_w.l(handlers.o)
    0x08015884   0x0000000c   Code   RO        11816    i.__set_errno       mc_w.l(errno.o)
    0x08015890   0x00000410   Code   RO        11642    i._printf_core      mc_w.l(printf8.o)
    0x08015ca0   0x00000024   Code   RO        11643    i._printf_post_padding  mc_w.l(printf8.o)
    0x08015cc4   0x0000002e   Code   RO        11644    i._printf_pre_padding  mc_w.l(printf8.o)
    0x08015cf2   0x0000000a   Code   RO        11646    i._sputc            mc_w.l(printf8.o)
    0x08015cfc   0x0000004c   Code   RO        10990    i.addColorBits      libpng_MDK_M7.lib(lodepng.o)
    0x08015d48   0x0000000a   Code   RO        10991    i.adler32           libpng_MDK_M7.lib(lodepng.o)
    0x08015d52   0x00000006   Code   RO         9332    i.bootlogo_size     boot_logo.o
    0x08015d58   0x00000010   Code   RO        11365    i.ceil              m_wv.l(ceil.o)
    0x08015d68   0x00000068   Code   RO        10992    i.checkColorValidity  libpng_MDK_M7.lib(lodepng.o)
    0x08015dd0   0x00000080   Code   RO         7080    i.check_fs          ff.o
    0x08015e50   0x00000010   Code   RO         7081    i.chk_chr           ff.o
    0x08015e60   0x00000030   Code   RO         7082    i.clmt_clust        ff.o
    0x08015e90   0x0000001c   Code   RO         7083    i.clust2sect        ff.o
    0x08015eac   0x000000ec   Code   RO         8356    i.cm_backtrace_call_stack  cm_backtrace.o
    0x08015f98   0x00000274   Code   RO         8357    i.cm_backtrace_fault  cm_backtrace.o
    0x0801620c   0x0000002c   Code   RO         8358    i.cm_backtrace_firmware_info  cm_backtrace.o
    0x08016238   0x0000005c   Code   RO         8359    i.cm_backtrace_init  cm_backtrace.o
    0x08016294   0x00000080   Code   RO         7084    i.cmp_lfn           ff.o
    0x08016314   0x00000064   Code   RO        10993    i.color_tree_add    libpng_MDK_M7.lib(lodepng.o)
    0x08016378   0x00000020   Code   RO        10994    i.color_tree_cleanup  libpng_MDK_M7.lib(lodepng.o)
    0x08016398   0x00000050   Code   RO        10995    i.color_tree_get    libpng_MDK_M7.lib(lodepng.o)
    0x080163e8   0x00000016   Code   RO        10996    i.color_tree_init   libpng_MDK_M7.lib(lodepng.o)
    0x080163fe   0x00000010   Code   RO        11371    i.cos               m_wv.l(cos.o)
    0x0801640e   0x000000ac   Code   RO         7085    i.create_chain      ff.o
    0x080164ba   0x00000002   PAD
    0x080164bc   0x00000234   Code   RO         7086    i.create_name       ff.o
    0x080166f0   0x0000046c   Code   RO        10997    i.decodeGeneric     libpng_MDK_M7.lib(lodepng.o)
    0x08016b5c   0x000000a8   Code   RO         9124    i.desktop_proc      gui_desktop.o
    0x08016c04   0x0000004c   Code   RO         7087    i.dir_alloc         ff.o
    0x08016c50   0x000000ca   Code   RO         7088    i.dir_find          ff.o
    0x08016d1a   0x00000132   Code   RO         7089    i.dir_next          ff.o
    0x08016e4c   0x000000b8   Code   RO         7090    i.dir_read          ff.o
    0x08016f04   0x0000011c   Code   RO         7091    i.dir_register      ff.o
    0x08017020   0x0000006a   Code   RO         7092    i.dir_remove        ff.o
    0x0801708a   0x000000ac   Code   RO         7093    i.dir_sdi           ff.o
    0x08017136   0x00000002   PAD
    0x08017138   0x00000020   Code   RO         6991    i.disk_initialize   diskio.o
    0x08017158   0x0000005c   Code   RO         6992    i.disk_ioctl        diskio.o
    0x080171b4   0x00000094   Code   RO         6993    i.disk_read         diskio.o
    0x08017248   0x00000028   Code   RO         6994    i.disk_status       diskio.o
    0x08017270   0x00000090   Code   RO         6995    i.disk_write        diskio.o
    0x08017300   0x0000006c   Code   RO        10895    i.double_val_init   x_libc_MDK_M7.lib(x_stdlib.o)
    0x0801736c   0x000000b4   Code   RO        11282    i.draw_btn          emXGUI100_MDK_M7.lib(widget_scrollbar.o)
    0x08017420   0x000001c6   Code   RO        11260    i.draw_btn_backgnd  emXGUI100_MDK_M7.lib(widget_button.o)
    0x080175e6   0x00000002   PAD
    0x080175e8   0x00000158   Code   RO        11318    i.draw_circle_pixel  emXGUI100_MDK_M7.lib(gd_circle.o)
    0x08017740   0x00000028   Code   RO        11283    i.draw_page         emXGUI100_MDK_M7.lib(widget_scrollbar.o)
    0x08017768   0x0000015c   Code   RO        11284    i.draw_track        emXGUI100_MDK_M7.lib(widget_scrollbar.o)
    0x080178c4   0x000000fc   Code   RO        10702    i.draw_window_frame  emXGUI100_MDK_M7.lib(gui_face.o)
    0x080179c0   0x000000c8   Code   RO         8360    i.dump_stack        cm_backtrace.o
    0x08017a88   0x00000022   Code   RO         7095    i.f_close           ff.o
    0x08017aaa   0x00000018   Code   RO         7096    i.f_closedir        ff.o
    0x08017ac2   0x00000048   Code   RO         7098    i.f_gets            ff.o
    0x08017b0a   0x00000292   Code   RO         7099    i.f_lseek           ff.o
    0x08017d9c   0x00000574   Code   RO         7101    i.f_mkfs            ff.o
    0x08018310   0x00000054   Code   RO         7102    i.f_mount           ff.o
    0x08018364   0x000001c8   Code   RO         7103    i.f_open            ff.o
    0x0801852c   0x0000007c   Code   RO         7104    i.f_opendir         ff.o
    0x080185a8   0x00000226   Code   RO         7105    i.f_printf          ff.o
    0x080187ce   0x00000196   Code   RO         7108    i.f_read            ff.o
    0x08018964   0x00000062   Code   RO         7109    i.f_readdir         ff.o
    0x080189c6   0x000000a4   Code   RO         7112    i.f_sync            ff.o
    0x08018a6a   0x000000e6   Code   RO         7114    i.f_unlink          ff.o
    0x08018b50   0x000001d0   Code   RO         7116    i.f_write           ff.o
    0x08018d20   0x00000018   Code   RO        11832    i.fabs              m_wv.l(fabs.o)
    0x08018d38   0x00000240   Code   RO         8361    i.fault_diagnosis   cm_backtrace.o
    0x08018f78   0x00000058   Code   RO         7434    i.ff_convert        cc936.o
    0x08018fd0   0x0000002c   Code   RO         7435    i.ff_wtoupper       cc936.o
    0x08018ffc   0x0000009c   Code   RO        11275    i.fill_pb_rect      emXGUI100_MDK_M7.lib(widget_progressbar.o)
    0x08019098   0x0000033c   Code   RO         7117    i.find_volume       ff.o
    0x080193d4   0x0000006c   Code   RO         7118    i.fit_lfn           ff.o
    0x08019440   0x00000010   Code   RO        11383    i.floor             m_wv.l(floor.o)
    0x08019450   0x0000006e   Code   RO         7119    i.follow_path       ff.o
    0x080194be   0x00000002   PAD
    0x080194c0   0x00000018   Code   RO         6188    i.fputc             bsp_usart.o
    0x080194d8   0x00000050   Code   RO        11689    i.free              mc_w.l(malloc.o)
    0x08019528   0x0000005a   Code   RO         9685    i.gdDraw3DRect      emXGUI100_MDK_M7.lib(gd_rect.o)
    0x08019582   0x000000b2   Code   RO        11320    i.gdFillCircle      emXGUI100_MDK_M7.lib(gd_circle.o)
    0x08019634   0x0000024a   Code   RO        11251    i.gdFillPolygon     emXGUI100_MDK_M7.lib(gd_polygon.o)
    0x0801987e   0x00000120   Code   RO         9688    i.gdFillRect        emXGUI100_MDK_M7.lib(gd_rect.o)
    0x0801999e   0x00000002   PAD
    0x080199a0   0x000001b8   Code   RO         9689    i.gdFillRoundRect   emXGUI100_MDK_M7.lib(gd_rect.o)
    0x08019b58   0x00000136   Code   RO        10526    i.gdHLine           emXGUI100_MDK_M7.lib(gd_line.o)
    0x08019c8e   0x00000110   Code   RO        10527    i.gdLine            emXGUI100_MDK_M7.lib(gd_line.o)
    0x08019d9e   0x000000a2   Code   RO        10552    i.gdSetPixel        emXGUI100_MDK_M7.lib(gd_pixel.o)
    0x08019e40   0x00000076   Code   RO        10553    i.gdSetPixelARGB    emXGUI100_MDK_M7.lib(gd_pixel.o)
    0x08019eb6   0x00000134   Code   RO        10530    i.gdVLine           emXGUI100_MDK_M7.lib(gd_line.o)
    0x08019fea   0x00000002   PAD
    0x08019fec   0x00000098   Code   RO         7120    i.gen_numname       ff.o
    0x0801a084   0x00000038   Code   RO        10998    i.generateFixedDistanceTree  libpng_MDK_M7.lib(lodepng.o)
    0x0801a0bc   0x0000006e   Code   RO        10999    i.generateFixedLitLenTree  libpng_MDK_M7.lib(lodepng.o)
    0x0801a12a   0x00000028   Code   RO        11000    i.getNumColorChannels  libpng_MDK_M7.lib(lodepng.o)
    0x0801a152   0x00000136   Code   RO        11001    i.getPixelColorRGBA16  libpng_MDK_M7.lib(lodepng.o)
    0x0801a288   0x0000023a   Code   RO        11002    i.getPixelColorRGBA8  libpng_MDK_M7.lib(lodepng.o)
    0x0801a4c2   0x0000030e   Code   RO        11003    i.getPixelColorsRGBA8  libpng_MDK_M7.lib(lodepng.o)
    0x0801a7d0   0x000002bc   Code   RO        11004    i.getTreeInflateDynamic  libpng_MDK_M7.lib(lodepng.o)
    0x0801aa8c   0x00000012   Code   RO        11005    i.getTreeInflateFixed  libpng_MDK_M7.lib(lodepng.o)
    0x0801aa9e   0x00000004   Code   RO         8362    i.get_cur_thread_name  cm_backtrace.o
    0x0801aaa2   0x00000002   PAD
    0x0801aaa4   0x0000007c   Code   RO         8363    i.get_cur_thread_stack_info  cm_backtrace.o
    0x0801ab20   0x000000fc   Code   RO         7121    i.get_fat           ff.o
    0x0801ac1c   0x00000008   Code   RO         6996    i.get_fattime       diskio.o
    0x0801ac24   0x000000e4   Code   RO         7122    i.get_fileinfo      ff.o
    0x0801ad08   0x00000086   Code   RO        11285    i.get_hscroll_rect  emXGUI100_MDK_M7.lib(widget_scrollbar.o)
    0x0801ad8e   0x00000042   Code   RO         7123    i.get_ldnumber      ff.o
    0x0801add0   0x00000086   Code   RO        11286    i.get_vscroll_rect  emXGUI100_MDK_M7.lib(widget_scrollbar.o)
    0x0801ae56   0x00000002   PAD
    0x0801ae58   0x00000008   Code   RO        11342    i.hBmpArrowDown     emXGUI100_MDK_M7.lib(gui_resource.o)
    0x0801ae60   0x00000008   Code   RO        11343    i.hBmpArrowLeft     emXGUI100_MDK_M7.lib(gui_resource.o)
    0x0801ae68   0x00000008   Code   RO        11344    i.hBmpArrowRight    emXGUI100_MDK_M7.lib(gui_resource.o)
    0x0801ae70   0x00000008   Code   RO        11345    i.hBmpArrowUp       emXGUI100_MDK_M7.lib(gui_resource.o)
    0x0801ae78   0x0000004c   Code   RO        11006    i.huffmanDecodeSymbol  libpng_MDK_M7.lib(lodepng.o)
    0x0801aec4   0x00000040   Code   RO         6396    i.i2c_Ack           bsp_i2c_touch.o
    0x0801af04   0x0000000c   Code   RO         6397    i.i2c_Delay         bsp_i2c_touch.o
    0x0801af10   0x00000038   Code   RO         6398    i.i2c_NAck          bsp_i2c_touch.o
    0x0801af48   0x00000048   Code   RO         6399    i.i2c_ReadByte      bsp_i2c_touch.o
    0x0801af90   0x00000064   Code   RO         6400    i.i2c_SendByte      bsp_i2c_touch.o
    0x0801aff4   0x00000040   Code   RO         6401    i.i2c_Start         bsp_i2c_touch.o
    0x0801b034   0x00000030   Code   RO         6402    i.i2c_Stop          bsp_i2c_touch.o
    0x0801b064   0x00000048   Code   RO         6403    i.i2c_WaitAck       bsp_i2c_touch.o
    0x0801b0ac   0x00000020   Code   RO        11007    i.inflate           libpng_MDK_M7.lib(lodepng.o)
    0x0801b0cc   0x0000019c   Code   RO        11008    i.inflateHuffmanBlock  libpng_MDK_M7.lib(lodepng.o)
    0x0801b268   0x000000ac   Code   RO        11009    i.inflateNoCompression  libpng_MDK_M7.lib(lodepng.o)
    0x0801b314   0x00000022   Code   RO         7124    i.ld_clust          ff.o
    0x0801b336   0x0000002e   Code   RO        11270    i.listbox_find_item  emXGUI100_MDK_M7.lib(widget_listbox.o)
    0x0801b364   0x00000104   Code   RO        11010    i.lodepng_add_itext  libpng_MDK_M7.lib(lodepng.o)
    0x0801b468   0x00000084   Code   RO        11011    i.lodepng_add_text  libpng_MDK_M7.lib(lodepng.o)
    0x0801b4ec   0x00000008   Code   RO        11013    i.lodepng_chunk_ancillary  libpng_MDK_M7.lib(lodepng.o)
    0x0801b4f4   0x00000058   Code   RO        11014    i.lodepng_chunk_append  libpng_MDK_M7.lib(lodepng.o)
    0x0801b54c   0x0000002a   Code   RO        11015    i.lodepng_chunk_check_crc  libpng_MDK_M7.lib(lodepng.o)
    0x0801b576   0x00000004   Code   RO        11018    i.lodepng_chunk_data_const  libpng_MDK_M7.lib(lodepng.o)
    0x0801b57a   0x00000004   Code   RO        11020    i.lodepng_chunk_length  libpng_MDK_M7.lib(lodepng.o)
    0x0801b57e   0x00000016   Code   RO        11022    i.lodepng_chunk_next_const  libpng_MDK_M7.lib(lodepng.o)
    0x0801b594   0x0000003c   Code   RO        11026    i.lodepng_chunk_type_equals  libpng_MDK_M7.lib(lodepng.o)
    0x0801b5d0   0x00000004   Code   RO        11029    i.lodepng_color_mode_cleanup  libpng_MDK_M7.lib(lodepng.o)
    0x0801b5d4   0x00000058   Code   RO        11030    i.lodepng_color_mode_copy  libpng_MDK_M7.lib(lodepng.o)
    0x0801b62c   0x000000a4   Code   RO        11031    i.lodepng_color_mode_equal  libpng_MDK_M7.lib(lodepng.o)
    0x0801b6d0   0x00000018   Code   RO        11032    i.lodepng_color_mode_init  libpng_MDK_M7.lib(lodepng.o)
    0x0801b6e8   0x0000018e   Code   RO        11033    i.lodepng_convert   libpng_MDK_M7.lib(lodepng.o)
    0x0801b876   0x00000002   PAD
    0x0801b878   0x00000034   Code   RO        11034    i.lodepng_crc32     libpng_MDK_M7.lib(lodepng.o)
    0x0801b8ac   0x000000be   Code   RO        11035    i.lodepng_decode    libpng_MDK_M7.lib(lodepng.o)
    0x0801b96a   0x00000040   Code   RO        11038    i.lodepng_decode_memory  libpng_MDK_M7.lib(lodepng.o)
    0x0801b9aa   0x00000010   Code   RO        11039    i.lodepng_decoder_settings_init  libpng_MDK_M7.lib(lodepng.o)
    0x0801b9ba   0x0000000c   Code   RO        11040    i.lodepng_decompress_settings_init  libpng_MDK_M7.lib(lodepng.o)
    0x0801b9c6   0x00000004   Code   RO        10439    i.lodepng_free      libpng_MDK_M7.lib(lodepng_app.o)
    0x0801b9ca   0x00000008   Code   RO        11042    i.lodepng_get_bpp   libpng_MDK_M7.lib(lodepng.o)
    0x0801b9d2   0x0000000e   Code   RO        11043    i.lodepng_get_bpp_lct  libpng_MDK_M7.lib(lodepng.o)
    0x0801b9e0   0x0000001a   Code   RO        11045    i.lodepng_get_raw_size  libpng_MDK_M7.lib(lodepng.o)
    0x0801b9fa   0x0000001a   Code   RO        11046    i.lodepng_get_raw_size_idat  libpng_MDK_M7.lib(lodepng.o)
    0x0801ba14   0x00000034   Code   RO        11049    i.lodepng_inflate   libpng_MDK_M7.lib(lodepng.o)
    0x0801ba48   0x00000080   Code   RO        11050    i.lodepng_inflatev  libpng_MDK_M7.lib(lodepng.o)
    0x0801bac8   0x00000022   Code   RO        11051    i.lodepng_info_cleanup  libpng_MDK_M7.lib(lodepng.o)
    0x0801baea   0x00000036   Code   RO        11053    i.lodepng_info_init  libpng_MDK_M7.lib(lodepng.o)
    0x0801bb20   0x0000013a   Code   RO        11055    i.lodepng_inspect   libpng_MDK_M7.lib(lodepng.o)
    0x0801bc5a   0x00000004   Code   RO        10440    i.lodepng_malloc    libpng_MDK_M7.lib(lodepng_app.o)
    0x0801bc5e   0x00000016   Code   RO        11060    i.lodepng_palette_clear  libpng_MDK_M7.lib(lodepng.o)
    0x0801bc74   0x00000016   Code   RO        11061    i.lodepng_read32bitInt  libpng_MDK_M7.lib(lodepng.o)
    0x0801bc8a   0x0000003e   Code   RO        10441    i.lodepng_realloc   libpng_MDK_M7.lib(lodepng_app.o)
    0x0801bcc8   0x00000018   Code   RO        11063    i.lodepng_state_cleanup  libpng_MDK_M7.lib(lodepng.o)
    0x0801bce0   0x00000022   Code   RO        11065    i.lodepng_state_init  libpng_MDK_M7.lib(lodepng.o)
    0x0801bd02   0x00000002   PAD
    0x0801bd04   0x0000009c   Code   RO        11066    i.lodepng_zlib_decompress  libpng_MDK_M7.lib(lodepng.o)
    0x0801bda0   0x00000034   Code   RO         5967    i.main              main.o
    0x0801bdd4   0x00000086   Code   RO        11287    i.make_hscroll_by_value  emXGUI100_MDK_M7.lib(widget_scrollbar.o)
    0x0801be5a   0x00000086   Code   RO        11288    i.make_vscroll_by_value  emXGUI100_MDK_M7.lib(widget_scrollbar.o)
    0x0801bee0   0x0000006c   Code   RO        11690    i.malloc            mc_w.l(malloc.o)
    0x0801bf4c   0x0000001a   Code   RO         7125    i.mem_cmp           ff.o
    0x0801bf66   0x00000012   Code   RO         7126    i.mem_cpy           ff.o
    0x0801bf78   0x00000010   Code   RO         7127    i.mem_set           ff.o
    0x0801bf88   0x0000000e   Code   RO        10024    i.min_size_aligned  x_libc_MDK_M7.lib(x_heap.o)
    0x0801bf96   0x0000003a   Code   RO         7128    i.move_window       ff.o
    0x0801bfd0   0x00000248   Code   RO        11276    i.on_paint          emXGUI100_MDK_M7.lib(widget_progressbar.o)
    0x0801c218   0x00000348   Code   RO        11289    i.on_paint          emXGUI100_MDK_M7.lib(widget_scrollbar.o)
    0x0801c560   0x00000046   Code   RO        11067    i.paethPredictor    libpng_MDK_M7.lib(lodepng.o)
    0x0801c5a6   0x00000002   PAD
    0x0801c5a8   0x00000070   Code   RO         7129    i.pick_lfn          ff.o
    0x0801c618   0x00000056   Code   RO        10025    i.plug_holes        x_libc_MDK_M7.lib(x_heap.o)
    0x0801c66e   0x0000010a   Code   RO        11068    i.postProcessScanlines  libpng_MDK_M7.lib(lodepng.o)
    0x0801c778   0x00000094   Code   RO         8364    i.print_call_stack  cm_backtrace.o
    0x0801c80c   0x00000070   Code   RO         7848    i.prvAddCurrentTaskToDelayedList  tasks.o
    0x0801c87c   0x00000088   Code   RO         7849    i.prvAddNewTaskToReadyList  tasks.o
    0x0801c904   0x00000054   Code   RO         7850    i.prvCheckTasksWaitingTermination  tasks.o
    0x0801c958   0x00000028   Code   RO         7659    i.prvCopyDataFromQueue  queue.o
    0x0801c980   0x0000006e   Code   RO         7660    i.prvCopyDataToQueue  queue.o
    0x0801c9ee   0x00000014   Code   RO         7851    i.prvDeleteTCB      tasks.o
    0x0801ca02   0x00000002   PAD
    0x0801ca04   0x0000004c   Code   RO         8204    i.prvHeapInit       heap_4.o
    0x0801ca50   0x00000028   Code   RO         7852    i.prvIdleTask       tasks.o
    0x0801ca78   0x00000018   Code   RO         7661    i.prvInitialiseMutex  queue.o
    0x0801ca90   0x00000018   Code   RO         7662    i.prvInitialiseNewQueue  queue.o
    0x0801caa8   0x000000c0   Code   RO         7853    i.prvInitialiseNewTask  tasks.o
    0x0801cb68   0x00000058   Code   RO         7854    i.prvInitialiseTaskLists  tasks.o
    0x0801cbc0   0x00000054   Code   RO         8205    i.prvInsertBlockIntoFreeList  heap_4.o
    0x0801cc14   0x0000001a   Code   RO         7663    i.prvIsQueueEmpty   queue.o
    0x0801cc2e   0x0000001e   Code   RO         7664    i.prvIsQueueFull    queue.o
    0x0801cc4c   0x00000024   Code   RO         7855    i.prvResetNextTaskUnblockTime  tasks.o
    0x0801cc70   0x0000006c   Code   RO         8266    i.prvTaskExitError  port.o
    0x0801ccdc   0x0000006a   Code   RO         7665    i.prvUnlockQueue    queue.o
    0x0801cd46   0x00000002   PAD
    0x0801cd48   0x0000031c   Code   RO        11261    i.pushbutton_paint  emXGUI100_MDK_M7.lib(widget_button.o)
    0x0801d064   0x0000012a   Code   RO         7130    i.put_fat           ff.o
    0x0801d18e   0x00000048   Code   RO         7131    i.putc_bfd          ff.o
    0x0801d1d6   0x00000002   PAD
    0x0801d1d8   0x0000010c   Code   RO         8206    i.pvPortMalloc      heap_4.o
    0x0801d2e4   0x00000018   Code   RO         7857    i.pvTaskIncrementMutexHeldCount  tasks.o
    0x0801d2fc   0x00000024   Code   RO         8267    i.pxPortInitialiseStack  port.o
    0x0801d320   0x0000001e   Code   RO        11069    i.readBitFromReversedStream  libpng_MDK_M7.lib(lodepng.o)
    0x0801d33e   0x0000001a   Code   RO        11070    i.readBitFromStream  libpng_MDK_M7.lib(lodepng.o)
    0x0801d358   0x0000002a   Code   RO        11071    i.readBitsFromReversedStream  libpng_MDK_M7.lib(lodepng.o)
    0x0801d382   0x00000036   Code   RO        11072    i.readBitsFromStream  libpng_MDK_M7.lib(lodepng.o)
    0x0801d3b8   0x00000098   Code   RO        11073    i.readChunk_PLTE    libpng_MDK_M7.lib(lodepng.o)
    0x0801d450   0x0000007a   Code   RO        11074    i.readChunk_bKGD    libpng_MDK_M7.lib(lodepng.o)
    0x0801d4ca   0x0000018e   Code   RO        11075    i.readChunk_iTXt    libpng_MDK_M7.lib(lodepng.o)
    0x0801d658   0x00000048   Code   RO        11076    i.readChunk_pHYs    libpng_MDK_M7.lib(lodepng.o)
    0x0801d6a0   0x000000a6   Code   RO        11077    i.readChunk_tEXt    libpng_MDK_M7.lib(lodepng.o)
    0x0801d746   0x0000002e   Code   RO        11078    i.readChunk_tIME    libpng_MDK_M7.lib(lodepng.o)
    0x0801d774   0x0000008e   Code   RO        11079    i.readChunk_tRNS    libpng_MDK_M7.lib(lodepng.o)
    0x0801d802   0x000000aa   Code   RO        11080    i.readChunk_zTXt    libpng_MDK_M7.lib(lodepng.o)
    0x0801d8ac   0x0000004e   Code   RO        11081    i.removePaddingBits  libpng_MDK_M7.lib(lodepng.o)
    0x0801d8fa   0x0000006c   Code   RO         7132    i.remove_chain      ff.o
    0x0801d966   0x00000098   Code   RO        11082    i.rgba16ToPixel     libpng_MDK_M7.lib(lodepng.o)
    0x0801d9fe   0x00000116   Code   RO        11083    i.rgba8ToPixel      libpng_MDK_M7.lib(lodepng.o)
    0x0801db14   0x0000003a   Code   RO        11084    i.setBitOfReversedStream  libpng_MDK_M7.lib(lodepng.o)
    0x0801db4e   0x00000026   Code   RO        11085    i.setBitOfReversedStream0  libpng_MDK_M7.lib(lodepng.o)
    0x0801db74   0x00000010   Code   RO        11389    i.sin               m_wv.l(sin.o)
    0x0801db84   0x0000000e   Code   RO        10026    i.sizeof_struct_mem  x_libc_MDK_M7.lib(x_heap.o)
    0x0801db92   0x00000002   PAD
    0x0801db94   0x00000250   Code   RO        10531    i.solid_line        emXGUI100_MDK_M7.lib(gd_line.o)
    0x0801dde4   0x00000010   Code   RO         7133    i.st_clust          ff.o
    0x0801ddf4   0x0000001c   Code   RO         8365    i.statck_del_fpu_regs  cm_backtrace.o
    0x0801de10   0x00000010   Code   RO        11086    i.string_cleanup    libpng_MDK_M7.lib(lodepng.o)
    0x0801de20   0x00000008   Code   RO        11087    i.string_init       libpng_MDK_M7.lib(lodepng.o)
    0x0801de28   0x00000028   Code   RO        11088    i.string_resize     libpng_MDK_M7.lib(lodepng.o)
    0x0801de50   0x0000002e   Code   RO        11089    i.string_set        libpng_MDK_M7.lib(lodepng.o)
    0x0801de7e   0x0000001a   Code   RO         7134    i.sum_sfn           ff.o
    0x0801de98   0x000000ac   Code   RO         7135    i.sync_fs           ff.o
    0x0801df44   0x00000054   Code   RO         7136    i.sync_window       ff.o
    0x0801df98   0x00000014   Code   RO        11090    i.ucvector_cleanup  libpng_MDK_M7.lib(lodepng.o)
    0x0801dfac   0x0000000a   Code   RO        11091    i.ucvector_init     libpng_MDK_M7.lib(lodepng.o)
    0x0801dfb6   0x00000008   Code   RO        11092    i.ucvector_init_buffer  libpng_MDK_M7.lib(lodepng.o)
    0x0801dfbe   0x00000024   Code   RO        11093    i.ucvector_push_back  libpng_MDK_M7.lib(lodepng.o)
    0x0801dfe2   0x00000030   Code   RO        11094    i.ucvector_reserve  libpng_MDK_M7.lib(lodepng.o)
    0x0801e012   0x0000001a   Code   RO        11095    i.ucvector_resize   libpng_MDK_M7.lib(lodepng.o)
    0x0801e02c   0x00000030   Code   RO        11096    i.ucvector_resizev  libpng_MDK_M7.lib(lodepng.o)
    0x0801e05c   0x00000014   Code   RO        11097    i.uivector_cleanup  libpng_MDK_M7.lib(lodepng.o)
    0x0801e070   0x0000000a   Code   RO        11098    i.uivector_init     libpng_MDK_M7.lib(lodepng.o)
    0x0801e07a   0x00000030   Code   RO        11099    i.uivector_reserve  libpng_MDK_M7.lib(lodepng.o)
    0x0801e0aa   0x0000001a   Code   RO        11100    i.uivector_resize   libpng_MDK_M7.lib(lodepng.o)
    0x0801e0c4   0x00000032   Code   RO        11101    i.uivector_resizev  libpng_MDK_M7.lib(lodepng.o)
    0x0801e0f6   0x00000060   Code   RO        11102    i.unfilter          libpng_MDK_M7.lib(lodepng.o)
    0x0801e156   0x00000164   Code   RO        11103    i.unfilterScanline  libpng_MDK_M7.lib(lodepng.o)
    0x0801e2ba   0x0000004e   Code   RO        11104    i.update_adler32    libpng_MDK_M7.lib(lodepng.o)
    0x0801e308   0x00000024   Code   RO         7610    i.uxListRemove      list.o
    0x0801e32c   0x00000016   Code   RO         7611    i.vListInitialise   list.o
    0x0801e342   0x00000006   Code   RO         7612    i.vListInitialiseItem  list.o
    0x0801e348   0x00000030   Code   RO         7613    i.vListInsert       list.o
    0x0801e378   0x00000018   Code   RO         7614    i.vListInsertEnd    list.o
    0x0801e390   0x00000080   Code   RO         8269    i.vPortEnterCritical  port.o
    0x0801e410   0x0000006c   Code   RO         8270    i.vPortExitCritical  port.o
    0x0801e47c   0x0000009c   Code   RO         8207    i.vPortFree         heap_4.o
    0x0801e518   0x00000020   Code   RO         8271    i.vPortSetupTimerInterrupt  port.o
    0x0801e538   0x00000050   Code   RO         7670    i.vQueueDelete      queue.o
    0x0801e588   0x00000028   Code   RO         7671    i.vQueueUnregisterQueue  queue.o
    0x0801e5b0   0x00000078   Code   RO         7863    i.vTaskDelay        tasks.o
    0x0801e628   0x000000d4   Code   RO         7865    i.vTaskDelete       tasks.o
    0x0801e6fc   0x0000000c   Code   RO         7867    i.vTaskMissedYield  tasks.o
    0x0801e708   0x0000000c   Code   RO         7868    i.vTaskName         tasks.o
    0x0801e714   0x00000060   Code   RO         7870    i.vTaskPlaceOnEventList  tasks.o
    0x0801e774   0x00000088   Code   RO         7872    i.vTaskPriorityInherit  tasks.o
    0x0801e7fc   0x00000050   Code   RO         7875    i.vTaskSetTimeOutState  tasks.o
    0x0801e84c   0x0000000c   Code   RO         7876    i.vTaskStackAddr    tasks.o
    0x0801e858   0x0000000c   Code   RO         7877    i.vTaskStackSize    tasks.o
    0x0801e864   0x00000098   Code   RO         7878    i.vTaskStartScheduler  tasks.o
    0x0801e8fc   0x00000010   Code   RO         7880    i.vTaskSuspendAll   tasks.o
    0x0801e90c   0x00000088   Code   RO         7881    i.vTaskSwitchContext  tasks.o
    0x0801e994   0x00000030   Code   RO         7137    i.validate          ff.o
    0x0801e9c4   0x000000dc   Code   RO        10259    i.vprtf_float_date_analy  x_libc_MDK_M7.lib(x_wstring.o)
    0x0801eaa0   0x000000ec   Code   RO        10260    i.vprtf_ltoa_store  x_libc_MDK_M7.lib(x_wstring.o)
    0x0801eb8c   0x000000a8   Code   RO        10261    i.vprtf_str_store   x_libc_MDK_M7.lib(x_wstring.o)
    0x0801ec34   0x0000004e   Code   RO        10262    i.vprtf_wide_get    x_libc_MDK_M7.lib(x_wstring.o)
    0x0801ec82   0x00000002   PAD
    0x0801ec84   0x0000029c   Code   RO         9167    i.win_proc          gui_bootinterface.o
    0x0801ef20   0x000004b0   Code   RO         9291    i.win_proc          gui_res_writer_dialog.o
    0x0801f3d0   0x000006e8   Code   RO        11262    i.win_proc          emXGUI100_MDK_M7.lib(widget_button.o)
    0x0801fab8   0x00000200   Code   RO        11267    i.win_proc          emXGUI100_MDK_M7.lib(widget_groupbox.o)
    0x0801fcb8   0x00000a14   Code   RO        11271    i.win_proc          emXGUI100_MDK_M7.lib(widget_listbox.o)
    0x080206cc   0x00000184   Code   RO        11277    i.win_proc          emXGUI100_MDK_M7.lib(widget_progressbar.o)
    0x08020850   0x000006c6   Code   RO        11290    i.win_proc          emXGUI100_MDK_M7.lib(widget_scrollbar.o)
    0x08020f16   0x00000002   PAD
    0x08020f18   0x00000234   Code   RO        11301    i.win_proc          emXGUI100_MDK_M7.lib(widget_textbox.o)
    0x0802114c   0x000000e4   Code   RO         8273    i.xPortStartScheduler  port.o
    0x08021230   0x00000030   Code   RO         8274    i.xPortSysTickHandler  port.o
    0x08021260   0x00000064   Code   RO         7672    i.xQueueCreateCountingSemaphore  queue.o
    0x080212c4   0x00000018   Code   RO         7673    i.xQueueCreateMutex  queue.o
    0x080212dc   0x0000006c   Code   RO         7674    i.xQueueGenericCreate  queue.o
    0x08021348   0x000001a8   Code   RO         7675    i.xQueueGenericReceive  queue.o
    0x080214f0   0x000000b4   Code   RO         7676    i.xQueueGenericReset  queue.o
    0x080215a4   0x00000180   Code   RO         7677    i.xQueueGenericSend  queue.o
    0x08021724   0x00000068   Code   RO         7680    i.xQueueGiveMutexRecursive  queue.o
    0x0802178c   0x00000070   Code   RO         7685    i.xQueueTakeMutexRecursive  queue.o
    0x080217fc   0x00000098   Code   RO         7882    i.xTaskCheckForTimeOut  tasks.o
    0x08021894   0x00000060   Code   RO         7883    i.xTaskCreate       tasks.o
    0x080218f4   0x0000000c   Code   RO         7886    i.xTaskGetCurrentTaskHandle  tasks.o
    0x08021900   0x0000001c   Code   RO         7887    i.xTaskGetSchedulerState  tasks.o
    0x0802191c   0x0000000c   Code   RO         7888    i.xTaskGetTickCount  tasks.o
    0x08021928   0x000000f4   Code   RO         7890    i.xTaskIncrementTick  tasks.o
    0x08021a1c   0x000000bc   Code   RO         7893    i.xTaskPriorityDisinherit  tasks.o
    0x08021ad8   0x000000a4   Code   RO         7894    i.xTaskRemoveFromEventList  tasks.o
    0x08021b7c   0x000000f4   Code   RO         7896    i.xTaskResumeAll    tasks.o
    0x08021c70   0x0000012a   Code   RO        10027    i.x_heap_alloc      x_libc_MDK_M7.lib(x_heap.o)
    0x08021d9a   0x00000048   Code   RO        10028    i.x_heap_free       x_libc_MDK_M7.lib(x_heap.o)
    0x08021de2   0x00000078   Code   RO        10029    i.x_heap_init       x_libc_MDK_M7.lib(x_heap.o)
    0x08021e5a   0x00000010   Code   RO        10103    i.x_strlen          x_libc_MDK_M7.lib(x_string.o)
    0x08021e6a   0x000000be   Code   RO        10104    i.x_strncasecmp     x_libc_MDK_M7.lib(x_string.o)
    0x08021f28   0x0000000c   Code   RO        10111    i.x_tolower         x_libc_MDK_M7.lib(x_string.o)
    0x08021f34   0x0000000c   Code   RO        10112    i.x_toupper         x_libc_MDK_M7.lib(x_string.o)
    0x08021f40   0x00000014   Code   RO        10268    i.x_wsprintf        x_libc_MDK_M7.lib(x_wstring.o)
    0x08021f54   0x000001fc   Code   RO        10286    i.x_wvsprintf       x_libc_MDK_M7.lib(x_wstring.o)
    0x08022150   0x00000020   Code   RO        11105    i.zlib_decompress   libpng_MDK_M7.lib(lodepng.o)
    0x08022170   0x00000010   Data   RO           15    .constdata          system_stm32h7xx.o
    0x08022180   0x00000018   Data   RO         4879    .constdata          stm32h7xx_hal_uart.o
    0x08022198   0x00000024   Data   RO         6294    .constdata          bsp_lcd.o
    0x080221bc   0x00000294   Data   RO         6529    .constdata          bsp_touch_gtxx.o
    0x08022450   0x0000003a   Data   RO         7139    .constdata          ff.o
    0x0802248a   0x0002acc8   Data   RO         7436    .constdata          cc936.o
    0x0804d152   0x00000002   PAD
    0x0804d154   0x000000f8   Data   RO         8367    .constdata          cm_backtrace.o
    0x0804d24c   0x00005af8   Data   RO         8667    .constdata          ascii_16_4bpp.o
    0x08052d44   0x00009db8   Data   RO         8681    .constdata          ascii_24_4bpp.o
    0x0805cafc   0x00000018   Data   RO         8703    .constdata          gui_font_port.o
    0x0805cb14   0x0000000b   Data   RO         9220    .constdata          backend_res_writer.o
    0x0805cb1f   0x00003bf6   Data   RO         9333    .constdata          boot_logo.o
    0x08060715   0x00000003   PAD
    0x08060718   0x00000014   Data   RO         9650    .constdata          emXGUI100_MDK_M7.lib(gui_font_xft.o)
    0x0806072c   0x00000140   Data   RO        10013    .constdata          emXGUI100_MDK_M7.lib(gl_cursor.o)
    0x0806086c   0x000000a0   Data   RO        10287    .constdata          x_libc_MDK_M7.lib(x_wstring.o)
    0x0806090c   0x00000044   Data   RO        10532    .constdata          emXGUI100_MDK_M7.lib(gd_line.o)
    0x08060950   0x00000034   Data   RO        10590    .constdata          emXGUI100_MDK_M7.lib(surface_argb4444.o)
    0x08060984   0x00000034   Data   RO        10616    .constdata          emXGUI100_MDK_M7.lib(surface_argb8888.o)
    0x080609b8   0x00000034   Data   RO        10639    .constdata          emXGUI100_MDK_M7.lib(surface_rgb332.o)
    0x080609ec   0x00000034   Data   RO        10662    .constdata          emXGUI100_MDK_M7.lib(surface_rgb565.o)
    0x08060a20   0x00000034   Data   RO        10685    .constdata          emXGUI100_MDK_M7.lib(surface_xrgb8888.o)
    0x08060a54   0x00000038   Data   RO        10711    .constdata          emXGUI100_MDK_M7.lib(gui_widget.o)
    0x08060a8c   0x00000014   Data   RO        10800    .constdata          emXGUI100_MDK_M7.lib(gl_mem_16bpp.o)
    0x08060aa0   0x00000014   Data   RO        10863    .constdata          emXGUI100_MDK_M7.lib(gl_mem_32bpp.o)
    0x08060ab4   0x00000004   PAD
    0x08060ab8   0x00000098   Data   RO        10907    .constdata          x_libc_MDK_M7.lib(x_stdlib.o)
    0x08060b50   0x00000294   Data   RO        11106    .constdata          libpng_MDK_M7.lib(lodepng.o)
    0x08060de4   0x00000020   Data   RO        11263    .constdata          emXGUI100_MDK_M7.lib(widget_button.o)
    0x08060e04   0x00000020   Data   RO        11268    .constdata          emXGUI100_MDK_M7.lib(widget_groupbox.o)
    0x08060e24   0x00000020   Data   RO        11272    .constdata          emXGUI100_MDK_M7.lib(widget_listbox.o)
    0x08060e44   0x00000020   Data   RO        11278    .constdata          emXGUI100_MDK_M7.lib(widget_progressbar.o)
    0x08060e64   0x00000020   Data   RO        11291    .constdata          emXGUI100_MDK_M7.lib(widget_scrollbar.o)
    0x08060e84   0x00000020   Data   RO        11302    .constdata          emXGUI100_MDK_M7.lib(widget_textbox.o)
    0x08060ea4   0x00006c2c   Data   RO        11352    .constdata          emXGUI100_MDK_M7.lib(gui_resource.o)
    0x08067ad0   0x00000030   Data   RO        11760    .constdata          m_wv.l(cos_i.o)
    0x08067b00   0x000000c8   Data   RO        11778    .constdata          m_wv.l(rred.o)
    0x08067bc8   0x00000028   Data   RO        11782    .constdata          m_wv.l(sin_i.o)
    0x08067bf0   0x00000081   Data   RO        11843    .constdata          mc_w.l(ctype_o.o)
    0x08067c71   0x00000003   PAD
    0x08067c74   0x00000004   Data   RO        11844    .constdata          mc_w.l(ctype_o.o)
    0x08067c78   0x000000a1   Data   RO         6546    .conststring        bsp_touch_gtxx.o
    0x08067d19   0x00000003   PAD
    0x08067d1c   0x00000815   Data   RO         8368    .conststring        cm_backtrace.o
    0x08068531   0x00000003   PAD
    0x08068534   0x00000027   Data   RO         8704    .conststring        gui_font_port.o
    0x0806855b   0x00000001   PAD
    0x0806855c   0x00000052   Data   RO         9221    .conststring        backend_res_writer.o
    0x080685ae   0x00000002   PAD
    0x080685b0   0x0000004e   Data   RO         9169    .constwstring       gui_bootinterface.o
    0x080685fe   0x00000002   PAD
    0x08068600   0x0000024e   Data   RO         9222    .constwstring       backend_res_writer.o
    0x0806884e   0x00000002   PAD
    0x08068850   0x00000404   Data   RO         9292    .constwstring       gui_res_writer_dialog.o
    0x08068c54   0x00000070   Data   RO        10712    .constwstring       emXGUI100_MDK_M7.lib(gui_widget.o)
    0x08068cc4   0x00000020   Data   RO        11874    Region$$Table       anon$$obj.o


    Execution Region RW_IRAM1 (Base: 0x20000000, Size: 0x00000000, Max: 0x00020000, ABSOLUTE)

    **** No section assigned to this execution region ****


    Execution Region RW_IRAM2 (Base: 0x24000000, Size: 0x000111d0, Max: 0x00080000, ABSOLUTE, COMPRESSED[0x00000424])

    Base Addr    Size         Type   Attr      Idx    E Section Name        Object

    0x24000000   0x00000004   Data   RW           16    .data               system_stm32h7xx.o
    0x24000004   0x00000004   Data   RW           17    .data               system_stm32h7xx.o
    0x24000008   0x0000000c   Data   RW          232    .data               stm32h7xx_hal.o
    0x24000014   0x00000001   Data   RW         6295    .data               bsp_lcd.o
    0x24000015   0x00000001   PAD
    0x24000016   0x00000009   Data   RW         6547    .data               bsp_touch_gtxx.o
    0x2400001f   0x00000002   Data   RW         6690    .data               bsp_sdio_sd.o
    0x24000021   0x00000003   PAD
    0x24000024   0x00000004   Data   RW         6804    .data               bsp_qspi_flash.o
    0x24000028   0x00000001   Data   RW         6998    .data               diskio.o
    0x24000029   0x00000001   PAD
    0x2400002a   0x00000002   Data   RW         7140    .data               ff.o
    0x2400002c   0x0000003c   Data   RW         7899    .data               tasks.o
    0x24000068   0x00000018   Data   RW         8212    .data               heap_4.o
    0x24000080   0x0000000c   Data   RW         8275    .data               port.o
    0x2400008c   0x00000018   Data   RW         8369    .data               cm_backtrace.o
    0x240000a4   0x00000010   Data   RW         8705    .data               gui_font_port.o
    0x240000b4   0x00000004   Data   RW         8898    .data               gui_mem_port.o
    0x240000b8   0x00000004   Data   RW         8984    .data               gui_resource_port.o
    0x240000bc   0x00000004   Data   RW         9088    .data               gui_touch_port.o
    0x240000c0   0x00000004   Data   RW         9126    .data               gui_desktop.o
    0x240000c4   0x00000010   Data   RW         9170    .data               gui_bootinterface.o
    0x240000d4   0x00000018   Data   RW         9223    .data               backend_res_writer.o
    0x240000ec   0x00000010   Data   RW         9293    .data               gui_res_writer_dialog.o
    0x240000fc   0x00000020   Data   RW         9621    .data               emXGUI100_MDK_M7.lib(x_gui.o)
    0x2400011c   0x00000034   Data   RW         9723    .data               emXGUI100_MDK_M7.lib(gui_input.o)
    0x24000150   0x00000010   Data   RW         9896    .data               emXGUI100_MDK_M7.lib(gui_window.o)
    0x24000160   0x00000018   Data   RW        10014    .data               emXGUI100_MDK_M7.lib(gl_cursor.o)
    0x24000178   0x00000400   Data   RW        11111    .data               libpng_MDK_M7.lib(lodepng.o)
    0x24000578   0x00000004   Data   RW        11801    .data               mc_w.l(stdout.o)
    0x2400057c   0x00000004   Data   RW        11812    .data               mc_w.l(mvars.o)
    0x24000580   0x00000004   Data   RW        11813    .data               mc_w.l(mvars.o)
    0x24000584   0x00000004   Data   RW        11817    .data               mc_w.l(errno.o)
    0x24000588   0x00000080   Zero   RW         6189    .bss                bsp_usart.o
    0x24000608   0x00000044   Zero   RW         6235    .bss                bsp_sdram.o
    0x2400064c   0x00000164   Zero   RW         6293    .bss                bsp_lcd.o
    0x240007b0   0x0000327c   Zero   RW         6688    .bss                bsp_sdio_sd.o
    0x24003a2c   0x0000004c   Zero   RW         6803    .bss                bsp_qspi_flash.o
    0x24003a78   0x0000000c   Zero   RW         7138    .bss                ff.o
    0x24003a84   0x00000050   Zero   RW         7686    .bss                queue.o
    0x24003ad4   0x000002e4   Zero   RW         7898    .bss                tasks.o
    0x24003db8   0x00009000   Zero   RW         8211    .bss                heap_4.o
    0x2400cdb8   0x00000134   Zero   RW         8366    .bss                cm_backtrace.o
    0x2400ceec   0x00001030   Zero   RW         8762    .bss                gui_fs_port.o
    0x2400df1c   0x0000001c   Zero   RW         8897    .bss                gui_mem_port.o
    0x2400df38   0x00000018   Zero   RW         9168    .bss                gui_bootinterface.o
    0x2400df50   0x000001ff   Zero   RW         9219    .bss                backend_res_writer.o
    0x2400e14f   0x00000001   PAD
    0x2400e150   0x0000295c   Zero   RW         9619    .bss                emXGUI100_MDK_M7.lib(x_gui.o)
    0x24010aac   0x00000100   Zero   RW         9722    .bss                emXGUI100_MDK_M7.lib(gui_input.o)
    0x24010bac   0x00000020   Zero   RW        10012    .bss                emXGUI100_MDK_M7.lib(gl_cursor.o)
    0x24010bcc   0x00000004   PAD
    0x24010bd0   0x00000200   Zero   RW            2    HEAP                startup_stm32h743xx.o
    0x24010dd0   0x00000400   Zero   RW            1    STACK               startup_stm32h743xx.o



  Load Region LR$$.ARM.__AT_0xD00BB800 (Base: 0xd00bb800, Size: 0x00000000, Max: 0x03f44800, ABSOLUTE)

    Execution Region ER$$.ARM.__AT_0xD00BB800 (Base: 0xd00bb800, Size: 0x03f44800, Max: 0x03f44800, ABSOLUTE, UNINIT)

    Base Addr    Size         Type   Attr      Idx    E Section Name        Object

    0xd00bb800   0x03f44800   Zero   RW         8896    .ARM.__AT_0xD00BB800  gui_mem_port.o


==============================================================================

Image component sizes


      Code (inc. data)   RO Data    RW Data    ZI Data      Debug   Object Name

         0          0      23288          0          0        528   ascii_16_4bpp.o
         0          0      40376          0          0        528   ascii_24_4bpp.o
      4280       2080        683         24        511       9065   backend_res_writer.o
         6          0      15350          0          0       1107   boot_logo.o
      1134         80          0          0          0      10951   bsp_i2c_touch.o
      1420         66         36          1        356      10635   bsp_lcd.o
       128         14          0          0          0       1062   bsp_led.o
      1592        254          0          4         76      44508   bsp_qspi_flash.o
       308         38          0          2      12924       4047   bsp_sdio_sd.o
      1988         58          0          0         68       5803   bsp_sdram.o
      2394        708        821          9          0      15824   bsp_touch_gtxx.o
       184         20          0          0        128       1996   bsp_usart.o
       132         20     175304          0          0       2795   cc936.o
      2096        428       2317         24        308      12186   cm_backtrace.o
        12          0          0          0          0        488   cmb_fault.o
        64         18          0          0          0       1125   core_delay.o
       536         58          0          1          0      43375   diskio.o
     10006        132         58          2         12      55833   ff.o
         4          0          0          0          0        532   gui_arch.o
      1132        310         78         16         24       4252   gui_bootinterface.o
       544        136          0          4          0       2818   gui_desktop.o
       304        116         63         16          0       4142   gui_font_port.o
       300        184          0          0       4144       1006   gui_fs_port.o
        20          0          0          0          0      34080   gui_gpu.o
         8          0          0          0          0       1075   gui_input_port.o
       164         46          0          0          0       2179   gui_lcd_port.o
         6          0          0          0          0       1092   gui_log_port.o
       274        134          0          4   66340892       6424   gui_mem_port.o
      1500        334       1028         16          0      39430   gui_res_writer_dialog.o
       212          8          0          4          0       3898   gui_resource_port.o
       518        332          0          0          0       1862   gui_startup.o
       106          4          0          4          0       2387   gui_touch_port.o
       584        138          0         24      36864       4295   heap_4.o
       136          0          0          0          0       3458   list.o
       520        140          0          0          0      48118   main.o
       874        328          0         12          0      10332   port.o
      1916        378          0          0         80      18064   queue.o
        36          8        664          0       1536        992   startup_stm32h743xx.o
        36          4          0         12          0       1784   stm32h7xx_hal.o
       192         14          0          0          0      38644   stm32h7xx_hal_cortex.o
       518         50          0          0          0       3551   stm32h7xx_hal_gpio.o
       680          4          0          0          0       3874   stm32h7xx_hal_ltdc.o
      1554          8          0          0          0       9666   stm32h7xx_hal_qspi.o
      2424         96          0          0          0       7452   stm32h7xx_hal_rcc.o
      3868        128          0          0          0       8779   stm32h7xx_hal_rcc_ex.o
      2912         50          0          0          0      20534   stm32h7xx_hal_sd.o
       180          6          0          0          0       3596   stm32h7xx_hal_sdram.o
      2538        102         24          0          0      28744   stm32h7xx_hal_uart.o
        70          4          0          0          0      11843   stm32h7xx_it.o
       238          4          0          0          0       3728   stm32h7xx_ll_fmc.o
      1718         66          0          0          0      25856   stm32h7xx_ll_sdmmc.o
         0          0          0          0          0       1464   syscall.o
       132         18         16          8          0    1234494   system_stm32h7xx.o
      2868        750          0         60        740      32775   tasks.o
       236         48          0          0          0       9339   x_gui_freertos.o

    ----------------------------------------------------------------------
     55652       7922     260156        252   66398664    1858415   Object Totals
         0          0         32          0          0          0   (incl. Generated)
        50          0         18          5          1          0   (incl. Padding)

    ----------------------------------------------------------------------

      Code (inc. data)   RO Data    RW Data    ZI Data      Debug   Library Member Name

      1172         18          0          0          0        328   gd_arc.o
      1050         20          0          0          0        572   gd_circle.o
      3366         48         68          0          0       1104   gd_line.o
       382          0          0          0          0        368   gd_pixel.o
       750          0          0          0          0        236   gd_polygon.o
      2268          6          0          0          0       1120   gd_rect.o
       824          0          0          0          0        292   gd_text.o
       132          8          0          0          0        100   gl_bitblt_1.o
       868         68        320         24         32        652   gl_cursor.o
      4992        152         20          0          0       2880   gl_mem_16bpp.o
      4592        152         20          0          0       2784   gl_mem_32bpp.o
      3538        136          0          0          0       2384   gl_mem_8bpp.o
       812         16          0          0          0        404   gui_aa_core.o
       994         20          0          0          0        100   gui_bitmap.o
       302          0          0          0          0        112   gui_blt.o
       208          0          0          0          0        316   gui_core.o
       140         10          0          0          0        376   gui_cursor.o
      1360         18          0          0          0        392   gui_face.o
       488         22          0          0          0        652   gui_font.o
       512          4         20          0          0        508   gui_font_xft.o
       720         34          0          0          0       1560   gui_gdi.o
      2696          6          0          0          0        436   gui_imagebmp.o
      1380         50          0         52        256        488   gui_input.o
       938         40          0          0          0       1104   gui_libc.o
      1888          0          0          0          0       1424   gui_message.o
      1836          0          0          0          0       1824   gui_region.o
        32         16      27692          0          0        272   gui_resource.o
       432          6          0          0          0        324   gui_timer.o
        52          4        168          0          0         80   gui_widget.o
      9394        214          0         16          0       5980   gui_window.o
       350          6         52          0          0        988   surface_argb4444.o
       228          6         52          0          0        772   surface_argb8888.o
       242          6         52          0          0        772   surface_rgb332.o
       272          6         52          0          0        784   surface_rgb565.o
       204          6         52          0          0        772   surface_xrgb8888.o
      3018         58         32          0          0        344   widget_button.o
       512          0         32          0          0        100   widget_groupbox.o
      2626         22         32          0          0        268   widget_listbox.o
      1128         18         32          0          0        332   widget_progressbar.o
      3678         26         32          0          0        876   widget_scrollbar.o
       564         20         32          0          0        128   widget_textbox.o
       956        258          0         32      10588        768   x_gui.o
     12236        164        660       1024          0       8848   lodepng.o
       276          6          0          0          0        560   lodepng_app.o
       256         26          0          0          0        256   ceil.o
       192         18          0          0          0        280   cos.o
       224         42         48          0          0        184   cos_i.o
        48         28          0          0          0        232   dunder.o
        24          0          0          0          0        124   fabs.o
       256         26          0          0          0        256   floor.o
        48          0          0          0          0        124   fpclassify.o
       112          0          0          0          0        116   poly.o
       784        138        200          0          0        172   rred.o
       192         18          0          0          0        284   sin.o
       168         24         40          0          0        196   sin_i.o
        86          0          0          0          0          0   __dczerorl2.o
        28          0          0          0          0         68   _chval.o
       158          0          0          0          0         92   _strtoul.o
        26          0          0          0          0         80   atoi.o
         8          4        133          0          0         68   ctype_o.o
         0          0          0          0          0          0   entry.o
         0          0          0          0          0          0   entry10a.o
         0          0          0          0          0          0   entry11a.o
         8          4          0          0          0          0   entry2.o
         4          0          0          0          0          0   entry5.o
         0          0          0          0          0          0   entry7b.o
         0          0          0          0          0          0   entry8b.o
         8          4          0          0          0          0   entry9a.o
        20         10          0          4          0        136   errno.o
        30          0          0          0          0          0   handlers.o
        36          8          0          0          0         68   init.o
         0          0          0          0          0          0   iusefp.o
        30          0          0          0          0         68   llshl.o
        36          0          0          0          0         68   llsshr.o
        32          0          0          0          0         68   llushr.o
       188         20          0          0          0        160   malloc.o
        40          0          0          0          0         76   memcpy.o
        36          0          0          0          0        108   memseta.o
         0          0          0          8          0          0   mvars.o
      1204         60          0          0          0        504   printf8.o
         0          0          0          4          0          0   stdout.o
        42          0          0          0          0         84   strcasecmp.o
        18          0          0          0          0         68   strcpy.o
        14          0          0          0          0         68   strlen.o
        24          0          0          0          0         76   strncpy.o
        32          0          0          0          0         68   strrchr.o
       112          0          0          0          0         88   strtol.o
        12          0          0          0          0         68   tolower.o
        98          0          0          0          0         92   uldiv.o
        48          0          0          0          0         68   cdcmple.o
        48          0          0          0          0         68   cdrcmple.o
        20          0          0          0          0         68   cfcmple.o
        20          0          0          0          0         68   cfrcmple.o
        56          0          0          0          0         88   d2f.o
       334          0          0          0          0        148   dadd.o
       222          0          0          0          0        100   ddiv.o
       186          0          0          0          0        176   depilogue.o
        62          0          0          0          0         80   dfixi.o
        50          0          0          0          0         76   dfixui.o
        34          0          0          0          0         76   dflti.o
        26          0          0          0          0         76   dfltui.o
       228          0          0          0          0         96   dmul.o
        46          0          0          0          0         80   dscalb.o
        38          0          0          0          0         68   f2d.o
       176          0          0          0          0        140   fadd.o
       124          0          0          0          0         88   fdiv.o
       110          0          0          0          0        168   fepilogue.o
        50          0          0          0          0         68   ffixi.o
        40          0          0          0          0         68   ffixui.o
        18          0          0          0          0         68   fflti.o
       100          0          0          0          0         76   fmul.o
       604          0          0          0          0       7143   x_heap.o
       108          6        152          0          0       1470   x_stdlib.o
       230          0          0          0          0       2503   x_string.o
      1230         28        160          0          0       7743   x_wstring.o

    ----------------------------------------------------------------------
     83316       2134      30160       1164      10880      70755   Library Totals
        66          0          7          0          4          0   (incl. Padding)

    ----------------------------------------------------------------------

      Code (inc. data)   RO Data    RW Data    ZI Data      Debug   Library Name

     61896       1500      28760        124      10876      36076   emXGUI100_MDK_M7.lib
     12512        170        660       1024          0       9408   libpng_MDK_M7.lib
      2304        320        288          0          0       2224   m_wv.l
      2330        110        133         16          0       2176   mc_w.l
      2036          0          0          0          0       2012   mf_w.l
      2172         34        312          0          0      18859   x_libc_MDK_M7.lib

    ----------------------------------------------------------------------
     83316       2134      30160       1164      10880      70755   Library Totals

    ----------------------------------------------------------------------

==============================================================================


      Code (inc. data)   RO Data    RW Data    ZI Data      Debug   

    138968      10056     290316       1416   66409544    1860014   Grand Totals
    138968      10056     290316       1060   66409544    1860014   ELF Image Totals (compressed)
    138968      10056     290316       1060          0          0   ROM Totals

==============================================================================

    Total RO  Size (Code + RO Data)               429284 ( 419.22kB)
    Total RW  Size (RW Data + ZI Data)          66410960 (64854.45kB)
    Total ROM Size (Code + RO Data + RW Data)     430344 ( 420.26kB)

==============================================================================

