Component: ARM Compiler 5.06 update 4 (build 422) Tool: armlink [4d35d2]

==============================================================================

Section Cross References

    startup_stm32h743xx.o(RESET) refers to startup_stm32h743xx.o(STACK) for __initial_sp
    startup_stm32h743xx.o(RESET) refers to startup_stm32h743xx.o(.text) for Reset_Handler
    startup_stm32h743xx.o(RESET) refers to stm32h7xx_it.o(i.NMI_Handler) for NMI_Handler
    startup_stm32h743xx.o(RESET) refers to cmb_fault.o(.text) for HardFault_Handler
    startup_stm32h743xx.o(RESET) refers to stm32h7xx_it.o(i.MemManage_Handler) for MemManage_Handler
    startup_stm32h743xx.o(RESET) refers to stm32h7xx_it.o(i.BusFault_Handler) for BusFault_Handler
    startup_stm32h743xx.o(RESET) refers to stm32h7xx_it.o(i.UsageFault_Handler) for UsageFault_Handler
    startup_stm32h743xx.o(RESET) refers to port.o(.emb_text) for SVC_Handler
    startup_stm32h743xx.o(RESET) refers to stm32h7xx_it.o(i.DebugMon_Handler) for DebugMon_Handler
    startup_stm32h743xx.o(RESET) refers to stm32h7xx_it.o(i.SysTick_Handler) for SysTick_Handler
    startup_stm32h743xx.o(RESET) refers to bsp_touch_gtxx.o(i.EXTI3_IRQHandler) for EXTI3_IRQHandler
    startup_stm32h743xx.o(RESET) refers to stm32h7xx_it.o(i.SDMMC1_IRQHandler) for SDMMC1_IRQHandler
    startup_stm32h743xx.o(.text) refers to system_stm32h7xx.o(i.SystemInit) for SystemInit
    startup_stm32h743xx.o(.text) refers to entry.o(.ARM.Collect$$$$00000000) for __main
    system_stm32h7xx.o(i.SystemCoreClockUpdate) refers to system_stm32h7xx.o(.data) for .data
    system_stm32h7xx.o(i.SystemCoreClockUpdate) refers to system_stm32h7xx.o(.constdata) for .constdata
    stm32h7xx_hal.o(i.HAL_DeInit) refers to stm32h7xx_hal.o(i.HAL_MspDeInit) for HAL_MspDeInit
    stm32h7xx_hal.o(i.HAL_Delay) refers to core_delay.o(i.HAL_GetTick) for HAL_GetTick
    stm32h7xx_hal.o(i.HAL_Delay) refers to stm32h7xx_hal.o(.data) for .data
    stm32h7xx_hal.o(i.HAL_GetTick) refers to stm32h7xx_hal.o(.data) for .data
    stm32h7xx_hal.o(i.HAL_GetTickFreq) refers to stm32h7xx_hal.o(.data) for .data
    stm32h7xx_hal.o(i.HAL_GetTickPrio) refers to stm32h7xx_hal.o(.data) for .data
    stm32h7xx_hal.o(i.HAL_IncTick) refers to stm32h7xx_hal.o(.data) for .data
    stm32h7xx_hal.o(i.HAL_Init) refers to stm32h7xx_hal_cortex.o(i.HAL_NVIC_SetPriorityGrouping) for HAL_NVIC_SetPriorityGrouping
    stm32h7xx_hal.o(i.HAL_Init) refers to core_delay.o(i.HAL_InitTick) for HAL_InitTick
    stm32h7xx_hal.o(i.HAL_Init) refers to stm32h7xx_hal.o(i.HAL_MspInit) for HAL_MspInit
    stm32h7xx_hal.o(i.HAL_InitTick) refers to stm32h7xx_hal_cortex.o(i.HAL_SYSTICK_Config) for HAL_SYSTICK_Config
    stm32h7xx_hal.o(i.HAL_InitTick) refers to stm32h7xx_hal_cortex.o(i.HAL_NVIC_SetPriority) for HAL_NVIC_SetPriority
    stm32h7xx_hal.o(i.HAL_InitTick) refers to stm32h7xx_hal.o(.data) for .data
    stm32h7xx_hal.o(i.HAL_InitTick) refers to system_stm32h7xx.o(.data) for SystemCoreClock
    stm32h7xx_hal.o(i.HAL_SYSCFG_EnableVREFBUF) refers to core_delay.o(i.HAL_GetTick) for HAL_GetTick
    stm32h7xx_hal.o(i.HAL_SetTickFreq) refers to core_delay.o(i.HAL_InitTick) for HAL_InitTick
    stm32h7xx_hal.o(i.HAL_SetTickFreq) refers to stm32h7xx_hal.o(.data) for .data
    stm32h7xx_hal_cortex.o(i.HAL_NVIC_SetPriority) refers to stm32h7xx_hal_cortex.o(i.__NVIC_SetPriority) for __NVIC_SetPriority
    stm32h7xx_hal_cortex.o(i.HAL_SYSTICK_Config) refers to stm32h7xx_hal_cortex.o(i.__NVIC_SetPriority) for __NVIC_SetPriority
    stm32h7xx_hal_cortex.o(i.HAL_SYSTICK_IRQHandler) refers to stm32h7xx_hal_cortex.o(i.HAL_SYSTICK_Callback) for HAL_SYSTICK_Callback
    stm32h7xx_hal_dma.o(i.DMA_CalcBaseAndBitshift) refers to stm32h7xx_hal_dma.o(.constdata) for .constdata
    stm32h7xx_hal_dma.o(i.HAL_DMA_Abort) refers to core_delay.o(i.HAL_GetTick) for HAL_GetTick
    stm32h7xx_hal_dma.o(i.HAL_DMA_DeInit) refers to stm32h7xx_hal_dma.o(i.DMA_CalcBaseAndBitshift) for DMA_CalcBaseAndBitshift
    stm32h7xx_hal_dma.o(i.HAL_DMA_DeInit) refers to stm32h7xx_hal_dma.o(i.DMA_CalcDMAMUXChannelBaseAndMask) for DMA_CalcDMAMUXChannelBaseAndMask
    stm32h7xx_hal_dma.o(i.HAL_DMA_DeInit) refers to stm32h7xx_hal_dma.o(i.DMA_CalcDMAMUXRequestGenBaseAndMask) for DMA_CalcDMAMUXRequestGenBaseAndMask
    stm32h7xx_hal_dma.o(i.HAL_DMA_IRQHandler) refers to system_stm32h7xx.o(.data) for SystemCoreClock
    stm32h7xx_hal_dma.o(i.HAL_DMA_Init) refers to core_delay.o(i.HAL_GetTick) for HAL_GetTick
    stm32h7xx_hal_dma.o(i.HAL_DMA_Init) refers to stm32h7xx_hal_dma.o(i.DMA_CheckFifoParam) for DMA_CheckFifoParam
    stm32h7xx_hal_dma.o(i.HAL_DMA_Init) refers to stm32h7xx_hal_dma.o(i.DMA_CalcBaseAndBitshift) for DMA_CalcBaseAndBitshift
    stm32h7xx_hal_dma.o(i.HAL_DMA_Init) refers to stm32h7xx_hal_dma.o(i.DMA_CalcDMAMUXChannelBaseAndMask) for DMA_CalcDMAMUXChannelBaseAndMask
[...]
    0x08000eee   0x00000002   Code   RO        10146    i.ARGB4444_MapXRGB4444  emXGUI100_MDK_M7.lib(surface_argb4444.o)
    0x08000ef0   0x0000001c   Code   RO        10147    i.ARGB4444_MapXRGB8888  emXGUI100_MDK_M7.lib(surface_argb4444.o)
    0x08000f0c   0x00000020   Code   RO        10148    i.ARGB4444_ToARGB   emXGUI100_MDK_M7.lib(surface_argb4444.o)
    0x08000f2c   0x000000c0   Code   RO         5964    i.BSP_Init          main.o
    0x08000fec   0x0000007c   Code   RO         6787    i.BSP_QSPI_Init     bsp_qspi_flash.o
    0x08001068   0x0000003c   Code   RO         6675    i.BSP_SD_Init       bsp_sdio_sd.o
    0x080010a4   0x0000009c   Code   RO         6676    i.BSP_SD_MspInit    bsp_sdio_sd.o
    0x08001140   0x0000002c   Code   RO        10041    i.BeginDraw         emXGUI100_MDK_M7.lib(gui_core.o)
    0x0800116c   0x0000009a   Code   RO         9542    i.BeginPaint        emXGUI100_MDK_M7.lib(gui_window.o)
    0x08001206   0x0000012e   Code   RO        10062    i.BitBlt            emXGUI100_MDK_M7.lib(gui_blt.o)
    0x08001334   0x00000002   Code   RO         6080    i.BusFault_Handler  stm32h7xx_it.o
    0x08001336   0x0000010e   Code   RO         9543    i.CheckWindowHit    emXGUI100_MDK_M7.lib(gui_window.o)
    0x08001444   0x000000f0   Code   RO        10260    i.CommFace_DrawWindowNC  emXGUI100_MDK_M7.lib(gui_face.o)
    0x08001534   0x0000001a   Code   RO         9282    i.CopyRect          emXGUI100_MDK_M7.lib(gui_region.o)
    0x0800154e   0x00000002   PAD
    0x08001550   0x00000070   Code   RO         9159    i.CreateDC          emXGUI100_MDK_M7.lib(gui_gdi.o)
    0x080015c0   0x00000040   Code   RO         9134    i.CreateFont        emXGUI100_MDK_M7.lib(gui_font.o)
    0x08001600   0x0000002c   Code   RO         9284    i.CreateRectRgnIndirect  emXGUI100_MDK_M7.lib(gui_region.o)
    0x0800162c   0x00000018   Code   RO         9119    i.CursorCheck       emXGUI100_MDK_M7.lib(gui_cursor.o)
    0x08001644   0x00000014   Code   RO         9120    i.CursorFix         emXGUI100_MDK_M7.lib(gui_cursor.o)
    0x08001658   0x00000020   Code   RO         9162    i.DC_Alloc          emXGUI100_MDK_M7.lib(gui_gdi.o)
    0x08001678   0x00000002   Code   RO         6081    i.DebugMon_Handler  stm32h7xx_it.o
    0x0800167a   0x00000016   Code   RO         9547    i.DefDesktopProc    emXGUI100_MDK_M7.lib(gui_window.o)
    0x08001690   0x000001ec   Code   RO         9548    i.DefWindowProc     emXGUI100_MDK_M7.lib(gui_window.o)
    0x0800187c   0x00000012   Code   RO         6388    i.Delay             bsp_i2c_touch.o
    0x0800188e   0x00000002   PAD
    0x08001890   0x00000058   Code   RO         9166    i.DeleteDC          emXGUI100_MDK_M7.lib(gui_gdi.o)
    0x080018e8   0x00000010   Code   RO         9285    i.DeleteRgn         emXGUI100_MDK_M7.lib(gui_region.o)
    0x080018f8   0x000000a0   Code   RO         9549    i.DestroyWindow     emXGUI100_MDK_M7.lib(gui_window.o)
    0x08001998   0x00000028   Code   RO         9484    i.DispatchMessage   emXGUI100_MDK_M7.lib(gui_message.o)
    0x080019c0   0x00000004   Code   RO         9426    i.Draw3DRect        emXGUI100_MDK_M7.lib(gd_rect.o)
    0x080019c4   0x000000ec   Code   RO        10069    i.DrawArc           emXGUI100_MDK_M7.lib(gd_arc.o)
    0x08001ab0   0x000003e2   Code   RO        10055    i.DrawBitmap        emXGUI100_MDK_M7.lib(gui_bitmap.o)
    0x08001e92   0x0000008e   Code   RO         9427    i.DrawRect          emXGUI100_MDK_M7.lib(gd_rect.o)
    0x08001f20   0x00000032   Code   RO         9428    i.DrawRoundRect     emXGUI100_MDK_M7.lib(gd_rect.o)
    0x08001f52   0x0000028e   Code   RO         9454    i.DrawTextEx        emXGUI100_MDK_M7.lib(gd_text.o)
    0x080021e0   0x000002d4   Code   RO        10261    i.DrawWindowNC      emXGUI100_MDK_M7.lib(gui_face.o)
    0x080024b4   0x0000001a   Code   RO         6510    i.EXTI3_IRQHandler  bsp_touch_gtxx.o
    0x080024ce   0x0000006e   Code   RO         9551    i.EnableWindow      emXGUI100_MDK_M7.lib(gui_window.o)
    0x0800253c   0x0000002a   Code   RO        10042    i.EndDraw           emXGUI100_MDK_M7.lib(gui_core.o)
    0x08002566   0x000000ee   Code   RO         9552    i.EndPaint          emXGUI100_MDK_M7.lib(gui_window.o)
    0x08002654   0x00000052   Code   RO         5540    i.FMC_SDRAM_Init    stm32h7xx_ll_fmc.o
    0x080026a6   0x0000000c   Code   RO         5541    i.FMC_SDRAM_ProgramRefreshRate  stm32h7xx_ll_fmc.o
    0x080026b2   0x00000020   Code   RO         5542    i.FMC_SDRAM_SendCommand  stm32h7xx_ll_fmc.o
    0x080026d2   0x00000002   PAD
    0x080026d4   0x00000070   Code   RO         5544    i.FMC_SDRAM_Timing_Init  stm32h7xx_ll_fmc.o
    0x08002744   0x0000012c   Code   RO         8474    i.FileSystem_Init   gui_fs_port.o
    0x08002870   0x00000006   Code   RO         9430    i.FillRect          emXGUI100_MDK_M7.lib(gd_rect.o)
    0x08002876   0x0000009c   Code   RO         9431    i.FillRoundRect     emXGUI100_MDK_M7.lib(gd_rect.o)
    0x08002912   0x00000004   Code   RO         9169    i.GDI_Init          emXGUI100_MDK_M7.lib(gui_gdi.o)
    0x08002916   0x00000078   Code   RO        10329    i.GL16_FillRectARGB  emXGUI100_MDK_M7.lib(gl_mem_16bpp.o)
    0x0800298e   0x0000002c   Code   RO        10330    i.GL16_SetPixel_ARGB  emXGUI100_MDK_M7.lib(gl_mem_16bpp.o)
    0x080029ba   0x0000005c   Code   RO        10332    i.GL16_copy_bits    emXGUI100_MDK_M7.lib(gl_mem_16bpp.o)
    0x08002a16   0x0000010e   Code   RO        10333    i.GL16_draw_bitmap_AL1  emXGUI100_MDK_M7.lib(gl_mem_16bpp.o)
    0x08002b24   0x00000188   Code   RO        10334    i.GL16_draw_bitmap_AL2  emXGUI100_MDK_M7.lib(gl_mem_16bpp.o)
    0x08002cac   0x000000f0   Code   RO        10335    i.GL16_draw_bitmap_AL4  emXGUI100_MDK_M7.lib(gl_mem_16bpp.o)
    0x08002d9c   0x0000008e   Code   RO        10336    i.GL16_draw_bitmap_AL8  emXGUI100_MDK_M7.lib(gl_mem_16bpp.o)
    0x08002e2a   0x00000090   Code   RO        10337    i.GL16_draw_bitmap_ARGB1555  emXGUI100_MDK_M7.lib(gl_mem_16bpp.o)
    0x08002eba   0x000000c8   Code   RO        10338    i.GL16_draw_bitmap_ARGB4444  emXGUI100_MDK_M7.lib(gl_mem_16bpp.o)
    0x08002f82   0x000000c0   Code   RO        10339    i.GL16_draw_bitmap_ARGB8888  emXGUI100_MDK_M7.lib(gl_mem_16bpp.o)
    0x08003042   0x00000116   Code   RO        10340    i.GL16_draw_bitmap_LUT1  emXGUI100_MDK_M7.lib(gl_mem_16bpp.o)
    0x08003158   0x00000002   Code   RO        10341    i.GL16_draw_bitmap_LUT2  emXGUI100_MDK_M7.lib(gl_mem_16bpp.o)
    0x0800315a   0x00000082   Code   RO        10342    i.GL16_draw_bitmap_LUT4  emXGUI100_MDK_M7.lib(gl_mem_16bpp.o)
    0x080031dc   0x00000050   Code   RO        10343    i.GL16_draw_bitmap_LUT8  emXGUI100_MDK_M7.lib(gl_mem_16bpp.o)
    0x0800322c   0x00000086   Code   RO        10344    i.GL16_draw_bitmap_RGB332  emXGUI100_MDK_M7.lib(gl_mem_16bpp.o)
    0x080032b2   0x000000ca   Code   RO        10345    i.GL16_draw_bitmap_RGB565  emXGUI100_MDK_M7.lib(gl_mem_16bpp.o)
    0x0800337c   0x00000094   Code   RO        10346    i.GL16_draw_bitmap_RGB888  emXGUI100_MDK_M7.lib(gl_mem_16bpp.o)
    0x08003410   0x00000086   Code   RO        10347    i.GL16_draw_bitmap_XRGB1555  emXGUI100_MDK_M7.lib(gl_mem_16bpp.o)
    0x08003496   0x00000094   Code   RO        10348    i.GL16_draw_bitmap_XRGB8888  emXGUI100_MDK_M7.lib(gl_mem_16bpp.o)
    0x0800352a   0x0000001e   Code   RO        10349    i.GL16_draw_hline   emXGUI100_MDK_M7.lib(gl_mem_16bpp.o)
    0x08003548   0x00000022   Code   RO        10350    i.GL16_draw_vline   emXGUI100_MDK_M7.lib(gl_mem_16bpp.o)
    0x0800356a   0x0000005a   Code   RO        10351    i.GL16_fill_rect    emXGUI100_MDK_M7.lib(gl_mem_16bpp.o)
    0x080035c4   0x0000000e   Code   RO        10352    i.GL16_get_pixel    emXGUI100_MDK_M7.lib(gl_mem_16bpp.o)
    0x080035d2   0x00000002   PAD
    0x080035d4   0x000003bc   Code   RO        10353    i.GL16_rotate_bitmap  emXGUI100_MDK_M7.lib(gl_mem_16bpp.o)
    0x08003990   0x000000fe   Code   RO        10354    i.GL16_scale_bitmap  emXGUI100_MDK_M7.lib(gl_mem_16bpp.o)
    0x08003a8e   0x0000000e   Code   RO        10355    i.GL16_set_addr     emXGUI100_MDK_M7.lib(gl_mem_16bpp.o)
    0x08003a9c   0x0000000e   Code   RO        10356    i.GL16_set_pixel    emXGUI100_MDK_M7.lib(gl_mem_16bpp.o)
    0x08003aaa   0x00000018   Code   RO        10357    i.GL16_xor_pixel    emXGUI100_MDK_M7.lib(gl_mem_16bpp.o)
    0x08003ac2   0x00000058   Code   RO        10392    i.GL32_FillRectARGB  emXGUI100_MDK_M7.lib(gl_mem_32bpp.o)
    0x08003b1a   0x0000002c   Code   RO        10393    i.GL32_SetPixel_ARGB  emXGUI100_MDK_M7.lib(gl_mem_32bpp.o)
    0x08003b46   0x00000044   Code   RO        10395    i.GL32_copy_bits    emXGUI100_MDK_M7.lib(gl_mem_32bpp.o)
    0x08003b8a   0x0000010c   Code   RO        10396    i.GL32_draw_bitmap_AL1  emXGUI100_MDK_M7.lib(gl_mem_32bpp.o)
    0x08003c96   0x00000002   PAD
    0x08003c98   0x00000184   Code   RO        10397    i.GL32_draw_bitmap_AL2  emXGUI100_MDK_M7.lib(gl_mem_32bpp.o)
    0x08003e1c   0x000000ec   Code   RO        10398    i.GL32_draw_bitmap_AL4  emXGUI100_MDK_M7.lib(gl_mem_32bpp.o)
    0x08003f08   0x0000008a   Code   RO        10399    i.GL32_draw_bitmap_AL8  emXGUI100_MDK_M7.lib(gl_mem_32bpp.o)
    0x08003f92   0x0000006e   Code   RO        10400    i.GL32_draw_bitmap_ARGB1555  emXGUI100_MDK_M7.lib(gl_mem_32bpp.o)
    0x08004000   0x000000a8   Code   RO        10401    i.GL32_draw_bitmap_ARGB4444  emXGUI100_MDK_M7.lib(gl_mem_32bpp.o)
    0x080040a8   0x000000a0   Code   RO        10402    i.GL32_draw_bitmap_ARGB8888  emXGUI100_MDK_M7.lib(gl_mem_32bpp.o)
    0x08004148   0x00000112   Code   RO        10403    i.GL32_draw_bitmap_LUT1  emXGUI100_MDK_M7.lib(gl_mem_32bpp.o)
    0x0800425a   0x00000002   Code   RO        10404    i.GL32_draw_bitmap_LUT2  emXGUI100_MDK_M7.lib(gl_mem_32bpp.o)
    0x0800425c   0x00000082   Code   RO        10405    i.GL32_draw_bitmap_LUT4  emXGUI100_MDK_M7.lib(gl_mem_32bpp.o)
    0x080042de   0x00000050   Code   RO        10406    i.GL32_draw_bitmap_LUT8  emXGUI100_MDK_M7.lib(gl_mem_32bpp.o)
    0x0800432e   0x00000064   Code   RO        10407    i.GL32_draw_bitmap_RGB332  emXGUI100_MDK_M7.lib(gl_mem_32bpp.o)
    0x08004392   0x00000064   Code   RO        10408    i.GL32_draw_bitmap_RGB565  emXGUI100_MDK_M7.lib(gl_mem_32bpp.o)
    0x080043f6   0x00000072   Code   RO        10409    i.GL32_draw_bitmap_RGB888  emXGUI100_MDK_M7.lib(gl_mem_32bpp.o)
    0x08004468   0x00000064   Code   RO        10410    i.GL32_draw_bitmap_XRGB1555  emXGUI100_MDK_M7.lib(gl_mem_32bpp.o)
    0x080044cc   0x000000b8   Code   RO        10411    i.GL32_draw_bitmap_XRGB8888  emXGUI100_MDK_M7.lib(gl_mem_32bpp.o)
    0x08004584   0x0000001c   Code   RO        10412    i.GL32_draw_hline   emXGUI100_MDK_M7.lib(gl_mem_32bpp.o)
    0x080045a0   0x00000020   Code   RO        10413    i.GL32_draw_vline   emXGUI100_MDK_M7.lib(gl_mem_32bpp.o)
    0x080045c0   0x0000003e   Code   RO        10414    i.GL32_fill_rect    emXGUI100_MDK_M7.lib(gl_mem_32bpp.o)
    0x080045fe   0x0000000e   Code   RO        10415    i.GL32_get_pixel    emXGUI100_MDK_M7.lib(gl_mem_32bpp.o)
    0x0800460c   0x000003b4   Code   RO        10416    i.GL32_rotate_bitmap  emXGUI100_MDK_M7.lib(gl_mem_32bpp.o)
    0x080049c0   0x000000ee   Code   RO        10417    i.GL32_scale_bitmap  emXGUI100_MDK_M7.lib(gl_mem_32bpp.o)
    0x08004aae   0x0000000e   Code   RO        10418    i.GL32_set_addr     emXGUI100_MDK_M7.lib(gl_mem_32bpp.o)
    0x08004abc   0x0000000e   Code   RO        10419    i.GL32_set_pixel    emXGUI100_MDK_M7.lib(gl_mem_32bpp.o)
    0x08004aca   0x00000014   Code   RO        10420    i.GL32_xor_pixel    emXGUI100_MDK_M7.lib(gl_mem_32bpp.o)
    0x08004ade   0x0000003e   Code   RO        10275    i.GL8_copy_bits     emXGUI100_MDK_M7.lib(gl_mem_8bpp.o)
    0x08004b1c   0x0000010c   Code   RO        10276    i.GL8_draw_bitmap_AL1  emXGUI100_MDK_M7.lib(gl_mem_8bpp.o)
    0x08004c28   0x00000002   Code   RO        10277    i.GL8_draw_bitmap_AL2  emXGUI100_MDK_M7.lib(gl_mem_8bpp.o)
    0x08004c2a   0x00000002   Code   RO        10278    i.GL8_draw_bitmap_AL4  emXGUI100_MDK_M7.lib(gl_mem_8bpp.o)
    0x08004c2c   0x000000d4   Code   RO        10279    i.GL8_draw_bitmap_AL8  emXGUI100_MDK_M7.lib(gl_mem_8bpp.o)
    0x08004d00   0x0000006c   Code   RO        10280    i.GL8_draw_bitmap_ARGB1555  emXGUI100_MDK_M7.lib(gl_mem_8bpp.o)
    0x08004d6c   0x0000001e   Code   RO        10281    i.GL8_draw_bitmap_ARGB4444  emXGUI100_MDK_M7.lib(gl_mem_8bpp.o)
    0x08004d8a   0x000000da   Code   RO        10282    i.GL8_draw_bitmap_ARGB8888  emXGUI100_MDK_M7.lib(gl_mem_8bpp.o)
    0x08004e64   0x00000110   Code   RO        10283    i.GL8_draw_bitmap_LUT1  emXGUI100_MDK_M7.lib(gl_mem_8bpp.o)
    0x08004f74   0x00000002   Code   RO        10284    i.GL8_draw_bitmap_LUT2  emXGUI100_MDK_M7.lib(gl_mem_8bpp.o)
    0x08004f76   0x00000080   Code   RO        10285    i.GL8_draw_bitmap_LUT4  emXGUI100_MDK_M7.lib(gl_mem_8bpp.o)
    0x08004ff6   0x00000050   Code   RO        10286    i.GL8_draw_bitmap_LUT8  emXGUI100_MDK_M7.lib(gl_mem_8bpp.o)
    0x08005046   0x00000062   Code   RO        10287    i.GL8_draw_bitmap_RGB332  emXGUI100_MDK_M7.lib(gl_mem_8bpp.o)
    0x080050a8   0x00000062   Code   RO        10288    i.GL8_draw_bitmap_RGB565  emXGUI100_MDK_M7.lib(gl_mem_8bpp.o)
    0x0800510a   0x00000070   Code   RO        10289    i.GL8_draw_bitmap_RGB888  emXGUI100_MDK_M7.lib(gl_mem_8bpp.o)
    0x0800517a   0x00000062   Code   RO        10290    i.GL8_draw_bitmap_XRGB1555  emXGUI100_MDK_M7.lib(gl_mem_8bpp.o)
    0x080051dc   0x00000070   Code   RO        10291    i.GL8_draw_bitmap_XRGB8888  emXGUI100_MDK_M7.lib(gl_mem_8bpp.o)
    0x0800524c   0x0000001c   Code   RO        10292    i.GL8_draw_hline    emXGUI100_MDK_M7.lib(gl_mem_8bpp.o)
    0x08005268   0x0000001e   Code   RO        10293    i.GL8_draw_vline    emXGUI100_MDK_M7.lib(gl_mem_8bpp.o)
    0x08005286   0x00000038   Code   RO        10294    i.GL8_fill_rect     emXGUI100_MDK_M7.lib(gl_mem_8bpp.o)
    0x080052be   0x0000000c   Code   RO        10295    i.GL8_get_pixel     emXGUI100_MDK_M7.lib(gl_mem_8bpp.o)
    0x080052ca   0x00000002   PAD
    0x080052cc   0x00000404   Code   RO        10296    i.GL8_rotate_bitmap  emXGUI100_MDK_M7.lib(gl_mem_8bpp.o)
    0x080056d0   0x000000e4   Code   RO        10297    i.GL8_scale_bitmap  emXGUI100_MDK_M7.lib(gl_mem_8bpp.o)
    0x080057b4   0x0000000c   Code   RO        10298    i.GL8_set_addr      emXGUI100_MDK_M7.lib(gl_mem_8bpp.o)
    0x080057c0   0x0000000c   Code   RO        10299    i.GL8_set_pixel     emXGUI100_MDK_M7.lib(gl_mem_8bpp.o)
    0x080057cc   0x00000012   Code   RO        10300    i.GL8_xor_pixel     emXGUI100_MDK_M7.lib(gl_mem_8bpp.o)
    0x080057de   0x00000084   Code   RO        10596    i.GL_BitBlt         emXGUI100_MDK_M7.lib(gl_bitblt_1.o)
    0x08005862   0x00000002   PAD
    0x08005864   0x00000038   Code   RO         9753    i.GL_CursorCheck    emXGUI100_MDK_M7.lib(gl_cursor.o)
    0x0800589c   0x0000002c   Code   RO         9754    i.GL_CursorFix      emXGUI100_MDK_M7.lib(gl_cursor.o)
    0x080058c8   0x000000fc   Code   RO         9755    i.GL_CursorInit     emXGUI100_MDK_M7.lib(gl_cursor.o)
    0x080059c4   0x0000012c   Code   RO        10071    i.GL_DrawArc        emXGUI100_MDK_M7.lib(gd_arc.o)
    0x08005af0   0x00000018   Code   RO         9756    i.GL_GetCursorPos   emXGUI100_MDK_M7.lib(gl_cursor.o)
    0x08005b08   0x000000e4   Code   RO        10358    i.GL_MEM_16BPP_Init  emXGUI100_MDK_M7.lib(gl_mem_16bpp.o)
    0x08005bec   0x000000e4   Code   RO        10421    i.GL_MEM_32BPP_Init  emXGUI100_MDK_M7.lib(gl_mem_32bpp.o)
    0x08005cd0   0x000000d4   Code   RO        10301    i.GL_MEM_8BPP_Init  emXGUI100_MDK_M7.lib(gl_mem_8bpp.o)
    0x08005da4   0x0000006c   Code   RO         9758    i.GL_SetCursorPos   emXGUI100_MDK_M7.lib(gl_cursor.o)
    0x08005e10   0x00000034   Code   RO         9759    i.GL_ShowCursor     emXGUI100_MDK_M7.lib(gl_cursor.o)
    0x08005e44   0x00000004   Code   RO         7966    i.GPU_CopyBits      gui_gpu.o
    0x08005e48   0x00000004   Code   RO         7967    i.GPU_DrawBitmap    gui_gpu.o
    0x08005e4c   0x00000004   Code   RO         7968    i.GPU_FillRect      gui_gpu.o
    0x08005e50   0x00000004   Code   RO         7969    i.GPU_FillRectARGB  gui_gpu.o
    0x08005e54   0x00000004   Code   RO         7970    i.GPU_ScaleBitmap   gui_gpu.o
    0x08005e58   0x00000118   Code   RO         6511    i.GTP_Execu         bsp_touch_gtxx.o
    0x08005f70   0x000000d8   Code   RO         6512    i.GTP_Get_Info      bsp_touch_gtxx.o
    0x08006048   0x0000006c   Code   RO         6513    i.GTP_I2C_Read      bsp_touch_gtxx.o
    0x080060b4   0x00000088   Code   RO         6515    i.GTP_I2C_Test      bsp_touch_gtxx.o
    0x0800613c   0x00000050   Code   RO         6516    i.GTP_I2C_Write     bsp_touch_gtxx.o
    0x0800618c   0x000001f8   Code   RO         6519    i.GTP_Init_Panel    bsp_touch_gtxx.o
    0x08006384   0x00000228   Code   RO         6520    i.GTP_Read_Version  bsp_touch_gtxx.o
    0x080065ac   0x00000004   Code   RO         6523    i.GTP_TouchProcess  bsp_touch_gtxx.o
    0x080065b0   0x00000002   Code   RO         6524    i.GTP_Touch_Down    bsp_touch_gtxx.o
    0x080065b2   0x00000002   Code   RO         6525    i.GTP_Touch_Up      bsp_touch_gtxx.o
    0x080065b4   0x00000068   Code   RO        10124    i.GUI_AA_Begin      emXGUI100_MDK_M7.lib(gui_aa_core.o)
    0x0800661c   0x0000001c   Code   RO        10125    i.GUI_AA_End        emXGUI100_MDK_M7.lib(gui_aa_core.o)
    0x08006638   0x0000000e   Code   RO        10008    i.GUI_AlphaBlendValue  emXGUI100_MDK_M7.lib(gui_libc.o)
    0x08006646   0x00000004   Code   RO         7870    i.GUI_Arch_Init     gui_arch.o
    0x0800664a   0x00000002   PAD
    0x0800664c   0x0000001c   Code   RO         9462    i.GUI_ClrInputWindow  emXGUI100_MDK_M7.lib(gui_input.o)
    0x08006668   0x000000e8   Code   RO         9553    i.GUI_CreateDesktop  emXGUI100_MDK_M7.lib(gui_window.o)
    0x08006750   0x000000c4   Code   RO         9485    i.GUI_CreateMsgQ    emXGUI100_MDK_M7.lib(gui_message.o)
    0x08006814   0x00000160   Code   RO         9378    i.GUI_CreateSurface  emXGUI100_MDK_M7.lib(x_gui.o)
    0x08006974   0x00000034   Code   RO         8172    i.GUI_Default_FontInit  gui_font_port.o
    0x080069a8   0x0000008e   Code   RO         9486    i.GUI_DeleteMsgQ    emXGUI100_MDK_M7.lib(gui_message.o)
    0x08006a36   0x00000024   Code   RO         9379    i.GUI_DeleteSurface  emXGUI100_MDK_M7.lib(x_gui.o)
    0x08006a5a   0x00000002   PAD
    0x08006a5c   0x00000090   Code   RO         8581    i.GUI_DesktopStartup  gui_desktop.o
    0x08006aec   0x00000098   Code   RO         8213    i.GUI_DisplayInit   gui_lcd_port.o
    0x08006b84   0x00000200   Code   RO         9554    i.GUI_FlushHandler  emXGUI100_MDK_M7.lib(gui_window.o)
    0x08006d84   0x00000004   Code   RO         8279    i.GUI_GRAM_Alloc    gui_mem_port.o
    0x08006d88   0x00000004   Code   RO         8280    i.GUI_GRAM_Free     gui_mem_port.o
    0x08006d8c   0x00000004   Code   RO         8039    i.GUI_GetCurThreadHandle  x_gui_freertos.o
    0x08006d90   0x00000012   Code   RO         8040    i.GUI_GetTickCount  x_gui_freertos.o
    0x08006da2   0x00000004   Code   RO         8404    i.GUI_InputHandler  gui_input_port.o
    0x08006da6   0x00000004   Code   RO         8405    i.GUI_InputInit     gui_input_port.o
    0x08006daa   0x00000002   PAD
    0x08006dac   0x0000004c   Code   RO         9463    i.GUI_Input_Init    emXGUI100_MDK_M7.lib(gui_input.o)
    0x08006df8   0x0000005c   Code   RO         9526    i.GUI_KillWindowTimers  emXGUI100_MDK_M7.lib(gui_timer.o)
    0x08006e54   0x00000010   Code   RO         9380    i.GUI_Lock          emXGUI100_MDK_M7.lib(x_gui.o)
    0x08006e64   0x00000004   Code   RO         8249    i.GUI_Log_Init      gui_log_port.o
    0x08006e68   0x00000012   Code   RO         8375    i.GUI_LowLevelInit  gui_startup.o
    0x08006e7a   0x00000002   PAD
    0x08006e7c   0x00000034   Code   RO         8281    i.GUI_MEM_Alloc     gui_mem_port.o
    0x08006eb0   0x00000004   Code   RO         8282    i.GUI_MEM_Free      gui_mem_port.o
    0x08006eb4   0x00000002   Code   RO         8283    i.GUI_MEM_Init      gui_mem_port.o
    0x08006eb6   0x00000004   Code   RO         9487    i.GUI_Message_Init  emXGUI100_MDK_M7.lib(gui_message.o)
    0x08006eba   0x00000006   Code   RO         8041    i.GUI_MutexCreate   x_gui_freertos.o
    0x08006ec0   0x00000004   Code   RO         8042    i.GUI_MutexDelete   x_gui_freertos.o
    0x08006ec4   0x0000001c   Code   RO         8043    i.GUI_MutexLock     x_gui_freertos.o
    0x08006ee0   0x00000004   Code   RO         8044    i.GUI_MutexUnlock   x_gui_freertos.o
    0x08006ee4   0x0000009e   Code   RO         9556    i.GUI_PaintHandler  emXGUI100_MDK_M7.lib(gui_window.o)
    0x08006f82   0x00000002   Code   RO         8250    i.GUI_Printf        gui_log_port.o
    0x08006f84   0x0000005c   Code   RO         9381    i.GUI_RectLL_Alloc  emXGUI100_MDK_M7.lib(x_gui.o)
    0x08006fe0   0x00000058   Code   RO         9382    i.GUI_RectLL_Free   emXGUI100_MDK_M7.lib(x_gui.o)
    0x08007038   0x000000b0   Code   RO         9488    i.GUI_RemoveWindowMessage  emXGUI100_MDK_M7.lib(gui_message.o)
    0x080070e8   0x0000000a   Code   RO         8045    i.GUI_SemCreate     x_gui_freertos.o
    0x080070f2   0x00000004   Code   RO         8046    i.GUI_SemDelete     x_gui_freertos.o
    0x080070f6   0x0000000a   Code   RO         8047    i.GUI_SemPost       x_gui_freertos.o
    0x08007100   0x00000020   Code   RO         8048    i.GUI_SemWait       x_gui_freertos.o
    0x08007120   0x0000000c   Code   RO         9383    i.GUI_SetDefFont    emXGUI100_MDK_M7.lib(x_gui.o)
    0x0800712c   0x0000000c   Code   RO         9385    i.GUI_SetScreenSurface  emXGUI100_MDK_M7.lib(x_gui.o)
    0x08007138   0x000001f4   Code   RO         8376    i.GUI_Startup       gui_startup.o
    0x0800732c   0x0000005c   Code   RO         8049    i.GUI_Thread_Create  x_gui_freertos.o
    0x08007388   0x0000008c   Code   RO         5965    i.GUI_Thread_Entry  main.o
    0x08007414   0x0000007e   Code   RO         9527    i.GUI_TimerHandler  emXGUI100_MDK_M7.lib(gui_timer.o)
    0x08007492   0x00000002   Code   RO         9528    i.GUI_Timer_Init    emXGUI100_MDK_M7.lib(gui_timer.o)
    0x08007494   0x0000002e   Code   RO         8437    i.GUI_TouchHandler  gui_touch_port.o
    0x080074c2   0x00000002   PAD
    0x080074c4   0x0000000c   Code   RO         9386    i.GUI_Unlock        emXGUI100_MDK_M7.lib(x_gui.o)
    0x080074d0   0x00000078   Code   RO         8284    i.GUI_VMEM_Alloc    gui_mem_port.o
    0x08007548   0x0000002c   Code   RO         8285    i.GUI_VMEM_Free     gui_mem_port.o
    0x08007574   0x0000002c   Code   RO         8286    i.GUI_VMEM_Init     gui_mem_port.o
    0x080075a0   0x00000014   Code   RO         9557    i.GUI_Window_Init   emXGUI100_MDK_M7.lib(gui_window.o)
    0x080075b4   0x00000006   Code   RO         8051    i.GUI_Yield         x_gui_freertos.o
    0x080075ba   0x00000008   Code   RO        10009    i.GUI_abs           emXGUI100_MDK_M7.lib(gui_libc.o)
    0x080075c2   0x0000006c   Code   RO        10012    i.GUI_memset16      emXGUI100_MDK_M7.lib(gui_libc.o)
    0x0800762e   0x0000008a   Code   RO        10013    i.GUI_memset16_step  emXGUI100_MDK_M7.lib(gui_libc.o)
    0x080076b8   0x0000006c   Code   RO        10014    i.GUI_memset32      emXGUI100_MDK_M7.lib(gui_libc.o)
    0x08007724   0x0000008a   Code   RO        10015    i.GUI_memset32_step  emXGUI100_MDK_M7.lib(gui_libc.o)
    0x080077ae   0x0000000a   Code   RO        10016    i.GUI_memset8       emXGUI100_MDK_M7.lib(gui_libc.o)
    0x080077b8   0x0000007a   Code   RO        10017    i.GUI_memset8_step  emXGUI100_MDK_M7.lib(gui_libc.o)
    0x08007832   0x0000000e   Code   RO         8052    i.GUI_msleep        x_gui_freertos.o
    0x08007840   0x00000040   Code   RO        10018    i.GUI_wstr_alloc    emXGUI100_MDK_M7.lib(gui_libc.o)
    0x08007880   0x00000004   Code   RO        10019    i.GUI_wstr_free     emXGUI100_MDK_M7.lib(gui_libc.o)
    0x08007884   0x00000016   Code   RO        10020    i.GUI_wstrchr       emXGUI100_MDK_M7.lib(gui_libc.o)
    0x0800789a   0x00000012   Code   RO        10021    i.GUI_wstrlen       emXGUI100_MDK_M7.lib(gui_libc.o)
    0x080078ac   0x00000022   Code   RO        10023    i.GUI_wstrncpy      emXGUI100_MDK_M7.lib(gui_libc.o)
    0x080078ce   0x00000002   PAD
    0x080078d0   0x00000018   Code   RO         9558    i.GetCapture        emXGUI100_MDK_M7.lib(gui_window.o)
    0x080078e8   0x0000002a   Code   RO         9559    i.GetClientRect     emXGUI100_MDK_M7.lib(gui_window.o)
    0x08007912   0x0000002c   Code   RO         9560    i.GetClientRectToScreen  emXGUI100_MDK_M7.lib(gui_window.o)
    0x0800793e   0x0000002c   Code   RO         9122    i.GetCursorPos      emXGUI100_MDK_M7.lib(gui_cursor.o)
    0x0800796a   0x00000002   PAD
    0x0800796c   0x00000244   Code   RO         9562    i.GetDCEx           emXGUI100_MDK_M7.lib(gui_window.o)
    0x08007bb0   0x00000018   Code   RO         9563    i.GetDesktopWindow  emXGUI100_MDK_M7.lib(gui_window.o)
    0x08007bc8   0x00000018   Code   RO         9566    i.GetForegroundWindow  emXGUI100_MDK_M7.lib(gui_window.o)
    0x08007be0   0x00000034   Code   RO         9489    i.GetMessage        emXGUI100_MDK_M7.lib(gui_message.o)
    0x08007c14   0x00000018   Code   RO         9567    i.GetParent         emXGUI100_MDK_M7.lib(gui_window.o)
    0x08007c2c   0x0000001c   Code   RO         9178    i.GetRGB            emXGUI100_MDK_M7.lib(gui_gdi.o)
    0x08007c48   0x0000001c   Code   RO         9387    i.GetSystemMetrics  emXGUI100_MDK_M7.lib(x_gui.o)
    0x08007c64   0x0000009e   Code   RO         9138    i.GetTextExtent     emXGUI100_MDK_M7.lib(gui_font.o)
    0x08007d02   0x00000084   Code   RO         9139    i.GetTextWidth      emXGUI100_MDK_M7.lib(gui_font.o)
    0x08007d86   0x00000022   Code   RO         9568    i.GetWindow         emXGUI100_MDK_M7.lib(gui_window.o)
    0x08007da8   0x00000008   Code   RO         9569    i.GetWindowDC       emXGUI100_MDK_M7.lib(gui_window.o)
    0x08007db0   0x00000038   Code   RO         9572    i.GetWindowFromPoint  emXGUI100_MDK_M7.lib(gui_window.o)
    0x08007de8   0x00000050   Code   RO         9573    i.GetWindowLong     emXGUI100_MDK_M7.lib(gui_window.o)
    0x08007e38   0x00000004   Code   RO         9574    i.GetWindowMsgQ     emXGUI100_MDK_M7.lib(gui_window.o)
    0x08007e3c   0x0000002c   Code   RO         9576    i.GetWindowRect     emXGUI100_MDK_M7.lib(gui_window.o)
    0x08007e68   0x000001a0   Code   RO         6527    i.Goodix_TS_Work_Func  bsp_touch_gtxx.o
    0x08008008   0x00000024   Code   RO          190    i.HAL_Delay         stm32h7xx_hal.o
    0x0800802c   0x000001ec   Code   RO         1544    i.HAL_GPIO_Init     stm32h7xx_hal_gpio.o
    0x08008218   0x0000000e   Code   RO         1546    i.HAL_GPIO_ReadPin  stm32h7xx_hal_gpio.o
    0x08008226   0x0000000c   Code   RO         1548    i.HAL_GPIO_WritePin  stm32h7xx_hal_gpio.o
    0x08008232   0x00000002   PAD
    0x08008234   0x0000001c   Code   RO         6345    i.HAL_GetTick       core_delay.o
    0x08008250   0x00000024   Code   RO         6346    i.HAL_InitTick      core_delay.o
    0x08008274   0x00000054   Code   RO         2356    i.HAL_LTDC_ConfigLayer  stm32h7xx_hal_ltdc.o
    0x080082c8   0x000000f4   Code   RO         2373    i.HAL_LTDC_Init     stm32h7xx_hal_ltdc.o
    0x080083bc   0x00000002   Code   RO         2376    i.HAL_LTDC_MspInit  stm32h7xx_hal_ltdc.o
    0x080083be   0x00000022   Code   RO          576    i.HAL_NVIC_DisableIRQ  stm32h7xx_hal_cortex.o
    0x080083e0   0x0000001a   Code   RO          577    i.HAL_NVIC_EnableIRQ  stm32h7xx_hal_cortex.o
    0x080083fa   0x00000002   PAD
    0x080083fc   0x00000040   Code   RO          583    i.HAL_NVIC_SetPriority  stm32h7xx_hal_cortex.o
    0x0800843c   0x00000024   Code   RO          584    i.HAL_NVIC_SetPriorityGrouping  stm32h7xx_hal_cortex.o
    0x08008460   0x000000aa   Code   RO         3528    i.HAL_QSPI_AutoPolling  stm32h7xx_hal_qspi.o
    0x0800850a   0x00000092   Code   RO         3531    i.HAL_QSPI_Command  stm32h7xx_hal_qspi.o
    0x0800859c   0x000000dc   Code   RO         3540    i.HAL_QSPI_Init     stm32h7xx_hal_qspi.o
    0x08008678   0x00000002   Code   RO         3543    i.HAL_QSPI_MspInit  stm32h7xx_hal_qspi.o
    0x0800867a   0x00000004   Code   RO         3550    i.HAL_QSPI_SetTimeout  stm32h7xx_hal_qspi.o
    0x0800867e   0x000000c4   Code   RO         3553    i.HAL_QSPI_Transmit  stm32h7xx_hal_qspi.o
    0x08008742   0x00000002   PAD
    0x08008744   0x00000034   Code   RO         3879    i.HAL_RCCEx_GetD1SysClockFreq  stm32h7xx_hal_rcc_ex.o
    0x08008778   0x0000002c   Code   RO         3880    i.HAL_RCCEx_GetD3PCLK1Freq  stm32h7xx_hal_rcc_ex.o
    0x080087a4   0x00000194   Code   RO         3882    i.HAL_RCCEx_GetPLL2ClockFreq  stm32h7xx_hal_rcc_ex.o
    0x08008938   0x00000194   Code   RO         3883    i.HAL_RCCEx_GetPLL3ClockFreq  stm32h7xx_hal_rcc_ex.o
    0x08008acc   0x000009ec   Code   RO         3887    i.HAL_RCCEx_PeriphCLKConfig  stm32h7xx_hal_rcc_ex.o
    0x080094b8   0x000001ec   Code   RO         3772    i.HAL_RCC_ClockConfig  stm32h7xx_hal_rcc.o
    0x080096a4   0x00000034   Code   RO         3776    i.HAL_RCC_GetHCLKFreq  stm32h7xx_hal_rcc.o
    0x080096d8   0x0000002c   Code   RO         3778    i.HAL_RCC_GetPCLK1Freq  stm32h7xx_hal_rcc.o
    0x08009704   0x0000002c   Code   RO         3779    i.HAL_RCC_GetPCLK2Freq  stm32h7xx_hal_rcc.o
    0x08009730   0x00000188   Code   RO         3780    i.HAL_RCC_GetSysClockFreq  stm32h7xx_hal_rcc.o
    0x080098b8   0x00000578   Code   RO         3783    i.HAL_RCC_OscConfig  stm32h7xx_hal_rcc.o
    0x08009e30   0x00000002   Code   RO         4189    i.HAL_SDEx_Read_DMADoubleBuffer0CpltCallback  stm32h7xx_hal_sd.o
    0x08009e32   0x00000002   Code   RO         4190    i.HAL_SDEx_Read_DMADoubleBuffer1CpltCallback  stm32h7xx_hal_sd.o
    0x08009e34   0x00000002   Code   RO         4191    i.HAL_SDEx_Write_DMADoubleBuffer0CpltCallback  stm32h7xx_hal_sd.o
    0x08009e36   0x00000002   Code   RO         4192    i.HAL_SDEx_Write_DMADoubleBuffer1CpltCallback  stm32h7xx_hal_sd.o
    0x08009e38   0x00000054   Code   RO         4491    i.HAL_SDRAM_Init    stm32h7xx_hal_sdram.o
    0x08009e8c   0x00000002   Code   RO         4493    i.HAL_SDRAM_MspInit  stm32h7xx_hal_sdram.o
    0x08009e8e   0x00000026   Code   RO         4494    i.HAL_SDRAM_ProgramRefreshRate  stm32h7xx_hal_sdram.o
    0x08009eb4   0x00000038   Code   RO         4500    i.HAL_SDRAM_SendCommand  stm32h7xx_hal_sdram.o
    0x08009eec   0x000000b8   Code   RO         4196    i.HAL_SD_ConfigWideBusOperation  stm32h7xx_hal_sd.o
    0x08009fa4   0x00000002   Code   RO         4199    i.HAL_SD_ErrorCallback  stm32h7xx_hal_sd.o
    0x08009fa6   0x00000002   PAD
    0x08009fa8   0x000001e0   Code   RO         4201    i.HAL_SD_GetCardCSD  stm32h7xx_hal_sd.o
    0x0800a188   0x00000024   Code   RO         4202    i.HAL_SD_GetCardInfo  stm32h7xx_hal_sd.o
    0x0800a1ac   0x0000002c   Code   RO         4203    i.HAL_SD_GetCardState  stm32h7xx_hal_sd.o
    0x0800a1d8   0x00000214   Code   RO         4207    i.HAL_SD_IRQHandler  stm32h7xx_hal_sd.o
    0x0800a3ec   0x00000050   Code   RO         4208    i.HAL_SD_Init       stm32h7xx_hal_sd.o
    0x0800a43c   0x0000005c   Code   RO         4209    i.HAL_SD_InitCard   stm32h7xx_hal_sd.o
    0x0800a498   0x00000002   Code   RO         4211    i.HAL_SD_MspInit    stm32h7xx_hal_sd.o
    0x0800a49a   0x00000002   PAD
    0x0800a49c   0x00000100   Code   RO         4213    i.HAL_SD_ReadBlocks_DMA  stm32h7xx_hal_sd.o
    0x0800a59c   0x0000000c   Code   RO         6679    i.HAL_SD_RxCpltCallback  bsp_sdio_sd.o
    0x0800a5a8   0x0000000c   Code   RO         6680    i.HAL_SD_TxCpltCallback  bsp_sdio_sd.o
    0x0800a5b4   0x0000011c   Code   RO         4218    i.HAL_SD_WriteBlocks_DMA  stm32h7xx_hal_sd.o
    0x0800a6d0   0x00000070   Code   RO         4847    i.HAL_UART_Init     stm32h7xx_hal_uart.o
    0x0800a740   0x00000002   Code   RO         4849    i.HAL_UART_MspInit  stm32h7xx_hal_uart.o
    0x0800a742   0x000000ba   Code   RO         4855    i.HAL_UART_Transmit  stm32h7xx_hal_uart.o
    0x0800a7fc   0x00000004   Code   RO         9181    i.HDC_Lock          emXGUI100_MDK_M7.lib(gui_gdi.o)
    0x0800a800   0x00000002   Code   RO         9182    i.HDC_Unlock        emXGUI100_MDK_M7.lib(gui_gdi.o)
    0x0800a802   0x0000004e   Code   RO        10079    i.HLine             emXGUI100_MDK_M7.lib(gd_line.o)
    0x0800a850   0x000000b8   Code   RO         6389    i.I2C_GPIO_Config   bsp_i2c_touch.o
    0x0800a908   0x00000044   Code   RO         6390    i.I2C_GTP_IRQDisable  bsp_i2c_touch.o
    0x0800a94c   0x0000004c   Code   RO         6391    i.I2C_GTP_IRQEnable  bsp_i2c_touch.o
    0x0800a998   0x00000046   Code   RO         6392    i.I2C_ReadBytes     bsp_i2c_touch.o
    0x0800a9de   0x00000002   PAD
    0x0800a9e0   0x0000007c   Code   RO         6393    i.I2C_ResetChip     bsp_i2c_touch.o
    0x0800aa5c   0x00000012   Code   RO         6394    i.I2C_Touch_Init    bsp_i2c_touch.o
    0x0800aa6e   0x00000044   Code   RO         6528    i.I2C_Transfer      bsp_touch_gtxx.o
    0x0800aab2   0x00000058   Code   RO         6395    i.I2C_WriteBytes    bsp_i2c_touch.o
    0x0800ab0a   0x00000026   Code   RO         9287    i.InflateRect       emXGUI100_MDK_M7.lib(gui_region.o)
    0x0800ab30   0x00000032   Code   RO         9288    i.InflateRectEx     emXGUI100_MDK_M7.lib(gui_region.o)
    0x0800ab62   0x00000002   PAD
    0x0800ab64   0x000000bc   Code   RO         9183    i.InitDC            emXGUI100_MDK_M7.lib(gui_gdi.o)
    0x0800ac20   0x000000de   Code   RO         9289    i.InsertRECT_LL     emXGUI100_MDK_M7.lib(gui_region.o)
    0x0800acfe   0x0000007c   Code   RO         9290    i.IntersectRect     emXGUI100_MDK_M7.lib(gui_region.o)
    0x0800ad7a   0x00000032   Code   RO         9579    i.InvalidateRect    emXGUI100_MDK_M7.lib(gui_window.o)
    0x0800adac   0x0000003c   Code   RO         9291    i.IsCoveredRect     emXGUI100_MDK_M7.lib(gui_region.o)
    0x0800ade8   0x0000000c   Code   RO         9184    i.IsEnableAlpha     emXGUI100_MDK_M7.lib(gui_gdi.o)
    0x0800adf4   0x00000020   Code   RO         9580    i.IsEnableDragWindow  emXGUI100_MDK_M7.lib(gui_window.o)
    0x0800ae14   0x00000018   Code   RO         9581    i.IsHWND            emXGUI100_MDK_M7.lib(gui_window.o)
    0x0800ae2c   0x0000000c   Code   RO         9185    i.IsMemDC           emXGUI100_MDK_M7.lib(gui_gdi.o)
    0x0800ae38   0x00000018   Code   RO         9294    i.IsRectEmpty       emXGUI100_MDK_M7.lib(gui_region.o)
    0x0800ae50   0x00000036   Code   RO         9582    i.IsWindowEnabled   emXGUI100_MDK_M7.lib(gui_window.o)
    0x0800ae86   0x00000002   PAD
    0x0800ae88   0x00000020   Code   RO         6288    i.LCD_BackLed_Control  bsp_lcd.o
    0x0800aea8   0x00000004   Code   RO         8214    i.LCD_BkLight       gui_lcd_port.o
    0x0800aeac   0x00000024   Code   RO         6289    i.LCD_ClockConfig   bsp_lcd.o
    0x0800aed0   0x000003d0   Code   RO         6290    i.LCD_GPIO_Config   bsp_lcd.o
    0x0800b2a0   0x00000008   Code   RO         8215    i.LCD_HardInit      gui_lcd_port.o
    0x0800b2a8   0x0000010c   Code   RO         6291    i.LCD_Init          bsp_lcd.o
    0x0800b3b4   0x0000006c   Code   RO         6292    i.LCD_LayerInit     bsp_lcd.o
    0x0800b420   0x00000080   Code   RO         6162    i.LED_GPIO_Config   bsp_led.o
    0x0800b4a0   0x0000015e   Code   RO         2392    i.LTDC_SetConfig    stm32h7xx_hal_ltdc.o
    0x0800b5fe   0x00000336   Code   RO        10080    i.Line              emXGUI100_MDK_M7.lib(gd_line.o)
    0x0800b934   0x00000018   Code   RO         9193    i.MapRGB            emXGUI100_MDK_M7.lib(gui_gdi.o)
    0x0800b94c   0x0000000a   Code   RO         9198    i.MapXRGB8888       emXGUI100_MDK_M7.lib(gui_gdi.o)
    0x0800b956   0x00000002   Code   RO         6082    i.MemManage_Handler  stm32h7xx_it.o
    0x0800b958   0x00000280   Code   RO         9468    i.MouseEventHandler  emXGUI100_MDK_M7.lib(gui_input.o)
    0x0800bbd8   0x000000cc   Code   RO         9469    i.MouseInput        emXGUI100_MDK_M7.lib(gui_input.o)
    0x0800bca4   0x000001b0   Code   RO         9470    i.MouseInputHandler  emXGUI100_MDK_M7.lib(gui_input.o)
    0x0800be54   0x00000002   Code   RO         6083    i.NMI_Handler       stm32h7xx_it.o
    0x0800be56   0x00000186   Code   RO         9492    i.PeekMessage       emXGUI100_MDK_M7.lib(gui_message.o)
    0x0800bfdc   0x0000003a   Code   RO         9494    i.PostCloseMessage  emXGUI100_MDK_M7.lib(gui_message.o)
    0x0800c016   0x00000126   Code   RO         9495    i.PostMessage       emXGUI100_MDK_M7.lib(gui_message.o)
    0x0800c13c   0x00000036   Code   RO         9496    i.PostQuitMessage   emXGUI100_MDK_M7.lib(gui_message.o)
    0x0800c172   0x00000002   PAD
    0x0800c174   0x00000050   Code   RO         6790    i.QSPI_AutoPollingMemReady  bsp_qspi_flash.o
    0x0800c1c4   0x00000216   Code   RO         3558    i.QSPI_Config       stm32h7xx_hal_qspi.o
    0x0800c3da   0x00000002   PAD
    0x0800c3dc   0x0000015c   Code   RO         6791    i.QSPI_FLASH_Init   bsp_qspi_flash.o
    0x0800c538   0x0000005c   Code   RO         6796    i.QSPI_ResetMemory  bsp_qspi_flash.o
    0x0800c594   0x0000004c   Code   RO         3563    i.QSPI_WaitFlagStateUntilTimeout  stm32h7xx_hal_qspi.o
    0x0800c5e0   0x0000006c   Code   RO         6799    i.QSPI_WriteEnable  bsp_qspi_flash.o
    0x0800c64c   0x000000d4   Code   RO         3890    i.RCCEx_PLL2_Config  stm32h7xx_hal_rcc_ex.o
    0x0800c720   0x000000d4   Code   RO         3891    i.RCCEx_PLL3_Config  stm32h7xx_hal_rcc_ex.o
    0x0800c7f4   0x00000004   Code   RO         9301    i.RECT_LLAddRect    emXGUI100_MDK_M7.lib(gui_region.o)
    0x0800c7f8   0x0000001c   Code   RO         8502    i.RES_DevInit       gui_resource_port.o
    0x0800c814   0x00000034   Code   RO        10044    i.RGB32_AVG         emXGUI100_MDK_M7.lib(gui_core.o)
    0x0800c848   0x00000046   Code   RO        10045    i.RGB32_Offset      emXGUI100_MDK_M7.lib(gui_core.o)
    0x0800c88e   0x000000ee   Code   RO         9305    i.RGN_SubtractRect  emXGUI100_MDK_M7.lib(gui_region.o)
    0x0800c97c   0x00000174   Code   RO         9587    i.ReleaseDC         emXGUI100_MDK_M7.lib(gui_window.o)
    0x0800caf0   0x00000024   Code   RO         8624    i.SCB_CleanDCache_by_Addr  diskio.o
    0x0800cb14   0x00000024   Code   RO         8625    i.SCB_InvalidateDCache_by_Addr  diskio.o
    0x0800cb38   0x00000028   Code   RO         6084    i.SDMMC1_IRQHandler  stm32h7xx_it.o
    0x0800cb60   0x00000034   Code   RO         5675    i.SDMMC_CmdAppCommand  stm32h7xx_ll_sdmmc.o
    0x0800cb94   0x0000002e   Code   RO         5676    i.SDMMC_CmdAppOperCommand  stm32h7xx_ll_sdmmc.o
    0x0800cbc2   0x00000032   Code   RO         5677    i.SDMMC_CmdBlockLength  stm32h7xx_ll_sdmmc.o
    0x0800cbf4   0x00000034   Code   RO         5678    i.SDMMC_CmdBusWidth  stm32h7xx_ll_sdmmc.o
    0x0800cc28   0x00000028   Code   RO         5682    i.SDMMC_CmdGoIdleState  stm32h7xx_ll_sdmmc.o
    0x0800cc50   0x00000030   Code   RO         5684    i.SDMMC_CmdOperCond  stm32h7xx_ll_sdmmc.o
    0x0800cc80   0x00000034   Code   RO         5685    i.SDMMC_CmdReadMultiBlock  stm32h7xx_ll_sdmmc.o
    0x0800ccb4   0x00000034   Code   RO         5686    i.SDMMC_CmdReadSingleBlock  stm32h7xx_ll_sdmmc.o
    0x0800cce8   0x00000034   Code   RO         5689    i.SDMMC_CmdSelDesel  stm32h7xx_ll_sdmmc.o
    0x0800cd1c   0x0000002e   Code   RO         5690    i.SDMMC_CmdSendCID  stm32h7xx_ll_sdmmc.o
    0x0800cd4a   0x0000002e   Code   RO         5691    i.SDMMC_CmdSendCSD  stm32h7xx_ll_sdmmc.o
    0x0800cd78   0x00000032   Code   RO         5693    i.SDMMC_CmdSendSCR  stm32h7xx_ll_sdmmc.o
    0x0800cdaa   0x00000034   Code   RO         5694    i.SDMMC_CmdSendStatus  stm32h7xx_ll_sdmmc.o
    0x0800cdde   0x00000032   Code   RO         5695    i.SDMMC_CmdSetRelAdd  stm32h7xx_ll_sdmmc.o
    0x0800ce10   0x00000034   Code   RO         5697    i.SDMMC_CmdStopTransfer  stm32h7xx_ll_sdmmc.o
    0x0800ce44   0x00000034   Code   RO         5700    i.SDMMC_CmdWriteMultiBlock  stm32h7xx_ll_sdmmc.o
    0x0800ce78   0x00000034   Code   RO         5701    i.SDMMC_CmdWriteSingleBlock  stm32h7xx_ll_sdmmc.o
    0x0800ceac   0x00000024   Code   RO         5702    i.SDMMC_ConfigData  stm32h7xx_ll_sdmmc.o
    0x0800ced0   0x00000034   Code   RO         5703    i.SDMMC_GetCmdError  stm32h7xx_ll_sdmmc.o
    0x0800cf04   0x0000011c   Code   RO         5704    i.SDMMC_GetCmdResp1  stm32h7xx_ll_sdmmc.o
    0x0800d020   0x00000054   Code   RO         5705    i.SDMMC_GetCmdResp2  stm32h7xx_ll_sdmmc.o
    0x0800d074   0x00000044   Code   RO         5706    i.SDMMC_GetCmdResp3  stm32h7xx_ll_sdmmc.o
    0x0800d0b8   0x0000008c   Code   RO         5707    i.SDMMC_GetCmdResp6  stm32h7xx_ll_sdmmc.o
    0x0800d144   0x00000048   Code   RO         5708    i.SDMMC_GetCmdResp7  stm32h7xx_ll_sdmmc.o
    0x0800d18c   0x00000006   Code   RO         5709    i.SDMMC_GetCommandResponse  stm32h7xx_ll_sdmmc.o
    0x0800d192   0x00000008   Code   RO         5712    i.SDMMC_GetPowerState  stm32h7xx_ll_sdmmc.o
    0x0800d19a   0x0000000e   Code   RO         5713    i.SDMMC_GetResponse  stm32h7xx_ll_sdmmc.o
    0x0800d1a8   0x00000028   Code   RO         5714    i.SDMMC_Init        stm32h7xx_ll_sdmmc.o
    0x0800d1d0   0x00000014   Code   RO         5716    i.SDMMC_PowerState_ON  stm32h7xx_ll_sdmmc.o
    0x0800d1e4   0x00000006   Code   RO         5717    i.SDMMC_ReadFIFO    stm32h7xx_ll_sdmmc.o
    0x0800d1ea   0x00000022   Code   RO         5718    i.SDMMC_SendCommand  stm32h7xx_ll_sdmmc.o
    0x0800d20c   0x0000000a   Code   RO         5720    i.SDMMC_WriteFIFO   stm32h7xx_ll_sdmmc.o
    0x0800d216   0x00000002   PAD
    0x0800d218   0x00000684   Code   RO         6228    i.SDRAM_GPIO_Config  bsp_sdram.o
    0x0800d89c   0x0000009c   Code   RO         6229    i.SDRAM_Init        bsp_sdram.o
    0x0800d938   0x00000084   Code   RO         6230    i.SDRAM_InitSequence  bsp_sdram.o
    0x0800d9bc   0x00000020   Code   RO         6234    i.SDRAM_delay       bsp_sdram.o
    0x0800d9dc   0x00000118   Code   RO         4220    i.SD_FindSCR        stm32h7xx_hal_sd.o
    0x0800daf4   0x000000ce   Code   RO         4221    i.SD_InitCard       stm32h7xx_hal_sd.o
    0x0800dbc2   0x00000002   PAD
    0x0800dbc4   0x00000098   Code   RO         4223    i.SD_PowerON        stm32h7xx_hal_sd.o
    0x0800dc5c   0x00000022   Code   RO         4224    i.SD_Read_IT        stm32h7xx_hal_sd.o
    0x0800dc7e   0x0000002e   Code   RO         4226    i.SD_SendStatus     stm32h7xx_hal_sd.o
    0x0800dcac   0x0000004e   Code   RO         4227    i.SD_WideBus_Disable  stm32h7xx_hal_sd.o
    0x0800dcfa   0x00000052   Code   RO         4228    i.SD_WideBus_Enable  stm32h7xx_hal_sd.o
    0x0800dd4c   0x00000022   Code   RO         4229    i.SD_Write_IT       stm32h7xx_hal_sd.o
    0x0800dd6e   0x00000028   Code   RO         9588    i.ScreenToClient    emXGUI100_MDK_M7.lib(gui_window.o)
    0x0800dd96   0x00000040   Code   RO         9589    i.ScreenToWindow    emXGUI100_MDK_M7.lib(gui_window.o)
    0x0800ddd6   0x0000009e   Code   RO         9497    i.SendMessage       emXGUI100_MDK_M7.lib(gui_message.o)
    0x0800de74   0x00000008   Code   RO         9203    i.SetBrushColor     emXGUI100_MDK_M7.lib(gui_gdi.o)
    0x0800de7c   0x0000001c   Code   RO         9124    i.SetCursorPos      emXGUI100_MDK_M7.lib(gui_cursor.o)
    0x0800de98   0x00000024   Code   RO         9141    i.SetFont           emXGUI100_MDK_M7.lib(gui_font.o)
    0x0800debc   0x00000174   Code   RO         9592    i.SetForegroundWindow  emXGUI100_MDK_M7.lib(gui_window.o)
    0x0800e030   0x00000008   Code   RO         9206    i.SetPenColor       emXGUI100_MDK_M7.lib(gui_gdi.o)
    0x0800e038   0x00000004   Code   RO        10109    i.SetPixel          emXGUI100_MDK_M7.lib(gd_pixel.o)
    0x0800e03c   0x00000008   Code   RO         9210    i.SetTextColor      emXGUI100_MDK_M7.lib(gui_gdi.o)
    0x0800e044   0x000000d4   Code   RO         9531    i.SetTimer          emXGUI100_MDK_M7.lib(gui_timer.o)
    0x0800e118   0x0000003e   Code   RO         9598    i.SetWindowPos      emXGUI100_MDK_M7.lib(gui_window.o)
    0x0800e156   0x00000018   Code   RO         9125    i.ShowCursor        emXGUI100_MDK_M7.lib(gui_cursor.o)
    0x0800e16e   0x00000088   Code   RO         9602    i.ShowWindow        emXGUI100_MDK_M7.lib(gui_window.o)
    0x0800e1f6   0x00000104   Code   RO         9317    i.SubtractRectEx    emXGUI100_MDK_M7.lib(gui_region.o)
    0x0800e2fa   0x00000002   PAD
    0x0800e2fc   0x00000020   Code   RO        10149    i.SurfaceInit_ARGB4444  emXGUI100_MDK_M7.lib(surface_argb4444.o)
    0x0800e31c   0x00000020   Code   RO        10165    i.SurfaceInit_ARGB8888  emXGUI100_MDK_M7.lib(surface_argb8888.o)
    0x0800e33c   0x00000020   Code   RO        10188    i.SurfaceInit_RGB332  emXGUI100_MDK_M7.lib(surface_rgb332.o)
    0x0800e35c   0x00000020   Code   RO        10211    i.SurfaceInit_RGB565  emXGUI100_MDK_M7.lib(surface_rgb565.o)
    0x0800e37c   0x00000020   Code   RO        10234    i.SurfaceInit_XRGB8888  emXGUI100_MDK_M7.lib(surface_xrgb8888.o)
    0x0800e39c   0x00000014   Code   RO         6085    i.SysTick_Handler   stm32h7xx_it.o
    0x0800e3b0   0x00000088   Code   RO         5966    i.SystemClock_Config  main.o
    0x0800e438   0x00000084   Code   RO           14    i.SystemInit        system_stm32h7xx.o
    0x0800e4bc   0x00000040   Code   RO         9456    i.TextOut           emXGUI100_MDK_M7.lib(gd_text.o)
    0x0800e4fc   0x0000002c   Code   RO         8438    i.TouchDev_GetPoint  gui_touch_port.o
    0x0800e528   0x00000010   Code   RO         8439    i.TouchDev_Init     gui_touch_port.o
    0x0800e538   0x00000054   Code   RO         9498    i.TranslateMessage  emXGUI100_MDK_M7.lib(gui_message.o)
    0x0800e58c   0x000000c8   Code   RO         4860    i.UART_AdvFeatureConfig  stm32h7xx_hal_uart.o
    0x0800e654   0x0000005c   Code   RO         4861    i.UART_CheckIdleState  stm32h7xx_hal_uart.o
    0x0800e6b0   0x00000736   Code   RO         4876    i.UART_SetConfig    stm32h7xx_hal_uart.o
    0x0800ede6   0x00000064   Code   RO         4878    i.UART_WaitOnFlagUntilTimeout  stm32h7xx_hal_uart.o
    0x0800ee4a   0x00000002   PAD
    0x0800ee4c   0x000000a0   Code   RO         6186    i.UARTx_Config      bsp_usart.o
    0x0800eeec   0x0000002a   Code   RO         9603    i.UpdateWindow      emXGUI100_MDK_M7.lib(gui_window.o)
    0x0800ef16   0x00000002   Code   RO         6086    i.UsageFault_Handler  stm32h7xx_it.o
    0x0800ef18   0x0000004c   Code   RO        10083    i.VLine             emXGUI100_MDK_M7.lib(gd_line.o)
    0x0800ef64   0x00000044   Code   RO         6686    i.WIFI_PDN_INIT     bsp_sdio_sd.o
    0x0800efa8   0x00000024   Code   RO         9606    i.WIN_Lock          emXGUI100_MDK_M7.lib(gui_window.o)
    0x0800efcc   0x0000003c   Code   RO         9607    i.WIN_Unlock        emXGUI100_MDK_M7.lib(gui_window.o)
    0x0800f008   0x0000000c   Code   RO         9409    i.XFT_CreateFont    emXGUI100_MDK_M7.lib(gui_font_xft.o)
    0x0800f014   0x00000134   Code   RO         9390    i.X_GUI_Init        emXGUI100_MDK_M7.lib(x_gui.o)
    0x0800f148   0x0000015a   Code   RO         9609    i._CalculateWindowClipRgn  emXGUI100_MDK_M7.lib(gui_window.o)
    0x0800f2a2   0x0000002a   Code   RO         9610    i._ClientToScreen   emXGUI100_MDK_M7.lib(gui_window.o)
    0x0800f2cc   0x00000012   Code   RO         9320    i._CopyRect         emXGUI100_MDK_M7.lib(gui_region.o)
    0x0800f2de   0x00000002   PAD
    0x0800f2e0   0x000000b0   Code   RO         9760    i._CursorHide       emXGUI100_MDK_M7.lib(gl_cursor.o)
    0x0800f390   0x0000009c   Code   RO         9761    i._CursorShow       emXGUI100_MDK_M7.lib(gl_cursor.o)
    0x0800f42c   0x0000027c   Code   RO        10072    i._DrawArc          emXGUI100_MDK_M7.lib(gd_arc.o)
    0x0800f6a8   0x00000024   Code   RO         9142    i._DrawChar         emXGUI100_MDK_M7.lib(gui_font.o)
    0x0800f6cc   0x0000017e   Code   RO         9433    i._DrawRoundRect1   emXGUI100_MDK_M7.lib(gd_rect.o)
    0x0800f84a   0x000000f4   Code   RO         9434    i._DrawRoundRectEx  emXGUI100_MDK_M7.lib(gd_rect.o)
    0x0800f93e   0x0000006a   Code   RO         9457    i._DrawString       emXGUI100_MDK_M7.lib(gd_text.o)
    0x0800f9a8   0x000000fc   Code   RO         8582    i._EraseBackgnd     gui_desktop.o
    0x0800faa4   0x000000a4   Code   RO        10538    i._FillPolygon      emXGUI100_MDK_M7.lib(gd_polygon.o)
    0x0800fb48   0x000001a4   Code   RO        10127    i._FlushLine        emXGUI100_MDK_M7.lib(gui_aa_core.o)
    0x0800fcec   0x0000001e   Code   RO        10166    i._GetARGB          emXGUI100_MDK_M7.lib(surface_argb8888.o)
    0x0800fd0a   0x00000024   Code   RO        10189    i._GetARGB          emXGUI100_MDK_M7.lib(surface_rgb332.o)
    0x0800fd2e   0x0000002a   Code   RO        10212    i._GetARGB          emXGUI100_MDK_M7.lib(surface_rgb565.o)
    0x0800fd58   0x0000001e   Code   RO        10235    i._GetARGB          emXGUI100_MDK_M7.lib(surface_xrgb8888.o)
    0x0800fd76   0x0000005a   Code   RO         9615    i._GetCaptionRect   emXGUI100_MDK_M7.lib(gui_window.o)
    0x0800fdd0   0x00000054   Code   RO         9617    i._GetCloseBoxRect  emXGUI100_MDK_M7.lib(gui_window.o)
    0x0800fe24   0x0000000a   Code   RO         9144    i._GetFontInfo      emXGUI100_MDK_M7.lib(gui_font.o)
    0x0800fe2e   0x00000010   Code   RO        10167    i._GetRGB           emXGUI100_MDK_M7.lib(surface_argb8888.o)
    0x0800fe3e   0x00000018   Code   RO        10190    i._GetRGB           emXGUI100_MDK_M7.lib(surface_rgb332.o)
    0x0800fe56   0x00000022   Code   RO        10213    i._GetRGB           emXGUI100_MDK_M7.lib(surface_rgb565.o)
    0x0800fe78   0x00000010   Code   RO        10236    i._GetRGB           emXGUI100_MDK_M7.lib(surface_xrgb8888.o)
    0x0800fe88   0x00000076   Code   RO         9619    i._GetWindow        emXGUI100_MDK_M7.lib(gui_window.o)
    0x0800fefe   0x000000a2   Code   RO         9620    i._GetWindowClipRgn  emXGUI100_MDK_M7.lib(gui_window.o)
    0x0800ffa0   0x0000009a   Code   RO         9621    i._GetWindowFromPoint  emXGUI100_MDK_M7.lib(gui_window.o)
    0x0801003a   0x00000012   Code   RO         9622    i._GetWindowRect    emXGUI100_MDK_M7.lib(gui_window.o)
    0x0801004c   0x000000e8   Code   RO         9623    i._HideWindow       emXGUI100_MDK_M7.lib(gui_window.o)
    0x08010134   0x0000001e   Code   RO         9321    i._InflateRect      emXGUI100_MDK_M7.lib(gui_region.o)
    0x08010152   0x00000002   PAD
    0x08010154   0x00000138   Code   RO         9624    i._InitWindow       emXGUI100_MDK_M7.lib(gui_window.o)
    0x0801028c   0x00000114   Code   RO         9625    i._InsertInvRect    emXGUI100_MDK_M7.lib(gui_window.o)
    0x080103a0   0x00000072   Code   RO         9322    i._IntersectRect    emXGUI100_MDK_M7.lib(gui_region.o)
    0x08010412   0x0000000c   Code   RO         9626    i._IsChild          emXGUI100_MDK_M7.lib(gui_window.o)
    0x0801041e   0x0000000e   Code   RO        10128    i._IsEnableAA       emXGUI100_MDK_M7.lib(gui_aa_core.o)
    0x0801042c   0x0000003e   Code   RO         9323    i._IsIntersectRect  emXGUI100_MDK_M7.lib(gui_region.o)
    0x0801046a   0x0000001c   Code   RO         9631    i._IsWindowVisible  emXGUI100_MDK_M7.lib(gui_window.o)
    0x08010486   0x00000040   Code   RO         9215    i._LPtoDP           emXGUI100_MDK_M7.lib(gui_gdi.o)
    0x080104c6   0x0000000e   Code   RO        10168    i._MapARGB          emXGUI100_MDK_M7.lib(surface_argb8888.o)
    0x080104d4   0x00000010   Code   RO        10191    i._MapARGB          emXGUI100_MDK_M7.lib(surface_rgb332.o)
    0x080104e4   0x00000010   Code   RO        10214    i._MapARGB          emXGUI100_MDK_M7.lib(surface_rgb565.o)
    0x080104f4   0x0000000e   Code   RO        10237    i._MapARGB          emXGUI100_MDK_M7.lib(surface_xrgb8888.o)
    0x08010502   0x0000000e   Code   RO        10169    i._MapRGB           emXGUI100_MDK_M7.lib(surface_argb8888.o)
    0x08010510   0x00000010   Code   RO        10192    i._MapRGB           emXGUI100_MDK_M7.lib(surface_rgb332.o)
    0x08010520   0x00000010   Code   RO        10215    i._MapRGB           emXGUI100_MDK_M7.lib(surface_rgb565.o)
    0x08010530   0x0000000a   Code   RO        10238    i._MapRGB           emXGUI100_MDK_M7.lib(surface_xrgb8888.o)
    0x0801053a   0x0000001c   Code   RO        10170    i._MapRGB332        emXGUI100_MDK_M7.lib(surface_argb8888.o)
    0x08010556   0x00000002   Code   RO        10193    i._MapRGB332        emXGUI100_MDK_M7.lib(surface_rgb332.o)
    0x08010558   0x0000001e   Code   RO        10216    i._MapRGB332        emXGUI100_MDK_M7.lib(surface_rgb565.o)
    0x08010576   0x00000018   Code   RO        10239    i._MapRGB332        emXGUI100_MDK_M7.lib(surface_xrgb8888.o)
    0x0801058e   0x0000001e   Code   RO        10171    i._MapRGB565        emXGUI100_MDK_M7.lib(surface_argb8888.o)
    0x080105ac   0x00000016   Code   RO        10194    i._MapRGB565        emXGUI100_MDK_M7.lib(surface_rgb332.o)
    0x080105c2   0x00000002   Code   RO        10217    i._MapRGB565        emXGUI100_MDK_M7.lib(surface_rgb565.o)
    0x080105c4   0x0000001a   Code   RO        10240    i._MapRGB565        emXGUI100_MDK_M7.lib(surface_xrgb8888.o)
    0x080105de   0x0000001c   Code   RO        10172    i._MapXRGB1555      emXGUI100_MDK_M7.lib(surface_argb8888.o)
    0x080105fa   0x00000016   Code   RO        10195    i._MapXRGB1555      emXGUI100_MDK_M7.lib(surface_rgb332.o)
    0x08010610   0x00000018   Code   RO        10218    i._MapXRGB1555      emXGUI100_MDK_M7.lib(surface_rgb565.o)
    0x08010628   0x00000018   Code   RO        10241    i._MapXRGB1555      emXGUI100_MDK_M7.lib(surface_xrgb8888.o)
    0x08010640   0x0000001c   Code   RO        10173    i._MapXRGB4444      emXGUI100_MDK_M7.lib(surface_argb8888.o)
    0x0801065c   0x00000016   Code   RO        10196    i._MapXRGB4444      emXGUI100_MDK_M7.lib(surface_rgb332.o)
    0x08010672   0x00000018   Code   RO        10219    i._MapXRGB4444      emXGUI100_MDK_M7.lib(surface_rgb565.o)
    0x0801068a   0x00000018   Code   RO        10242    i._MapXRGB4444      emXGUI100_MDK_M7.lib(surface_xrgb8888.o)
    0x080106a2   0x00000006   Code   RO        10174    i._MapXRGB8888      emXGUI100_MDK_M7.lib(surface_argb8888.o)
    0x080106a8   0x00000016   Code   RO        10197    i._MapXRGB8888      emXGUI100_MDK_M7.lib(surface_rgb332.o)
    0x080106be   0x00000016   Code   RO        10220    i._MapXRGB8888      emXGUI100_MDK_M7.lib(surface_rgb565.o)
    0x080106d4   0x00000002   Code   RO        10243    i._MapXRGB8888      emXGUI100_MDK_M7.lib(surface_xrgb8888.o)
    0x080106d6   0x0000000e   Code   RO         9324    i._OffsetRect       emXGUI100_MDK_M7.lib(gui_region.o)
    0x080106e4   0x00000046   Code   RO         9632    i._OffsetWindowRect  emXGUI100_MDK_M7.lib(gui_window.o)
    0x0801072a   0x0000003a   Code   RO         9326    i._PosInRgn         emXGUI100_MDK_M7.lib(gui_region.o)
    0x08010764   0x00000058   Code   RO         9500    i._PostFlushMessage  emXGUI100_MDK_M7.lib(gui_message.o)
    0x080107bc   0x0000002a   Code   RO         9502    i._PostNCPaintMessage  emXGUI100_MDK_M7.lib(gui_message.o)
    0x080107e6   0x00000020   Code   RO         9503    i._PostPaintMessage  emXGUI100_MDK_M7.lib(gui_message.o)
    0x08010806   0x0000002a   Code   RO         9327    i._PtInRect         emXGUI100_MDK_M7.lib(gui_region.o)
    0x08010830   0x00000136   Code   RO         9633    i._RedrawWindow     emXGUI100_MDK_M7.lib(gui_window.o)
    0x08010966   0x0000002e   Code   RO         9634    i._ScreenToClient   emXGUI100_MDK_M7.lib(gui_window.o)
    0x08010994   0x0000002e   Code   RO         9635    i._ScreenToWindow   emXGUI100_MDK_M7.lib(gui_window.o)
    0x080109c2   0x00000032   Code   RO         9636    i._SendMessage_WM_MOVE_AllChild  emXGUI100_MDK_M7.lib(gui_window.o)
    0x080109f4   0x00000032   Code   RO         9637    i._SendMessage_WM_SIZE_AllChild  emXGUI100_MDK_M7.lib(gui_window.o)
    0x08010a26   0x0000004a   Code   RO         9217    i._SetDrawRect      emXGUI100_MDK_M7.lib(gui_gdi.o)
    0x08010a70   0x0000000c   Code   RO         9329    i._SetRectEmpty     emXGUI100_MDK_M7.lib(gui_region.o)
    0x08010a7c   0x0000008c   Code   RO         9638    i._SetWindowClipFlag  emXGUI100_MDK_M7.lib(gui_window.o)
    0x08010b08   0x00000338   Code   RO         9640    i._SetWindowPos     emXGUI100_MDK_M7.lib(gui_window.o)
    0x08010e40   0x0000009a   Code   RO         9641    i._SetWindowSize    emXGUI100_MDK_M7.lib(gui_window.o)
    0x08010eda   0x00000002   PAD
    0x08010edc   0x00000054   Code   RO         9642    i._SetWindowToTop   emXGUI100_MDK_M7.lib(gui_window.o)
    0x08010f30   0x00000040   Code   RO         9643    i._ShowWindow       emXGUI100_MDK_M7.lib(gui_window.o)
    0x08010f70   0x00000002   Code   RO        10175    i._ToARGB           emXGUI100_MDK_M7.lib(surface_argb8888.o)
    0x08010f72   0x0000001c   Code   RO        10198    i._ToARGB           emXGUI100_MDK_M7.lib(surface_rgb332.o)
    0x08010f8e   0x0000001e   Code   RO        10221    i._ToARGB           emXGUI100_MDK_M7.lib(surface_rgb565.o)
    0x08010fac   0x00000002   Code   RO        10244    i._ToARGB           emXGUI100_MDK_M7.lib(surface_xrgb8888.o)
    0x08010fae   0x00000002   PAD
    0x08010fb0   0x00000078   Code   RO         9644    i._WindowCleanup    emXGUI100_MDK_M7.lib(gui_window.o)
    0x08011028   0x0000002a   Code   RO         9645    i._WindowToScreen   emXGUI100_MDK_M7.lib(gui_window.o)
    0x08011052   0x00000002   PAD
    0x08011054   0x000001c4   Code   RO        10084    i._Wu_DrawBoldLine  emXGUI100_MDK_M7.lib(gd_line.o)
    0x08011218   0x0000013c   Code   RO        10085    i._Wu_DrawLine      emXGUI100_MDK_M7.lib(gd_line.o)
    0x08011354   0x00000020   Code   RO        10917    i.__0printf$8       mc_w.l(printf8.o)
    0x08011374   0x00000028   Code   RO        10919    i.__0sprintf$8      mc_w.l(printf8.o)
    0x0801139c   0x00000030   Code   RO        11112    i.__ARM_fpclassify  m_wv.l(fpclassify.o)
    0x080113cc   0x00000020   Code   RO          590    i.__NVIC_SetPriority  stm32h7xx_hal_cortex.o
    0x080113ec   0x000000f2   Code   RO        10359    i.__blend_argb      emXGUI100_MDK_M7.lib(gl_mem_16bpp.o)
    0x080114de   0x000000f2   Code   RO        10422    i.__blend_argb      emXGUI100_MDK_M7.lib(gl_mem_32bpp.o)
    0x080115d0   0x0000003e   Code   RO         9410    i.__create_font     emXGUI100_MDK_M7.lib(gui_font_xft.o)
    0x0801160e   0x0000000a   Code   RO         9411    i.__delete_font     emXGUI100_MDK_M7.lib(gui_font_xft.o)
    0x08011618   0x00000120   Code   RO         9412    i.__draw_char       emXGUI100_MDK_M7.lib(gui_font_xft.o)
    0x08011738   0x00000080   Code   RO         9413    i.__get_char_info   emXGUI100_MDK_M7.lib(gui_font_xft.o)
    0x080117b8   0x0000000c   Code   RO         9414    i.__get_font_info   emXGUI100_MDK_M7.lib(gui_font_xft.o)
    0x080117c4   0x00000004   PAD
    0x080117c8   0x000000f0   Code   RO        10653    i.__hardfp_ceil     m_wv.l(ceil.o)
    0x080118b8   0x000000b0   Code   RO        10659    i.__hardfp_cos      m_wv.l(cos.o)
    0x08011968   0x000000f0   Code   RO        10671    i.__hardfp_floor    m_wv.l(floor.o)
    0x08011a58   0x000000b0   Code   RO        10677    i.__hardfp_sin      m_wv.l(sin.o)
    0x08011b08   0x00000310   Code   RO        11056    i.__ieee754_rem_pio2  m_wv.l(rred.o)
    0x08011e18   0x000000e0   Code   RO        11039    i.__kernel_cos      m_wv.l(cos_i.o)
    0x08011ef8   0x00000070   Code   RO        11114    i.__kernel_poly     m_wv.l(poly.o)
    0x08011f68   0x000000a8   Code   RO        11061    i.__kernel_sin      m_wv.l(sin_i.o)
    0x08012010   0x00000018   Code   RO        11045    i.__mathlib_dbl_invalid  m_wv.l(dunder.o)
    0x08012028   0x00000018   Code   RO        11048    i.__mathlib_dbl_underflow  m_wv.l(dunder.o)
    0x08012040   0x0000000e   Code   RO        11120    i.__scatterload_copy  mc_w.l(handlers.o)
    0x0801204e   0x00000002   Code   RO        11121    i.__scatterload_null  mc_w.l(handlers.o)
    0x08012050   0x0000000e   Code   RO        11122    i.__scatterload_zeroinit  mc_w.l(handlers.o)
    0x0801205e   0x00000002   PAD
    0x08012060   0x0000000c   Code   RO        11094    i.__set_errno       mc_w.l(errno.o)
    0x0801206c   0x00000410   Code   RO        10924    i._printf_core      mc_w.l(printf8.o)
    0x0801247c   0x00000024   Code   RO        10925    i._printf_post_padding  mc_w.l(printf8.o)
    0x080124a0   0x0000002e   Code   RO        10926    i._printf_pre_padding  mc_w.l(printf8.o)
    0x080124ce   0x0000000a   Code   RO        10928    i._sputc            mc_w.l(printf8.o)
    0x080124d8   0x00000010   Code   RO        10655    i.ceil              m_wv.l(ceil.o)
    0x080124e8   0x00000080   Code   RO         8715    i.check_fs          ff.o
    0x08012568   0x000000ec   Code   RO         7774    i.cm_backtrace_call_stack  cm_backtrace.o
    0x08012654   0x00000274   Code   RO         7775    i.cm_backtrace_fault  cm_backtrace.o
    0x080128c8   0x0000002c   Code   RO         7776    i.cm_backtrace_firmware_info  cm_backtrace.o
    0x080128f4   0x0000005c   Code   RO         7777    i.cm_backtrace_init  cm_backtrace.o
    0x08012950   0x00000010   Code   RO        10661    i.cos               m_wv.l(cos.o)
    0x08012960   0x000000a0   Code   RO         8583    i.desktop_proc      gui_desktop.o
    0x08012a00   0x00000020   Code   RO         8626    i.disk_initialize   diskio.o
    0x08012a20   0x0000005c   Code   RO         8627    i.disk_ioctl        diskio.o
    0x08012a7c   0x00000094   Code   RO         8628    i.disk_read         diskio.o
    0x08012b10   0x00000028   Code   RO         8629    i.disk_status       diskio.o
    0x08012b38   0x00000090   Code   RO         8630    i.disk_write        diskio.o
    0x08012bc8   0x000000fc   Code   RO        10262    i.draw_window_frame  emXGUI100_MDK_M7.lib(gui_face.o)
    0x08012cc4   0x000000c8   Code   RO         7778    i.dump_stack        cm_backtrace.o
    0x08012d8c   0x00000574   Code   RO         8736    i.f_mkfs            ff.o
    0x08013300   0x00000054   Code   RO         8737    i.f_mount           ff.o
    0x08013354   0x00000018   Code   RO        11108    i.fabs              m_wv.l(fabs.o)
    0x0801336c   0x00000240   Code   RO         7779    i.fault_diagnosis   cm_backtrace.o
    0x080135ac   0x00000058   Code   RO         9062    i.ff_convert        cc936.o
    0x08013604   0x0000033c   Code   RO         8752    i.find_volume       ff.o
    0x08013940   0x00000010   Code   RO        10673    i.floor             m_wv.l(floor.o)
    0x08013950   0x00000018   Code   RO         6188    i.fputc             bsp_usart.o
    0x08013968   0x00000050   Code   RO        10971    i.free              mc_w.l(malloc.o)
    0x080139b8   0x0000005a   Code   RO         9435    i.gdDraw3DRect      emXGUI100_MDK_M7.lib(gd_rect.o)
    0x08013a12   0x0000024a   Code   RO        10541    i.gdFillPolygon     emXGUI100_MDK_M7.lib(gd_polygon.o)
    0x08013c5c   0x00000120   Code   RO         9438    i.gdFillRect        emXGUI100_MDK_M7.lib(gd_rect.o)
    0x08013d7c   0x000001b8   Code   RO         9439    i.gdFillRoundRect   emXGUI100_MDK_M7.lib(gd_rect.o)
    0x08013f34   0x00000136   Code   RO        10086    i.gdHLine           emXGUI100_MDK_M7.lib(gd_line.o)
    0x0801406a   0x00000110   Code   RO        10087    i.gdLine            emXGUI100_MDK_M7.lib(gd_line.o)
    0x0801417a   0x000000a2   Code   RO        10112    i.gdSetPixel        emXGUI100_MDK_M7.lib(gd_pixel.o)
    0x0801421c   0x00000076   Code   RO        10113    i.gdSetPixelARGB    emXGUI100_MDK_M7.lib(gd_pixel.o)
    0x08014292   0x00000134   Code   RO        10090    i.gdVLine           emXGUI100_MDK_M7.lib(gd_line.o)
    0x080143c6   0x00000004   Code   RO         7780    i.get_cur_thread_name  cm_backtrace.o
    0x080143ca   0x00000002   PAD
    0x080143cc   0x0000007c   Code   RO         7781    i.get_cur_thread_stack_info  cm_backtrace.o
    0x08014448   0x00000008   Code   RO         8631    i.get_fattime       diskio.o
    0x08014450   0x00000042   Code   RO         8758    i.get_ldnumber      ff.o
    0x08014492   0x0000000c   Code   RO         8584    i.gui_app_thread    gui_desktop.o
    0x0801449e   0x00000002   PAD
    0x080144a0   0x00000040   Code   RO         6396    i.i2c_Ack           bsp_i2c_touch.o
    0x080144e0   0x0000000c   Code   RO         6397    i.i2c_Delay         bsp_i2c_touch.o
    0x080144ec   0x00000038   Code   RO         6398    i.i2c_NAck          bsp_i2c_touch.o
    0x08014524   0x00000048   Code   RO         6399    i.i2c_ReadByte      bsp_i2c_touch.o
    0x0801456c   0x00000064   Code   RO         6400    i.i2c_SendByte      bsp_i2c_touch.o
    0x080145d0   0x00000040   Code   RO         6401    i.i2c_Start         bsp_i2c_touch.o
    0x08014610   0x00000030   Code   RO         6402    i.i2c_Stop          bsp_i2c_touch.o
    0x08014640   0x00000048   Code   RO         6403    i.i2c_WaitAck       bsp_i2c_touch.o
    0x08014688   0x00000034   Code   RO         5967    i.main              main.o
    0x080146bc   0x0000006c   Code   RO        10972    i.malloc            mc_w.l(malloc.o)
    0x08014728   0x00000012   Code   RO         8761    i.mem_cpy           ff.o
    0x0801473a   0x00000010   Code   RO         8762    i.mem_set           ff.o
    0x0801474a   0x0000000e   Code   RO         9774    i.min_size_aligned  x_libc_MDK_M7.lib(x_heap.o)
    0x08014758   0x0000003a   Code   RO         8763    i.move_window       ff.o
    0x08014792   0x00000056   Code   RO         9775    i.plug_holes        x_libc_MDK_M7.lib(x_heap.o)
    0x080147e8   0x00000094   Code   RO         7782    i.print_call_stack  cm_backtrace.o
    0x0801487c   0x00000070   Code   RO         7266    i.prvAddCurrentTaskToDelayedList  tasks.o
    0x080148ec   0x00000088   Code   RO         7267    i.prvAddNewTaskToReadyList  tasks.o
    0x08014974   0x00000054   Code   RO         7268    i.prvCheckTasksWaitingTermination  tasks.o
    0x080149c8   0x00000028   Code   RO         7077    i.prvCopyDataFromQueue  queue.o
    0x080149f0   0x0000006e   Code   RO         7078    i.prvCopyDataToQueue  queue.o
    0x08014a5e   0x00000014   Code   RO         7269    i.prvDeleteTCB      tasks.o
    0x08014a72   0x00000002   PAD
    0x08014a74   0x0000004c   Code   RO         7622    i.prvHeapInit       heap_4.o
    0x08014ac0   0x00000028   Code   RO         7270    i.prvIdleTask       tasks.o
    0x08014ae8   0x00000018   Code   RO         7079    i.prvInitialiseMutex  queue.o
    0x08014b00   0x00000018   Code   RO         7080    i.prvInitialiseNewQueue  queue.o
    0x08014b18   0x000000c0   Code   RO         7271    i.prvInitialiseNewTask  tasks.o
    0x08014bd8   0x00000058   Code   RO         7272    i.prvInitialiseTaskLists  tasks.o
    0x08014c30   0x00000054   Code   RO         7623    i.prvInsertBlockIntoFreeList  heap_4.o
    0x08014c84   0x0000001a   Code   RO         7081    i.prvIsQueueEmpty   queue.o
    0x08014c9e   0x0000001e   Code   RO         7082    i.prvIsQueueFull    queue.o
    0x08014cbc   0x00000024   Code   RO         7273    i.prvResetNextTaskUnblockTime  tasks.o
    0x08014ce0   0x0000006c   Code   RO         7684    i.prvTaskExitError  port.o
    0x08014d4c   0x0000006a   Code   RO         7083    i.prvUnlockQueue    queue.o
    0x08014db6   0x00000002   PAD
    0x08014db8   0x0000010c   Code   RO         7624    i.pvPortMalloc      heap_4.o
    0x08014ec4   0x00000018   Code   RO         7275    i.pvTaskIncrementMutexHeldCount  tasks.o
    0x08014edc   0x00000024   Code   RO         7685    i.pxPortInitialiseStack  port.o
    0x08014f00   0x00000010   Code   RO        10679    i.sin               m_wv.l(sin.o)
    0x08014f10   0x0000000e   Code   RO         9776    i.sizeof_struct_mem  x_libc_MDK_M7.lib(x_heap.o)
    0x08014f1e   0x00000002   PAD
    0x08014f20   0x00000250   Code   RO        10091    i.solid_line        emXGUI100_MDK_M7.lib(gd_line.o)
    0x08015170   0x0000001c   Code   RO         7783    i.statck_del_fpu_regs  cm_backtrace.o
    0x0801518c   0x00000054   Code   RO         8771    i.sync_window       ff.o
    0x080151e0   0x00000024   Code   RO         7028    i.uxListRemove      list.o
    0x08015204   0x00000016   Code   RO         7029    i.vListInitialise   list.o
    0x0801521a   0x00000006   Code   RO         7030    i.vListInitialiseItem  list.o
    0x08015220   0x00000030   Code   RO         7031    i.vListInsert       list.o
    0x08015250   0x00000018   Code   RO         7032    i.vListInsertEnd    list.o
    0x08015268   0x00000080   Code   RO         7687    i.vPortEnterCritical  port.o
    0x080152e8   0x0000006c   Code   RO         7688    i.vPortExitCritical  port.o
    0x08015354   0x0000009c   Code   RO         7625    i.vPortFree         heap_4.o
    0x080153f0   0x00000020   Code   RO         7689    i.vPortSetupTimerInterrupt  port.o
    0x08015410   0x00000050   Code   RO         7088    i.vQueueDelete      queue.o
    0x08015460   0x00000028   Code   RO         7089    i.vQueueUnregisterQueue  queue.o
    0x08015488   0x00000078   Code   RO         7281    i.vTaskDelay        tasks.o
    0x08015500   0x0000000c   Code   RO         7285    i.vTaskMissedYield  tasks.o
    0x0801550c   0x0000000c   Code   RO         7286    i.vTaskName         tasks.o
    0x08015518   0x00000060   Code   RO         7288    i.vTaskPlaceOnEventList  tasks.o
    0x08015578   0x00000088   Code   RO         7290    i.vTaskPriorityInherit  tasks.o
    0x08015600   0x00000050   Code   RO         7293    i.vTaskSetTimeOutState  tasks.o
    0x08015650   0x0000000c   Code   RO         7294    i.vTaskStackAddr    tasks.o
    0x0801565c   0x0000000c   Code   RO         7295    i.vTaskStackSize    tasks.o
    0x08015668   0x00000098   Code   RO         7296    i.vTaskStartScheduler  tasks.o
    0x08015700   0x00000010   Code   RO         7298    i.vTaskSuspendAll   tasks.o
    0x08015710   0x00000088   Code   RO         7299    i.vTaskSwitchContext  tasks.o
    0x08015798   0x000000e4   Code   RO         7691    i.xPortStartScheduler  port.o
    0x0801587c   0x00000030   Code   RO         7692    i.xPortSysTickHandler  port.o
    0x080158ac   0x00000064   Code   RO         7090    i.xQueueCreateCountingSemaphore  queue.o
    0x08015910   0x00000018   Code   RO         7091    i.xQueueCreateMutex  queue.o
    0x08015928   0x0000006c   Code   RO         7092    i.xQueueGenericCreate  queue.o
    0x08015994   0x000001a8   Code   RO         7093    i.xQueueGenericReceive  queue.o
    0x08015b3c   0x000000b4   Code   RO         7094    i.xQueueGenericReset  queue.o
    0x08015bf0   0x00000180   Code   RO         7095    i.xQueueGenericSend  queue.o
    0x08015d70   0x00000068   Code   RO         7098    i.xQueueGiveMutexRecursive  queue.o
    0x08015dd8   0x00000070   Code   RO         7103    i.xQueueTakeMutexRecursive  queue.o
    0x08015e48   0x00000098   Code   RO         7300    i.xTaskCheckForTimeOut  tasks.o
    0x08015ee0   0x00000060   Code   RO         7301    i.xTaskCreate       tasks.o
    0x08015f40   0x0000000c   Code   RO         7304    i.xTaskGetCurrentTaskHandle  tasks.o
    0x08015f4c   0x0000001c   Code   RO         7305    i.xTaskGetSchedulerState  tasks.o
    0x08015f68   0x0000000c   Code   RO         7306    i.xTaskGetTickCount  tasks.o
    0x08015f74   0x000000f4   Code   RO         7308    i.xTaskIncrementTick  tasks.o
    0x08016068   0x000000bc   Code   RO         7311    i.xTaskPriorityDisinherit  tasks.o
    0x08016124   0x000000a4   Code   RO         7312    i.xTaskRemoveFromEventList  tasks.o
    0x080161c8   0x000000f4   Code   RO         7314    i.xTaskResumeAll    tasks.o
    0x080162bc   0x0000012a   Code   RO         9777    i.x_heap_alloc      x_libc_MDK_M7.lib(x_heap.o)
    0x080163e6   0x00000048   Code   RO         9778    i.x_heap_free       x_libc_MDK_M7.lib(x_heap.o)
    0x0801642e   0x00000078   Code   RO         9779    i.x_heap_init       x_libc_MDK_M7.lib(x_heap.o)
    0x080164a6   0x00000010   Data   RO           15    .constdata          system_stm32h7xx.o
    0x080164b6   0x00000018   Data   RO         4879    .constdata          stm32h7xx_hal_uart.o
    0x080164ce   0x00000024   Data   RO         6294    .constdata          bsp_lcd.o
    0x080164f2   0x00000002   PAD
    0x080164f4   0x00000294   Data   RO         6529    .constdata          bsp_touch_gtxx.o
    0x08016788   0x000000f8   Data   RO         7785    .constdata          cm_backtrace.o
    0x08016880   0x00005af8   Data   RO         8141    .constdata          ascii_16_4bpp.o
    0x0801c378   0x00009db8   Data   RO         8155    .constdata          ascii_24_4bpp.o
    0x08026130   0x00000018   Data   RO         8173    .constdata          gui_font_port.o
    0x08026148   0x0000003a   Data   RO         8774    .constdata          ff.o
    0x08026182   0x0002acc8   Data   RO         9064    .constdata          cc936.o
    0x08050e4a   0x00000002   PAD
    0x08050e4c   0x00000014   Data   RO         9417    .constdata          emXGUI100_MDK_M7.lib(gui_font_xft.o)
    0x08050e60   0x00000140   Data   RO         9763    .constdata          emXGUI100_MDK_M7.lib(gl_cursor.o)
    0x08050fa0   0x00000044   Data   RO        10092    .constdata          emXGUI100_MDK_M7.lib(gd_line.o)
    0x08050fe4   0x00000034   Data   RO        10150    .constdata          emXGUI100_MDK_M7.lib(surface_argb4444.o)
    0x08051018   0x00000034   Data   RO        10176    .constdata          emXGUI100_MDK_M7.lib(surface_argb8888.o)
    0x0805104c   0x00000034   Data   RO        10199    .constdata          emXGUI100_MDK_M7.lib(surface_rgb332.o)
    0x08051080   0x00000034   Data   RO        10222    .constdata          emXGUI100_MDK_M7.lib(surface_rgb565.o)
    0x080510b4   0x00000034   Data   RO        10245    .constdata          emXGUI100_MDK_M7.lib(surface_xrgb8888.o)
    0x080510e8   0x00000014   Data   RO        10360    .constdata          emXGUI100_MDK_M7.lib(gl_mem_16bpp.o)
    0x080510fc   0x00000014   Data   RO        10423    .constdata          emXGUI100_MDK_M7.lib(gl_mem_32bpp.o)
    0x08051110   0x00000030   Data   RO        11040    .constdata          m_wv.l(cos_i.o)
    0x08051140   0x000000c8   Data   RO        11058    .constdata          m_wv.l(rred.o)
    0x08051208   0x00000028   Data   RO        11062    .constdata          m_wv.l(sin_i.o)
    0x08051230   0x000000a1   Data   RO         6546    .conststring        bsp_touch_gtxx.o
    0x080512d1   0x00000003   PAD
    0x080512d4   0x00000815   Data   RO         7786    .conststring        cm_backtrace.o
    0x08051ae9   0x00000003   PAD
    0x08051aec   0x00000027   Data   RO         8174    .conststring        gui_font_port.o
    0x08051b13   0x00000001   PAD
    0x08051b14   0x00000020   Data   RO        11118    Region$$Table       anon$$obj.o


    Execution Region RW_IRAM1 (Base: 0x20000000, Size: 0x00000000, Max: 0x00020000, ABSOLUTE)

    **** No section assigned to this execution region ****


    Execution Region RW_IRAM2 (Base: 0x24000000, Size: 0x00010b70, Max: 0x00080000, ABSOLUTE, COMPRESSED[0x0000001c])

    Base Addr    Size         Type   Attr      Idx    E Section Name        Object

    0x24000000   0x00000004   Data   RW           16    .data               system_stm32h7xx.o
    0x24000004   0x00000004   Data   RW           17    .data               system_stm32h7xx.o
    0x24000008   0x0000000c   Data   RW          232    .data               stm32h7xx_hal.o
    0x24000014   0x00000001   Data   RW         6295    .data               bsp_lcd.o
    0x24000015   0x00000001   PAD
    0x24000016   0x00000009   Data   RW         6547    .data               bsp_touch_gtxx.o
    0x2400001f   0x00000002   Data   RW         6690    .data               bsp_sdio_sd.o
    0x24000021   0x00000003   PAD
    0x24000024   0x0000003c   Data   RW         7317    .data               tasks.o
    0x24000060   0x00000018   Data   RW         7630    .data               heap_4.o
    0x24000078   0x0000000c   Data   RW         7693    .data               port.o
    0x24000084   0x00000018   Data   RW         7787    .data               cm_backtrace.o
    0x2400009c   0x00000008   Data   RW         8175    .data               gui_font_port.o
    0x240000a4   0x00000004   Data   RW         8291    .data               gui_mem_port.o
    0x240000a8   0x00000004   Data   RW         8440    .data               gui_touch_port.o
    0x240000ac   0x00000004   Data   RW         8509    .data               gui_resource_port.o
    0x240000b0   0x00000004   Data   RW         8585    .data               gui_desktop.o
    0x240000b4   0x00000001   Data   RW         8633    .data               diskio.o
    0x240000b5   0x00000001   PAD
    0x240000b6   0x00000002   Data   RW         8775    .data               ff.o
    0x240000b8   0x00000020   Data   RW         9394    .data               emXGUI100_MDK_M7.lib(x_gui.o)
    0x240000d8   0x00000034   Data   RW         9473    .data               emXGUI100_MDK_M7.lib(gui_input.o)
    0x2400010c   0x00000010   Data   RW         9646    .data               emXGUI100_MDK_M7.lib(gui_window.o)
    0x2400011c   0x00000018   Data   RW         9764    .data               emXGUI100_MDK_M7.lib(gl_cursor.o)
    0x24000134   0x00000004   Data   RW        11081    .data               mc_w.l(stdout.o)
    0x24000138   0x00000004   Data   RW        11090    .data               mc_w.l(mvars.o)
    0x2400013c   0x00000004   Data   RW        11091    .data               mc_w.l(mvars.o)
    0x24000140   0x00000004   Data   RW        11095    .data               mc_w.l(errno.o)
    0x24000144   0x00000080   Zero   RW         6189    .bss                bsp_usart.o
    0x240001c4   0x00000044   Zero   RW         6235    .bss                bsp_sdram.o
    0x24000208   0x00000164   Zero   RW         6293    .bss                bsp_lcd.o
    0x2400036c   0x0000327c   Zero   RW         6688    .bss                bsp_sdio_sd.o
    0x240035e8   0x0000004c   Zero   RW         6800    .bss                bsp_qspi_flash.o
    0x24003634   0x00000050   Zero   RW         7104    .bss                queue.o
    0x24003684   0x000002e4   Zero   RW         7316    .bss                tasks.o
    0x24003968   0x00009000   Zero   RW         7629    .bss                heap_4.o
    0x2400c968   0x00000134   Zero   RW         7784    .bss                cm_backtrace.o
    0x2400ca9c   0x0000001c   Zero   RW         8290    .bss                gui_mem_port.o
    0x2400cab8   0x00001030   Zero   RW         8475    .bss                gui_fs_port.o
    0x2400dae8   0x0000000c   Zero   RW         8773    .bss                ff.o
    0x2400daf4   0x0000295c   Zero   RW         9392    .bss                emXGUI100_MDK_M7.lib(x_gui.o)
    0x24010450   0x00000100   Zero   RW         9472    .bss                emXGUI100_MDK_M7.lib(gui_input.o)
    0x24010550   0x00000020   Zero   RW         9762    .bss                emXGUI100_MDK_M7.lib(gl_cursor.o)
    0x24010570   0x00000200   Zero   RW            2    HEAP                startup_stm32h743xx.o
    0x24010770   0x00000400   Zero   RW            1    STACK               startup_stm32h743xx.o



  Load Region LR$$.ARM.__AT_0xD00BB800 (Base: 0xd00bb800, Size: 0x00000000, Max: 0x03f44800, ABSOLUTE)

    Execution Region ER$$.ARM.__AT_0xD00BB800 (Base: 0xd00bb800, Size: 0x03f44800, Max: 0x03f44800, ABSOLUTE, UNINIT)

    Base Addr    Size         Type   Attr      Idx    E Section Name        Object

    0xd00bb800   0x03f44800   Zero   RW         8289    .ARM.__AT_0xD00BB800  gui_mem_port.o


==============================================================================

Image component sizes


      Code (inc. data)   RO Data    RW Data    ZI Data      Debug   Object Name

         0          0      23288          0          0        608   ascii_16_4bpp.o
         0          0      40376          0          0        608   ascii_24_4bpp.o
      1134         80          0          0          0      11483   bsp_i2c_touch.o
      1420         66         36          1        356      10883   bsp_lcd.o
       128         14          0          0          0       1126   bsp_led.o
       752         42          0          0         76       8119   bsp_qspi_flash.o
       308         38          0          2      12924       4263   bsp_sdio_sd.o
      1988         58          0          0         68       5991   bsp_sdram.o
      2394        708        821          9          0      16324   bsp_touch_gtxx.o
       184         20          0          0        128       2120   bsp_usart.o
        88         10     175304          0          0       2839   cc936.o
      2096        428       2317         24        308      12622   cm_backtrace.o
        12          0          0          0          0        516   cmb_fault.o
        64         18          0          0          0       1189   core_delay.o
       536         58          0          1          0      43815   diskio.o
         0          0          0          0          0       1464   event_groups.o
      2678         90         58          2         12      17583   ff.o
         4          0          0          0          0      28792   gui_arch.o
       568        148          0          4          0       3627   gui_desktop.o
        52         16         63          8          0       2718   gui_font_port.o
       300        184          0          0       4144       1094   gui_fs_port.o
        20          0          0          0          0      33916   gui_gpu.o
         8          0          0          0          0       1175   gui_input_port.o
       164         46          0          0          0       2391   gui_lcd_port.o
         6          0          0          0          0       1192   gui_log_port.o
       274        134          0          4   66340892       6984   gui_mem_port.o
        28          4          0          4          0       1598   gui_resource_port.o
       518        332          0          0          0       2022   gui_startup.o
       106          4          0          4          0       2603   gui_touch_port.o
       584        138          0         24      36864       4483   heap_4.o
       136          0          0          0          0       3646   list.o
       520        140          0          0          0      48434   main.o
       874        328          0         12          0      10672   port.o
      1916        378          0          0         80      18692   queue.o
        36          8        664          0       1536       1020   startup_stm32h743xx.o
        36          4          0         12          0       1876   stm32h7xx_hal.o
       192         14          0          0          0      38824   stm32h7xx_hal_cortex.o
       518         50          0          0          0       3671   stm32h7xx_hal_gpio.o
       680          4          0          0          0       4030   stm32h7xx_hal_ltdc.o
      1348          8          0          0          0       8707   stm32h7xx_hal_qspi.o
      2424         96          0          0          0       7672   stm32h7xx_hal_rcc.o
      3868        128          0          0          0       9027   stm32h7xx_hal_rcc_ex.o
      2912         50          0          0          0      21286   stm32h7xx_hal_sd.o
       180          6          0          0          0       3752   stm32h7xx_hal_sdram.o
      2538        102         24          0          0      29048   stm32h7xx_hal_uart.o
        70          4          0          0          0      12151   stm32h7xx_it.o
       238          4          0          0          0       3884   stm32h7xx_ll_fmc.o
      1718         66          0          0          0      26880   stm32h7xx_ll_sdmmc.o
       132         18         16          8          0    1235118   system_stm32h7xx.o
      2656        690          0         60        740      33093   tasks.o
       232         48          0          0          0       9431   x_gui_freertos.o

    ----------------------------------------------------------------------
     39680       4782     243010        184   66398128    1765062   Object Totals
         0          0         32          0          0          0   (incl. Generated)
        42          0         11          5          0          0   (incl. Padding)

    ----------------------------------------------------------------------

      Code (inc. data)   RO Data    RW Data    ZI Data      Debug   Library Member Name

      1172         18          0          0          0        328   gd_arc.o
      3248         48         68          0          0        992   gd_line.o
       284          0          0          0          0        272   gd_pixel.o
       750          0          0          0          0        236   gd_polygon.o
      1802          6          0          0          0        936   gd_rect.o
       824          0          0          0          0        292   gd_text.o
       132          8          0          0          0        100   gl_bitblt_1.o
       868         68        320         24         32        652   gl_cursor.o
      4992        152         20          0          0       2880   gl_mem_16bpp.o
      4592        152         20          0          0       2784   gl_mem_32bpp.o
      3538        136          0          0          0       2384   gl_mem_8bpp.o
       812         16          0          0          0        404   gui_aa_core.o
       994         20          0          0          0        100   gui_bitmap.o
       302          0          0          0          0        112   gui_blt.o
       208          0          0          0          0        316   gui_core.o
       140         10          0          0          0        376   gui_cursor.o
      1216         18          0          0          0        304   gui_face.o
       436         16          0          0          0        508   gui_font.o
       512          4         20          0          0        508   gui_font_xft.o
       678         34          0          0          0       1288   gui_gdi.o
      1380         50          0         52        256        488   gui_input.o
       788         40          0          0          0        944   gui_libc.o
      1810          0          0          0          0       1252   gui_message.o
      1456          0          0          0          0       1552   gui_region.o
       432          6          0          0          0        324   gui_timer.o
      8574        170          0         16          0       5308   gui_window.o
       350          6         52          0          0        988   surface_argb4444.o
       228          6         52          0          0        772   surface_argb8888.o
       242          6         52          0          0        772   surface_rgb332.o
       272          6         52          0          0        784   surface_rgb565.o
       204          6         52          0          0        772   surface_xrgb8888.o
       956        258          0         32      10588        768   x_gui.o
       256         26          0          0          0        256   ceil.o
       192         18          0          0          0        280   cos.o
       224         42         48          0          0        184   cos_i.o
        48         28          0          0          0        232   dunder.o
        24          0          0          0          0        124   fabs.o
       256         26          0          0          0        256   floor.o
        48          0          0          0          0        124   fpclassify.o
       112          0          0          0          0        116   poly.o
       784        138        200          0          0        172   rred.o
       192         18          0          0          0        284   sin.o
       168         24         40          0          0        196   sin_i.o
        86          0          0          0          0          0   __dczerorl2.o
         0          0          0          0          0          0   entry.o
         0          0          0          0          0          0   entry10a.o
         0          0          0          0          0          0   entry11a.o
         8          4          0          0          0          0   entry2.o
         4          0          0          0          0          0   entry5.o
         0          0          0          0          0          0   entry7b.o
         0          0          0          0          0          0   entry8b.o
         8          4          0          0          0          0   entry9a.o
        12          6          0          4          0         68   errno.o
        30          0          0          0          0          0   handlers.o
        36          8          0          0          0         68   init.o
         0          0          0          0          0          0   iusefp.o
        30          0          0          0          0         68   llshl.o
        36          0          0          0          0         68   llsshr.o
        32          0          0          0          0         68   llushr.o
       188         20          0          0          0        160   malloc.o
        40          0          0          0          0         76   memcpy.o
        36          0          0          0          0        108   memseta.o
         0          0          0          8          0          0   mvars.o
      1204         60          0          0          0        504   printf8.o
         0          0          0          4          0          0   stdout.o
        24          0          0          0          0         76   strncpy.o
        98          0          0          0          0         92   uldiv.o
        20          0          0          0          0         68   cfcmple.o
        20          0          0          0          0         68   cfrcmple.o
        56          0          0          0          0         88   d2f.o
       334          0          0          0          0        148   dadd.o
       222          0          0          0          0        100   ddiv.o
       186          0          0          0          0        176   depilogue.o
        62          0          0          0          0         80   dfixi.o
        50          0          0          0          0         76   dfixui.o
        34          0          0          0          0         76   dflti.o
        26          0          0          0          0         76   dfltui.o
       228          0          0          0          0         96   dmul.o
        46          0          0          0          0         80   dscalb.o
        38          0          0          0          0         68   f2d.o
       176          0          0          0          0        140   fadd.o
       124          0          0          0          0         88   fdiv.o
       110          0          0          0          0        168   fepilogue.o
        50          0          0          0          0         68   ffixi.o
        40          0          0          0          0         68   ffixui.o
        18          0          0          0          0         68   fflti.o
       100          0          0          0          0         76   fmul.o
       604          0          0          0          0       6579   x_heap.o

    ----------------------------------------------------------------------
     50958       1682        996        140      10876      42531   Library Totals
        46          0          0          0          0          0   (incl. Padding)

    ----------------------------------------------------------------------

      Code (inc. data)   RO Data    RW Data    ZI Data      Debug   Library Name

     44192       1260        708        124      10876      30496   emXGUI100_MDK_M7.lib
      2304        320        288          0          0       2224   m_wv.l
      1872        102          0         16          0       1356   mc_w.l
      1940          0          0          0          0       1876   mf_w.l
       604          0          0          0          0       6579   x_libc_MDK_M7.lib

    ----------------------------------------------------------------------
     50958       1682        996        140      10876      42531   Library Totals

    ----------------------------------------------------------------------

==============================================================================


      Code (inc. data)   RO Data    RW Data    ZI Data      Debug   

     90638       6464     244006        324   66409004    1755425   Grand Totals
     90638       6464     244006         28   66409004    1755425   ELF Image Totals (compressed)
     90638       6464     244006         28          0          0   ROM Totals

==============================================================================

    Total RO  Size (Code + RO Data)               334644 ( 326.80kB)
    Total RW  Size (RW Data + ZI Data)          66409328 (64852.86kB)
    Total ROM Size (Code + RO Data + RW Data)     334672 ( 326.83kB)

==============================================================================

